Archive member included to satisfy reference by file (symbol)

c:/ac6/systemworkbench/plugins/fr.ac6.mcu.externaltools.arm-none.win32_1.15.0.201708311556/tools/compiler/bin/../lib/gcc/arm-none-eabi/6.3.1/../../../../arm-none-eabi/lib/thumb/v7e-m/fpv4-sp/hard\libc_nano.a(lib_a-exit.o)
                              c:/ac6/systemworkbench/plugins/fr.ac6.mcu.externaltools.arm-none.win32_1.15.0.201708311556/tools/compiler/bin/../lib/gcc/arm-none-eabi/6.3.1/../../../../arm-none-eabi/lib/thumb/v7e-m/fpv4-sp/hard/crt0.o (exit)
c:/ac6/systemworkbench/plugins/fr.ac6.mcu.externaltools.arm-none.win32_1.15.0.201708311556/tools/compiler/bin/../lib/gcc/arm-none-eabi/6.3.1/../../../../arm-none-eabi/lib/thumb/v7e-m/fpv4-sp/hard\libc_nano.a(lib_a-impure.o)
                              c:/ac6/systemworkbench/plugins/fr.ac6.mcu.externaltools.arm-none.win32_1.15.0.201708311556/tools/compiler/bin/../lib/gcc/arm-none-eabi/6.3.1/../../../../arm-none-eabi/lib/thumb/v7e-m/fpv4-sp/hard\libc_nano.a(lib_a-exit.o) (_global_impure_ptr)
c:/ac6/systemworkbench/plugins/fr.ac6.mcu.externaltools.arm-none.win32_1.15.0.201708311556/tools/compiler/bin/../lib/gcc/arm-none-eabi/6.3.1/../../../../arm-none-eabi/lib/thumb/v7e-m/fpv4-sp/hard\libc_nano.a(lib_a-init.o)
                              c:/ac6/systemworkbench/plugins/fr.ac6.mcu.externaltools.arm-none.win32_1.15.0.201708311556/tools/compiler/bin/../lib/gcc/arm-none-eabi/6.3.1/../../../../arm-none-eabi/lib/thumb/v7e-m/fpv4-sp/hard/crt0.o (__libc_init_array)
c:/ac6/systemworkbench/plugins/fr.ac6.mcu.externaltools.arm-none.win32_1.15.0.201708311556/tools/compiler/bin/../lib/gcc/arm-none-eabi/6.3.1/../../../../arm-none-eabi/lib/thumb/v7e-m/fpv4-sp/hard\libc_nano.a(lib_a-memset.o)
                              c:/ac6/systemworkbench/plugins/fr.ac6.mcu.externaltools.arm-none.win32_1.15.0.201708311556/tools/compiler/bin/../lib/gcc/arm-none-eabi/6.3.1/../../../../arm-none-eabi/lib/thumb/v7e-m/fpv4-sp/hard/crt0.o (memset)
c:/ac6/systemworkbench/plugins/fr.ac6.mcu.externaltools.arm-none.win32_1.15.0.201708311556/tools/compiler/bin/../lib/gcc/arm-none-eabi/6.3.1/../../../../arm-none-eabi/lib/thumb/v7e-m/fpv4-sp/hard\libc_nano.a(lib_a-sprintf.o)
                              Application/User/main.o (sprintf)
c:/ac6/systemworkbench/plugins/fr.ac6.mcu.externaltools.arm-none.win32_1.15.0.201708311556/tools/compiler/bin/../lib/gcc/arm-none-eabi/6.3.1/../../../../arm-none-eabi/lib/thumb/v7e-m/fpv4-sp/hard\libc_nano.a(lib_a-nano-svfprintf.o)
                              c:/ac6/systemworkbench/plugins/fr.ac6.mcu.externaltools.arm-none.win32_1.15.0.201708311556/tools/compiler/bin/../lib/gcc/arm-none-eabi/6.3.1/../../../../arm-none-eabi/lib/thumb/v7e-m/fpv4-sp/hard\libc_nano.a(lib_a-sprintf.o) (_svfprintf_r)
c:/ac6/systemworkbench/plugins/fr.ac6.mcu.externaltools.arm-none.win32_1.15.0.201708311556/tools/compiler/bin/../lib/gcc/arm-none-eabi/6.3.1/../../../../arm-none-eabi/lib/thumb/v7e-m/fpv4-sp/hard\libc_nano.a(lib_a-nano-vfprintf_i.o)
                              c:/ac6/systemworkbench/plugins/fr.ac6.mcu.externaltools.arm-none.win32_1.15.0.201708311556/tools/compiler/bin/../lib/gcc/arm-none-eabi/6.3.1/../../../../arm-none-eabi/lib/thumb/v7e-m/fpv4-sp/hard\libc_nano.a(lib_a-nano-svfprintf.o) (_printf_i)
c:/ac6/systemworkbench/plugins/fr.ac6.mcu.externaltools.arm-none.win32_1.15.0.201708311556/tools/compiler/bin/../lib/gcc/arm-none-eabi/6.3.1/../../../../arm-none-eabi/lib/thumb/v7e-m/fpv4-sp/hard\libc_nano.a(lib_a-memchr.o)
                              c:/ac6/systemworkbench/plugins/fr.ac6.mcu.externaltools.arm-none.win32_1.15.0.201708311556/tools/compiler/bin/../lib/gcc/arm-none-eabi/6.3.1/../../../../arm-none-eabi/lib/thumb/v7e-m/fpv4-sp/hard\libc_nano.a(lib_a-nano-svfprintf.o) (memchr)
c:/ac6/systemworkbench/plugins/fr.ac6.mcu.externaltools.arm-none.win32_1.15.0.201708311556/tools/compiler/bin/../lib/gcc/arm-none-eabi/6.3.1/../../../../arm-none-eabi/lib/thumb/v7e-m/fpv4-sp/hard\libc_nano.a(lib_a-memcpy-stub.o)
                              c:/ac6/systemworkbench/plugins/fr.ac6.mcu.externaltools.arm-none.win32_1.15.0.201708311556/tools/compiler/bin/../lib/gcc/arm-none-eabi/6.3.1/../../../../arm-none-eabi/lib/thumb/v7e-m/fpv4-sp/hard\libc_nano.a(lib_a-nano-svfprintf.o) (memcpy)
c:/ac6/systemworkbench/plugins/fr.ac6.mcu.externaltools.arm-none.win32_1.15.0.201708311556/tools/compiler/bin/../lib/gcc/arm-none-eabi/6.3.1/../../../../arm-none-eabi/lib/thumb/v7e-m/fpv4-sp/hard\libc_nano.a(lib_a-memmove.o)
                              c:/ac6/systemworkbench/plugins/fr.ac6.mcu.externaltools.arm-none.win32_1.15.0.201708311556/tools/compiler/bin/../lib/gcc/arm-none-eabi/6.3.1/../../../../arm-none-eabi/lib/thumb/v7e-m/fpv4-sp/hard\libc_nano.a(lib_a-nano-svfprintf.o) (memmove)
c:/ac6/systemworkbench/plugins/fr.ac6.mcu.externaltools.arm-none.win32_1.15.0.201708311556/tools/compiler/bin/../lib/gcc/arm-none-eabi/6.3.1/../../../../arm-none-eabi/lib/thumb/v7e-m/fpv4-sp/hard\libc_nano.a(lib_a-nano-freer.o)
[...]
Memory Configuration

Name             Origin             Length             Attributes
RAM              0x20000000         0x00010000         xrw
CCMRAM           0x10000000         0x00004000         rw
FLASH            0x08000000         0x00080000         xr
*default*        0x00000000         0xffffffff

Linker script and memory map

LOAD c:/ac6/systemworkbench/plugins/fr.ac6.mcu.externaltools.arm-none.win32_1.15.0.201708311556/tools/compiler/bin/../lib/gcc/arm-none-eabi/6.3.1/thumb/v7e-m/fpv4-sp/hard/crti.o
LOAD c:/ac6/systemworkbench/plugins/fr.ac6.mcu.externaltools.arm-none.win32_1.15.0.201708311556/tools/compiler/bin/../lib/gcc/arm-none-eabi/6.3.1/thumb/v7e-m/fpv4-sp/hard/crtbegin.o
LOAD c:/ac6/systemworkbench/plugins/fr.ac6.mcu.externaltools.arm-none.win32_1.15.0.201708311556/tools/compiler/bin/../lib/gcc/arm-none-eabi/6.3.1/../../../../arm-none-eabi/lib/thumb/v7e-m/fpv4-sp/hard/crt0.o
LOAD Application/SW4STM32/startup_stm32f303xe.o
LOAD Application/User/main.o
LOAD Application/User/stm32f3xx_hal_msp.o
LOAD Application/User/stm32f3xx_it.o
LOAD Drivers/CMSIS/system_stm32f3xx.o
LOAD Drivers/STM32F3xx_HAL_Driver/stm32f3xx_hal.o
LOAD Drivers/STM32F3xx_HAL_Driver/stm32f3xx_hal_can.o
LOAD Drivers/STM32F3xx_HAL_Driver/stm32f3xx_hal_cortex.o
LOAD Drivers/STM32F3xx_HAL_Driver/stm32f3xx_hal_dma.o
LOAD Drivers/STM32F3xx_HAL_Driver/stm32f3xx_hal_flash.o
LOAD Drivers/STM32F3xx_HAL_Driver/stm32f3xx_hal_flash_ex.o
LOAD Drivers/STM32F3xx_HAL_Driver/stm32f3xx_hal_gpio.o
LOAD Drivers/STM32F3xx_HAL_Driver/stm32f3xx_hal_i2c.o
LOAD Drivers/STM32F3xx_HAL_Driver/stm32f3xx_hal_i2c_ex.o
LOAD Drivers/STM32F3xx_HAL_Driver/stm32f3xx_hal_pwr.o
LOAD Drivers/STM32F3xx_HAL_Driver/stm32f3xx_hal_pwr_ex.o
LOAD Drivers/STM32F3xx_HAL_Driver/stm32f3xx_hal_rcc.o
LOAD Drivers/STM32F3xx_HAL_Driver/stm32f3xx_hal_rcc_ex.o
LOAD Drivers/STM32F3xx_HAL_Driver/stm32f3xx_hal_tim.o
LOAD Drivers/STM32F3xx_HAL_Driver/stm32f3xx_hal_tim_ex.o
LOAD Drivers/STM32F3xx_HAL_Driver/stm32f3xx_hal_uart.o
LOAD Drivers/STM32F3xx_HAL_Driver/stm32f3xx_hal_uart_ex.o
LOAD c:/ac6/systemworkbench/plugins/fr.ac6.mcu.externaltools.arm-none.win32_1.15.0.201708311556/tools/compiler/bin/../lib/gcc/arm-none-eabi/6.3.1/../../../../arm-none-eabi/lib/thumb/v7e-m/fpv4-sp/hard\libm.a
START GROUP
LOAD c:/ac6/systemworkbench/plugins/fr.ac6.mcu.externaltools.arm-none.win32_1.15.0.201708311556/tools/compiler/bin/../lib/gcc/arm-none-eabi/6.3.1/thumb/v7e-m/fpv4-sp/hard\libgcc.a
LOAD c:/ac6/systemworkbench/plugins/fr.ac6.mcu.externaltools.arm-none.win32_1.15.0.201708311556/tools/compiler/bin/../lib/gcc/arm-none-eabi/6.3.1/../../../../arm-none-eabi/lib/thumb/v7e-m/fpv4-sp/hard\libc_nano.a
END GROUP
START GROUP
LOAD c:/ac6/systemworkbench/plugins/fr.ac6.mcu.externaltools.arm-none.win32_1.15.0.201708311556/tools/compiler/bin/../lib/gcc/arm-none-eabi/6.3.1/thumb/v7e-m/fpv4-sp/hard\libgcc.a
LOAD c:/ac6/systemworkbench/plugins/fr.ac6.mcu.externaltools.arm-none.win32_1.15.0.201708311556/tools/compiler/bin/../lib/gcc/arm-none-eabi/6.3.1/../../../../arm-none-eabi/lib/thumb/v7e-m/fpv4-sp/hard\libc_nano.a
LOAD c:/ac6/systemworkbench/plugins/fr.ac6.mcu.externaltools.arm-none.win32_1.15.0.201708311556/tools/compiler/bin/../lib/gcc/arm-none-eabi/6.3.1/../../../../arm-none-eabi/lib/thumb/v7e-m/fpv4-sp/hard\libnosys.a
END GROUP
START GROUP
LOAD c:/ac6/systemworkbench/plugins/fr.ac6.mcu.externaltools.arm-none.win32_1.15.0.201708311556/tools/compiler/bin/../lib/gcc/arm-none-eabi/6.3.1/thumb/v7e-m/fpv4-sp/hard\libgcc.a
LOAD c:/ac6/systemworkbench/plugins/fr.ac6.mcu.externaltools.arm-none.win32_1.15.0.201708311556/tools/compiler/bin/../lib/gcc/arm-none-eabi/6.3.1/../../../../arm-none-eabi/lib/thumb/v7e-m/fpv4-sp/hard\libc_nano.a
LOAD c:/ac6/systemworkbench/plugins/fr.ac6.mcu.externaltools.arm-none.win32_1.15.0.201708311556/tools/compiler/bin/../lib/gcc/arm-none-eabi/6.3.1/../../../../arm-none-eabi/lib/thumb/v7e-m/fpv4-sp/hard\libnosys.a
END GROUP
LOAD c:/ac6/systemworkbench/plugins/fr.ac6.mcu.externaltools.arm-none.win32_1.15.0.201708311556/tools/compiler/bin/../lib/gcc/arm-none-eabi/6.3.1/thumb/v7e-m/fpv4-sp/hard/crtend.o
LOAD c:/ac6/systemworkbench/plugins/fr.ac6.mcu.externaltools.arm-none.win32_1.15.0.201708311556/tools/compiler/bin/../lib/gcc/arm-none-eabi/6.3.1/thumb/v7e-m/fpv4-sp/hard/crtn.o
                0x20010000                _estack = 0x20010000
                0x00000200                _Min_Heap_Size = 0x200
                0x00000400                _Min_Stack_Size = 0x400

.isr_vector     0x08000000      0x194
                0x08000000                . = ALIGN (0x4)
 *(.isr_vector)
 .isr_vector    0x08000000      0x194 Application/SW4STM32/startup_stm32f303xe.o
                0x08000000                g_pfnVectors
                0x08000194                . = ALIGN (0x4)

.text           0x080001a0     0x2a24
                0x080001a0                . = ALIGN (0x4)
 *(.text)
 .text          0x080001a0       0x6c c:/ac6/systemworkbench/plugins/fr.ac6.mcu.externaltools.arm-none.win32_1.15.0.201708311556/tools/compiler/bin/../lib/gcc/arm-none-eabi/6.3.1/thumb/v7e-m/fpv4-sp/hard/crtbegin.o
 *fill*         0x0800020c        0x4 
 .text          0x08000210       0xa0 c:/ac6/systemworkbench/plugins/fr.ac6.mcu.externaltools.arm-none.win32_1.15.0.201708311556/tools/compiler/bin/../lib/gcc/arm-none-eabi/6.3.1/../../../../arm-none-eabi/lib/thumb/v7e-m/fpv4-sp/hard\libc_nano.a(lib_a-memchr.o)
                0x08000210                memchr
 *(.text*)
 .text.Reset_Handler
                0x080002b0       0x50 Application/SW4STM32/startup_stm32f303xe.o
                0x080002b0                Reset_Handler
 .text.Default_Handler
                0x08000300        0x2 Application/SW4STM32/startup_stm32f303xe.o
                0x08000300                RTC_Alarm_IRQHandler
                0x08000300                TIM8_TRG_COM_IRQHandler
                0x08000300                TIM8_CC_IRQHandler
                0x08000300                DebugMon_Handler
                0x08000300                SPI4_IRQHandler
                0x08000300                TIM1_CC_IRQHandler
                0x08000300                HardFault_Handler
                0x08000300                USB_HP_IRQHandler
                0x08000300                PVD_IRQHandler
                0x08000300                TAMP_STAMP_IRQHandler
                0x08000300                PendSV_Handler
                0x08000300                NMI_Handler
                0x08000300                EXTI3_IRQHandler
                0x08000300                I2C3_ER_IRQHandler
                0x08000300                USB_HP_CAN_TX_IRQHandler
                0x08000300                EXTI0_IRQHandler
                0x08000300                I2C2_EV_IRQHandler
                0x08000300                FPU_IRQHandler
                0x08000300                TIM1_UP_TIM16_IRQHandler
                0x08000300                UsageFault_Handler
                0x08000300                ADC1_2_IRQHandler
                0x08000300                SPI1_IRQHandler
                0x08000300                CAN_SCE_IRQHandler
                0x08000300                TIM6_DAC_IRQHandler
                0x08000300                TIM8_UP_IRQHandler
                0x08000300                DMA2_Channel2_IRQHandler
                0x08000300                DMA1_Channel4_IRQHandler
                0x08000300                TIM20_TRG_COM_IRQHandler
                0x08000300                USART3_IRQHandler
                0x08000300                DMA1_Channel7_IRQHandler
                0x08000300                UART5_IRQHandler
                0x08000300                ADC3_IRQHandler
                0x08000300                TIM4_IRQHandler
                0x08000300                CAN_RX1_IRQHandler
                0x08000300                DMA2_Channel1_IRQHandler
                0x08000300                I2C1_EV_IRQHandler
                0x08000300                DMA1_Channel6_IRQHandler
                0x08000300                UART4_IRQHandler
                0x08000300                DMA2_Channel4_IRQHandler
                0x08000300                TIM3_IRQHandler
                0x08000300                RCC_IRQHandler
                0x08000300                TIM20_UP_IRQHandler
                0x08000300                DMA1_Channel1_IRQHandler
                0x08000300                Default_Handler
                0x08000300                USBWakeUp_RMP_IRQHandler
                0x08000300                EXTI15_10_IRQHandler
                0x08000300                TIM7_IRQHandler
                0x08000300                I2C3_EV_IRQHandler
                0x08000300                EXTI9_5_IRQHandler
                0x08000300                RTC_WKUP_IRQHandler
                0x08000300                SPI2_IRQHandler
                0x08000300                USB_LP_CAN_RX0_IRQHandler
                0x08000300                MemManage_Handler
                0x08000300                SVC_Handler
                0x08000300                DMA2_Channel5_IRQHandler
                0x08000300                DMA1_Channel5_IRQHandler
                0x08000300                USB_LP_IRQHandler
                0x08000300                EXTI4_IRQHandler
                0x08000300                TIM1_TRG_COM_TIM17_IRQHandler
                0x08000300                DMA1_Channel3_IRQHandler
                0x08000300                ADC4_IRQHandler
                0x08000300                WWDG_IRQHandler
                0x08000300                TIM2_IRQHandler
                0x08000300                COMP7_IRQHandler
                0x08000300                COMP1_2_3_IRQHandler
                0x08000300                EXTI1_IRQHandler
                0x08000300                USART2_IRQHandler
                0x08000300                COMP4_5_6_IRQHandler
                0x08000300                TIM20_BRK_IRQHandler
                0x08000300                I2C2_ER_IRQHandler
                0x08000300                DMA1_Channel2_IRQHandler
                0x08000300                TIM8_BRK_IRQHandler
                0x08000300                FLASH_IRQHandler
                0x08000300                TIM20_CC_IRQHandler
                0x08000300                BusFault_Handler
                0x08000300                USART1_IRQHandler
                0x08000300                SPI3_IRQHandler
                0x08000300                I2C1_ER_IRQHandler
                0x08000300                FMC_IRQHandler
                0x08000300                USBWakeUp_IRQHandler
                0x08000300                DMA2_Channel3_IRQHandler
                0x08000300                EXTI2_TSC_IRQHandler
                0x08000300                TIM1_BRK_TIM15_IRQHandler
 *fill*         0x08000302        0x2 
 .text.MX_GPIO_Init
                0x08000304       0x98 Application/User/main.o
 .text._Error_Handler
                0x0800039c        0x2 Application/User/main.o
                0x0800039c                _Error_Handler
 *fill*         0x0800039e        0x2 
 .text.MX_USART2_UART_Init
                0x080003a0       0x40 Application/User/main.o
 .text.MX_CAN_Init
                0x080003e0       0x48 Application/User/main.o
 .text.SystemClock_Config
                0x08000428       0xa4 Application/User/main.o
                0x08000428                SystemClock_Config
 .text.main     0x080004cc      0x370 Application/User/main.o
                0x080004cc                main
 .text.HAL_MspInit
                0x0800083c       0x7c Application/User/stm32f3xx_hal_msp.o
                0x0800083c                HAL_MspInit
 .text.HAL_CAN_MspInit
                0x080008b8       0x50 Application/User/stm32f3xx_hal_msp.o
                0x080008b8                HAL_CAN_MspInit
 .text.HAL_UART_MspInit
                0x08000908       0x4c Application/User/stm32f3xx_hal_msp.o
                0x08000908                HAL_UART_MspInit
 .text.SysTick_Handler
                0x08000954        0xc Application/User/stm32f3xx_it.o
                0x08000954                SysTick_Handler
 .text.SystemInit
                0x08000960       0x68 Drivers/CMSIS/system_stm32f3xx.o
                0x08000960                SystemInit
 .text.HAL_InitTick
                0x080009c8       0x2c Drivers/STM32F3xx_HAL_Driver/stm32f3xx_hal.o
                0x080009c8                HAL_InitTick
 .text.HAL_Init
                0x080009f4       0x24 Drivers/STM32F3xx_HAL_Driver/stm32f3xx_hal.o
                0x080009f4                HAL_Init
 .text.HAL_IncTick
                0x08000a18       0x10 Drivers/STM32F3xx_HAL_Driver/stm32f3xx_hal.o
                0x08000a18                HAL_IncTick
 .text.HAL_GetTick
                0x08000a28        0xc Drivers/STM32F3xx_HAL_Driver/stm32f3xx_hal.o
                0x08000a28                HAL_GetTick
 .text.HAL_CAN_ConfigFilter
                0x08000a34       0xfe Drivers/STM32F3xx_HAL_Driver/stm32f3xx_hal_can.o
                0x08000a34                HAL_CAN_ConfigFilter
 .text.HAL_CAN_Init
                0x08000b32      0x180 Drivers/STM32F3xx_HAL_Driver/stm32f3xx_hal_can.o
                0x08000b32                HAL_CAN_Init
 .text.HAL_CAN_Receive
                0x08000cb2      0x280 Drivers/STM32F3xx_HAL_Driver/stm32f3xx_hal_can.o
                0x08000cb2                HAL_CAN_Receive
 .text.HAL_CAN_GetState
                0x08000f32        0x6 Drivers/STM32F3xx_HAL_Driver/stm32f3xx_hal_can.o
                0x08000f32                HAL_CAN_GetState
 .text.HAL_NVIC_SetPriorityGrouping
                0x08000f38       0x24 Drivers/STM32F3xx_HAL_Driver/stm32f3xx_hal_cortex.o
                0x08000f38                HAL_NVIC_SetPriorityGrouping
 .text.HAL_NVIC_SetPriority
                0x08000f5c       0x64 Drivers/STM32F3xx_HAL_Driver/stm32f3xx_hal_cortex.o
                0x08000f5c                HAL_NVIC_SetPriority
 .text.HAL_SYSTICK_Config
                0x08000fc0       0x2c Drivers/STM32F3xx_HAL_Driver/stm32f3xx_hal_cortex.o
                0x08000fc0                HAL_SYSTICK_Config
 .text.HAL_SYSTICK_CLKSourceConfig
                0x08000fec       0x20 Drivers/STM32F3xx_HAL_Driver/stm32f3xx_hal_cortex.o
                0x08000fec                HAL_SYSTICK_CLKSourceConfig
 .text.HAL_SYSTICK_Callback
                0x0800100c        0x2 Drivers/STM32F3xx_HAL_Driver/stm32f3xx_hal_cortex.o
                0x0800100c                HAL_SYSTICK_Callback
 .text.HAL_SYSTICK_IRQHandler
                0x0800100e        0x8 Drivers/STM32F3xx_HAL_Driver/stm32f3xx_hal_cortex.o
                0x0800100e                HAL_SYSTICK_IRQHandler
 *fill*         0x08001016        0x2 
 .text.HAL_GPIO_Init
                0x08001018      0x1b4 Drivers/STM32F3xx_HAL_Driver/stm32f3xx_hal_gpio.o
                0x08001018                HAL_GPIO_Init
 .text.HAL_GPIO_WritePin
                0x080011cc        0xa Drivers/STM32F3xx_HAL_Driver/stm32f3xx_hal_gpio.o
                0x080011cc                HAL_GPIO_WritePin
 *fill*         0x080011d6        0x2 
 .text.HAL_RCC_OscConfig
                0x080011d8      0x610 Drivers/STM32F3xx_HAL_Driver/stm32f3xx_hal_rcc.o
                0x080011d8                HAL_RCC_OscConfig
 .text.HAL_RCC_GetSysClockFreq
                0x080017e8       0x70 Drivers/STM32F3xx_HAL_Driver/stm32f3xx_hal_rcc.o
                0x080017e8                HAL_RCC_GetSysClockFreq
 .text.HAL_RCC_ClockConfig
                0x08001858      0x1d4 Drivers/STM32F3xx_HAL_Driver/stm32f3xx_hal_rcc.o
                0x08001858                HAL_RCC_ClockConfig
 .text.HAL_RCC_GetHCLKFreq
                0x08001a2c        0xc Drivers/STM32F3xx_HAL_Driver/stm32f3xx_hal_rcc.o
                0x08001a2c                HAL_RCC_GetHCLKFreq
 .text.HAL_RCC_GetPCLK1Freq
                0x08001a38       0x2c Drivers/STM32F3xx_HAL_Driver/stm32f3xx_hal_rcc.o
                0x08001a38                HAL_RCC_GetPCLK1Freq
 .text.HAL_RCC_GetPCLK2Freq
                0x08001a64       0x2c Drivers/STM32F3xx_HAL_Driver/stm32f3xx_hal_rcc.o
                0x08001a64                HAL_RCC_GetPCLK2Freq
 .text.HAL_RCCEx_PeriphCLKConfig
                0x08001a90      0x308 Drivers/STM32F3xx_HAL_Driver/stm32f3xx_hal_rcc_ex.o
                0x08001a90                HAL_RCCEx_PeriphCLKConfig
 .text.UART_SetConfig
                0x08001d98      0x29c Drivers/STM32F3xx_HAL_Driver/stm32f3xx_hal_uart.o
                0x08001d98                UART_SetConfig
 .text.UART_AdvFeatureConfig
                0x08002034       0xca Drivers/STM32F3xx_HAL_Driver/stm32f3xx_hal_uart.o
                0x08002034                UART_AdvFeatureConfig
 .text.UART_WaitOnFlagUntilTimeout
                0x080020fe       0x64 Drivers/STM32F3xx_HAL_Driver/stm32f3xx_hal_uart.o
                0x080020fe                UART_WaitOnFlagUntilTimeout
 .text.HAL_UART_Transmit
                0x08002162       0xd0 Drivers/STM32F3xx_HAL_Driver/stm32f3xx_hal_uart.o
                0x08002162                HAL_UART_Transmit
 .text.UART_CheckIdleState
                0x08002232       0x70 Drivers/STM32F3xx_HAL_Driver/stm32f3xx_hal_uart.o
                0x08002232                UART_CheckIdleState
 .text.HAL_UART_Init
                0x080022a2       0x68 Drivers/STM32F3xx_HAL_Driver/stm32f3xx_hal_uart.o
                0x080022a2                HAL_UART_Init
 *fill*         0x0800230a        0x2 
 .text.__libc_init_array
                0x0800230c       0x48 c:/ac6/systemworkbench/plugins/fr.ac6.mcu.externaltools.arm-none.win32_1.15.0.201708311556/tools/compiler/bin/../lib/gcc/arm-none-eabi/6.3.1/../../../../arm-none-eabi/lib/thumb/v7e-m/fpv4-sp/hard\libc_nano.a(lib_a-init.o)
                0x0800230c                __libc_init_array
 .text.sprintf  0x08002354       0x48 c:/ac6/systemworkbench/plugins/fr.ac6.mcu.externaltools.arm-none.win32_1.15.0.201708311556/tools/compiler/bin/../lib/gcc/arm-none-eabi/6.3.1/../../../../arm-none-eabi/lib/thumb/v7e-m/fpv4-sp/hard\libc_nano.a(lib_a-sprintf.o)
                0x08002354                siprintf
                0x08002354                sprintf
 .text.__ssputs_r
                0x0800239c       0xb6 c:/ac6/systemworkbench/plugins/fr.ac6.mcu.externaltools.arm-none.win32_1.15.0.201708311556/tools/compiler/bin/../lib/gcc/arm-none-eabi/6.3.1/../../../../arm-none-eabi/lib/thumb/v7e-m/fpv4-sp/hard\libc_nano.a(lib_a-nano-svfprintf.o)
                0x0800239c                __ssputs_r
 *fill*         0x08002452        0x2 
 .text._svfprintf_r
                0x08002454      0x1e8 c:/ac6/systemworkbench/plugins/fr.ac6.mcu.externaltools.arm-none.win32_1.15.0.201708311556/tools/compiler/bin/../lib/gcc/arm-none-eabi/6.3.1/../../../../arm-none-eabi/lib/thumb/v7e-m/fpv4-sp/hard\libc_nano.a(lib_a-nano-svfprintf.o)
                0x08002454                _svfiprintf_r
                0x08002454                _svfprintf_r
 .text._printf_common
                0x0800263c       0xec c:/ac6/systemworkbench/plugins/fr.ac6.mcu.externaltools.arm-none.win32_1.15.0.201708311556/tools/compiler/bin/../lib/gcc/arm-none-eabi/6.3.1/../../../../arm-none-eabi/lib/thumb/v7e-m/fpv4-sp/hard\libc_nano.a(lib_a-nano-vfprintf_i.o)
                0x0800263c                _printf_common
 .text._printf_i
                0x08002728      0x240 c:/ac6/systemworkbench/plugins/fr.ac6.mcu.externaltools.arm-none.win32_1.15.0.201708311556/tools/compiler/bin/../lib/gcc/arm-none-eabi/6.3.1/../../../../arm-none-eabi/lib/thumb/v7e-m/fpv4-sp/hard\libc_nano.a(lib_a-nano-vfprintf_i.o)
                0x08002728                _printf_i
 .text.memcpy   0x08002968       0x16 c:/ac6/systemworkbench/plugins/fr.ac6.mcu.externaltools.arm-none.win32_1.15.0.201708311556/tools/compiler/bin/../lib/gcc/arm-none-eabi/6.3.1/../../../../arm-none-eabi/lib/thumb/v7e-m/fpv4-sp/hard\libc_nano.a(lib_a-memcpy-stub.o)
                0x08002968                memcpy
 .text.memmove  0x0800297e       0x34 c:/ac6/systemworkbench/plugins/fr.ac6.mcu.externaltools.arm-none.win32_1.15.0.201708311556/tools/compiler/bin/../lib/gcc/arm-none-eabi/6.3.1/../../../../arm-none-eabi/lib/thumb/v7e-m/fpv4-sp/hard\libc_nano.a(lib_a-memmove.o)
                0x0800297e                memmove
 *fill*         0x080029b2        0x2 
 .text._free_r  0x080029b4       0x9c c:/ac6/systemworkbench/plugins/fr.ac6.mcu.externaltools.arm-none.win32_1.15.0.201708311556/tools/compiler/bin/../lib/gcc/arm-none-eabi/6.3.1/../../../../arm-none-eabi/lib/thumb/v7e-m/fpv4-sp/hard\libc_nano.a(lib_a-nano-freer.o)
                0x080029b4                _free_r
 .text._malloc_r
                0x08002a50       0xbc c:/ac6/systemworkbench/plugins/fr.ac6.mcu.externaltools.arm-none.win32_1.15.0.201708311556/tools/compiler/bin/../lib/gcc/arm-none-eabi/6.3.1/../../../../arm-none-eabi/lib/thumb/v7e-m/fpv4-sp/hard\libc_nano.a(lib_a-nano-mallocr.o)
                0x08002a50                _malloc_r
 .text._realloc_r
                0x08002b0c       0x4c c:/ac6/systemworkbench/plugins/fr.ac6.mcu.externaltools.arm-none.win32_1.15.0.201708311556/tools/compiler/bin/../lib/gcc/arm-none-eabi/6.3.1/../../../../arm-none-eabi/lib/thumb/v7e-m/fpv4-sp/hard\libc_nano.a(lib_a-nano-reallocr.o)
                0x08002b0c                _realloc_r
 .text._sbrk_r  0x08002b58       0x20 c:/ac6/systemworkbench/plugins/fr.ac6.mcu.externaltools.arm-none.win32_1.15.0.201708311556/tools/compiler/bin/../lib/gcc/arm-none-eabi/6.3.1/../../../../arm-none-eabi/lib/thumb/v7e-m/fpv4-sp/hard\libc_nano.a(lib_a-sbrkr.o)
                0x08002b58                _sbrk_r
 .text.__malloc_lock
                0x08002b78        0x2 c:/ac6/systemworkbench/plugins/fr.ac6.mcu.externaltools.arm-none.win32_1.15.0.201708311556/tools/compiler/bin/../lib/gcc/arm-none-eabi/6.3.1/../../../../arm-none-eabi/lib/thumb/v7e-m/fpv4-sp/hard\libc_nano.a(lib_a-mlock.o)
                0x08002b78                __malloc_lock
 .text.__malloc_unlock
                0x08002b7a        0x2 c:/ac6/systemworkbench/plugins/fr.ac6.mcu.externaltools.arm-none.win32_1.15.0.201708311556/tools/compiler/bin/../lib/gcc/arm-none-eabi/6.3.1/../../../../arm-none-eabi/lib/thumb/v7e-m/fpv4-sp/hard\libc_nano.a(lib_a-mlock.o)
                0x08002b7a                __malloc_unlock
 .text._malloc_usable_size_r
                0x08002b7c       0x12 c:/ac6/systemworkbench/plugins/fr.ac6.mcu.externaltools.arm-none.win32_1.15.0.201708311556/tools/compiler/bin/../lib/gcc/arm-none-eabi/6.3.1/../../../../arm-none-eabi/lib/thumb/v7e-m/fpv4-sp/hard\libc_nano.a(lib_a-nano-msizer.o)
                0x08002b7c                _malloc_usable_size_r
 *fill*         0x08002b8e        0x2 
 .text._sbrk    0x08002b90       0x1c c:/ac6/systemworkbench/plugins/fr.ac6.mcu.externaltools.arm-none.win32_1.15.0.201708311556/tools/compiler/bin/../lib/gcc/arm-none-eabi/6.3.1/../../../../arm-none-eabi/lib/thumb/v7e-m/fpv4-sp/hard\libnosys.a(sbrk.o)
                0x08002b90                _sbrk
 *(.glue_7)
 .glue_7        0x08002bac        0x0 linker stubs
 *(.glue_7t)
 .glue_7t       0x08002bac        0x0 linker stubs
 *(.eh_frame)
 .eh_frame      0x08002bac        0x0 c:/ac6/systemworkbench/plugins/fr.ac6.mcu.externaltools.arm-none.win32_1.15.0.201708311556/tools/compiler/bin/../lib/gcc/arm-none-eabi/6.3.1/thumb/v7e-m/fpv4-sp/hard/crtbegin.o
 *(.init)
 .init          0x08002bac        0x4 c:/ac6/systemworkbench/plugins/fr.ac6.mcu.externaltools.arm-none.win32_1.15.0.201708311556/tools/compiler/bin/../lib/gcc/arm-none-eabi/6.3.1/thumb/v7e-m/fpv4-sp/hard/crti.o
                0x08002bac                _init
 .init          0x08002bb0        0x8 c:/ac6/systemworkbench/plugins/fr.ac6.mcu.externaltools.arm-none.win32_1.15.0.201708311556/tools/compiler/bin/../lib/gcc/arm-none-eabi/6.3.1/thumb/v7e-m/fpv4-sp/hard/crtn.o
 *(.fini)
 .fini          0x08002bb8        0x4 c:/ac6/systemworkbench/plugins/fr.ac6.mcu.externaltools.arm-none.win32_1.15.0.201708311556/tools/compiler/bin/../lib/gcc/arm-none-eabi/6.3.1/thumb/v7e-m/fpv4-sp/hard/crti.o
                0x08002bb8                _fini
 .fini          0x08002bbc        0x8 c:/ac6/systemworkbench/plugins/fr.ac6.mcu.externaltools.arm-none.win32_1.15.0.201708311556/tools/compiler/bin/../lib/gcc/arm-none-eabi/6.3.1/thumb/v7e-m/fpv4-sp/hard/crtn.o
                0x08002bc4                . = ALIGN (0x4)
                0x08002bc4                _etext = .

.vfp11_veneer   0x08002bc4        0x0
 .vfp11_veneer  0x08002bc4        0x0 linker stubs

.v4_bx          0x08002bc4        0x0
 .v4_bx         0x08002bc4        0x0 linker stubs

.iplt           0x08002bc4        0x0
 .iplt          0x08002bc4        0x0 c:/ac6/systemworkbench/plugins/fr.ac6.mcu.externaltools.arm-none.win32_1.15.0.201708311556/tools/compiler/bin/../lib/gcc/arm-none-eabi/6.3.1/thumb/v7e-m/fpv4-sp/hard/crtbegin.o

.rodata         0x08002bc4      0x114
                0x08002bc4                . = ALIGN (0x4)
 *(.rodata)
 .rodata        0x08002bc4       0x18 Drivers/CMSIS/system_stm32f3xx.o
                0x08002bc4                AHBPrescTable
                0x08002bd4                APBPrescTable
 .rodata        0x08002bdc       0x20 Drivers/STM32F3xx_HAL_Driver/stm32f3xx_hal_rcc.o
                0x08002bdc                aPLLMULFactorTable
                0x08002bec                aPredivFactorTable
 *(.rodata*)
 .rodata.str1.4
                0x08002bfc       0xa8 Application/User/main.o
                                 0xa7 (size before relaxing)
 .rodata._svfprintf_r.str1.1
                0x08002ca4       0x11 c:/ac6/systemworkbench/plugins/fr.ac6.mcu.externaltools.arm-none.win32_1.15.0.201708311556/tools/compiler/bin/../lib/gcc/arm-none-eabi/6.3.1/../../../../arm-none-eabi/lib/thumb/v7e-m/fpv4-sp/hard\libc_nano.a(lib_a-nano-svfprintf.o)
 .rodata._printf_i.str1.1
                0x08002cb5       0x22 c:/ac6/systemworkbench/plugins/fr.ac6.mcu.externaltools.arm-none.win32_1.15.0.201708311556/tools/compiler/bin/../lib/gcc/arm-none-eabi/6.3.1/../../../../arm-none-eabi/lib/thumb/v7e-m/fpv4-sp/hard\libc_nano.a(lib_a-nano-vfprintf_i.o)
                0x08002cd8                . = ALIGN (0x4)
 *fill*         0x08002cd7        0x1 

.rel.dyn        0x08002cd8        0x0
 .rel.iplt      0x08002cd8        0x0 c:/ac6/systemworkbench/plugins/fr.ac6.mcu.externaltools.arm-none.win32_1.15.0.201708311556/tools/compiler/bin/../lib/gcc/arm-none-eabi/6.3.1/thumb/v7e-m/fpv4-sp/hard/crtbegin.o

.ARM.extab
 *(.ARM.extab* .gnu.linkonce.armextab.*)

.ARM            0x08002cd8        0x0
                0x08002cd8                __exidx_start = .
 *(.ARM.exidx*)
                0x08002cd8                __exidx_end = .

.preinit_array  0x08002cd8        0x0
                0x08002cd8                PROVIDE (__preinit_array_start, .)
 *(.preinit_array*)
                0x08002cd8                PROVIDE (__preinit_array_end, .)

.init_array     0x08002cd8        0x4
                0x08002cd8                PROVIDE (__init_array_start, .)
 *(SORT(.init_array.*))
 *(.init_array*)
 .init_array    0x08002cd8        0x4 c:/ac6/systemworkbench/plugins/fr.ac6.mcu.externaltools.arm-none.win32_1.15.0.201708311556/tools/compiler/bin/../lib/gcc/arm-none-eabi/6.3.1/thumb/v7e-m/fpv4-sp/hard/crtbegin.o
                0x08002cdc                PROVIDE (__init_array_end, .)

.fini_array     0x08002cdc        0x4
                [!provide]                PROVIDE (__fini_array_start, .)
 *(SORT(.fini_array.*))
 *(.fini_array*)
 .fini_array    0x08002cdc        0x4 c:/ac6/systemworkbench/plugins/fr.ac6.mcu.externaltools.arm-none.win32_1.15.0.201708311556/tools/compiler/bin/../lib/gcc/arm-none-eabi/6.3.1/thumb/v7e-m/fpv4-sp/hard/crtbegin.o
                [!provide]                PROVIDE (__fini_array_end, .)
                0x08002ce0                _sidata = LOADADDR (.data)

.data           0x20000000       0x68 load address 0x08002ce0
                0x20000000                . = ALIGN (0x4)
                0x20000000                _sdata = .
 *(.data)
 .data          0x20000000        0x4 Drivers/CMSIS/system_stm32f3xx.o
                0x20000000                SystemCoreClock
 *(.data*)
 .data._impure_ptr
                0x20000004        0x4 c:/ac6/systemworkbench/plugins/fr.ac6.mcu.externaltools.arm-none.win32_1.15.0.201708311556/tools/compiler/bin/../lib/gcc/arm-none-eabi/6.3.1/../../../../arm-none-eabi/lib/thumb/v7e-m/fpv4-sp/hard\libc_nano.a(lib_a-impure.o)
                0x20000004                _impure_ptr
 .data.impure_data
                0x20000008       0x60 c:/ac6/systemworkbench/plugins/fr.ac6.mcu.externaltools.arm-none.win32_1.15.0.201708311556/tools/compiler/bin/../lib/gcc/arm-none-eabi/6.3.1/../../../../arm-none-eabi/lib/thumb/v7e-m/fpv4-sp/hard\libc_nano.a(lib_a-impure.o)
                0x20000068                . = ALIGN (0x4)
                0x20000068                _edata = .
                0x08002d48                _siccmram = LOADADDR (.ccmram)

.jcr            0x20000068        0x0 load address 0x08002d48
 .jcr           0x20000068        0x0 c:/ac6/systemworkbench/plugins/fr.ac6.mcu.externaltools.arm-none.win32_1.15.0.201708311556/tools/compiler/bin/../lib/gcc/arm-none-eabi/6.3.1/thumb/v7e-m/fpv4-sp/hard/crtbegin.o

.igot.plt       0x20000068        0x0 load address 0x08002d48
 .igot.plt      0x20000068        0x0 c:/ac6/systemworkbench/plugins/fr.ac6.mcu.externaltools.arm-none.win32_1.15.0.201708311556/tools/compiler/bin/../lib/gcc/arm-none-eabi/6.3.1/thumb/v7e-m/fpv4-sp/hard/crtbegin.o

.ccmram         0x10000000        0x0 load address 0x08002d48
                0x10000000                . = ALIGN (0x4)
                0x10000000                _sccmram = .
 *(.ccmram)
 *(.ccmram*)
                0x10000000                . = ALIGN (0x4)
                0x10000000                _eccmram = .
                0x10000000                . = ALIGN (0x4)

.bss            0x20000068      0x168
                0x20000068                _sbss = .
                0x20000068                __bss_start__ = _sbss
 *(.bss)
 .bss           0x20000068       0x1c c:/ac6/systemworkbench/plugins/fr.ac6.mcu.externaltools.arm-none.win32_1.15.0.201708311556/tools/compiler/bin/../lib/gcc/arm-none-eabi/6.3.1/thumb/v7e-m/fpv4-sp/hard/crtbegin.o
 *(.bss*)
 .bss.__malloc_free_list
                0x20000084        0x4 c:/ac6/systemworkbench/plugins/fr.ac6.mcu.externaltools.arm-none.win32_1.15.0.201708311556/tools/compiler/bin/../lib/gcc/arm-none-eabi/6.3.1/../../../../arm-none-eabi/lib/thumb/v7e-m/fpv4-sp/hard\libc_nano.a(lib_a-nano-mallocr.o)
                0x20000084                __malloc_free_list
 .bss.__malloc_sbrk_start
                0x20000088        0x4 c:/ac6/systemworkbench/plugins/fr.ac6.mcu.externaltools.arm-none.win32_1.15.0.201708311556/tools/compiler/bin/../lib/gcc/arm-none-eabi/6.3.1/../../../../arm-none-eabi/lib/thumb/v7e-m/fpv4-sp/hard\libc_nano.a(lib_a-nano-mallocr.o)
                0x20000088                __malloc_sbrk_start
 .bss.heap_end.5239
                0x2000008c        0x4 c:/ac6/systemworkbench/plugins/fr.ac6.mcu.externaltools.arm-none.win32_1.15.0.201708311556/tools/compiler/bin/../lib/gcc/arm-none-eabi/6.3.1/../../../../arm-none-eabi/lib/thumb/v7e-m/fpv4-sp/hard\libnosys.a(sbrk.o)
 *(COMMON)
 COMMON         0x20000090      0x138 Application/User/main.o
                0x20000090                j
                0x20000094                CanHandle
                0x200000d8                tab
                0x20000114                i
                0x20000115                RxData
                0x20000118                huart2
                0x20000188                TxMessage
                0x200001a4                RxMessage
 COMMON         0x200001c8        0x4 Drivers/STM32F3xx_HAL_Driver/stm32f3xx_hal.o
                0x200001c8                uwTick
 COMMON         0x200001cc        0x4 c:/ac6/systemworkbench/plugins/fr.ac6.mcu.externaltools.arm-none.win32_1.15.0.201708311556/tools/compiler/bin/../lib/gcc/arm-none-eabi/6.3.1/../../../../arm-none-eabi/lib/thumb/v7e-m/fpv4-sp/hard\libc_nano.a(lib_a-reent.o)
                0x200001cc                errno
                0x200001d0                . = ALIGN (0x4)
                0x200001d0                _ebss = .
                0x200001d0                __bss_end__ = _ebss

._user_heap_stack
                0x200001d0      0x600
                0x200001d0                . = ALIGN (0x8)
                0x200001d0                PROVIDE (end, .)
                [!provide]                PROVIDE (_end, .)
                0x200003d0                . = (. + _Min_Heap_Size)
 *fill*         0x200001d0      0x200 
                0x200007d0                . = (. + _Min_Stack_Size)
 *fill*         0x200003d0      0x400 
                0x200007d0                . = ALIGN (0x8)

/DISCARD/
 libc.a(*)
 libm.a(*)
 libgcc.a(*)

.ARM.attributes
                0x00000000       0x30
 *(.ARM.attributes)
 .ARM.attributes
                0x00000000       0x22 c:/ac6/systemworkbench/plugins/fr.ac6.mcu.externaltools.arm-none.win32_1.15.0.201708311556/tools/compiler/bin/../lib/gcc/arm-none-eabi/6.3.1/thumb/v7e-m/fpv4-sp/hard/crti.o
 .ARM.attributes
                0x00000022       0x34 c:/ac6/systemworkbench/plugins/fr.ac6.mcu.externaltools.arm-none.win32_1.15.0.201708311556/tools/compiler/bin/../lib/gcc/arm-none-eabi/6.3.1/thumb/v7e-m/fpv4-sp/hard/crtbegin.o
 .ARM.attributes
                0x00000056       0x21 Application/SW4STM32/startup_stm32f303xe.o
 .ARM.attributes
                0x00000077       0x39 Application/User/main.o
 .ARM.attributes
                0x000000b0       0x39 Application/User/stm32f3xx_hal_msp.o
 .ARM.attributes
                0x000000e9       0x39 Application/User/stm32f3xx_it.o
 .ARM.attributes
                0x00000122       0x39 Drivers/CMSIS/system_stm32f3xx.o
 .ARM.attributes
                0x0000015b       0x39 Drivers/STM32F3xx_HAL_Driver/stm32f3xx_hal.o
 .ARM.attributes
                0x00000194       0x39 Drivers/STM32F3xx_HAL_Driver/stm32f3xx_hal_can.o
 .ARM.attributes
                0x000001cd       0x39 Drivers/STM32F3xx_HAL_Driver/stm32f3xx_hal_cortex.o
 .ARM.attributes
                0x00000206       0x39 Drivers/STM32F3xx_HAL_Driver/stm32f3xx_hal_gpio.o
 .ARM.attributes
                0x0000023f       0x39 Drivers/STM32F3xx_HAL_Driver/stm32f3xx_hal_rcc.o
 .ARM.attributes
                0x00000278       0x39 Drivers/STM32F3xx_HAL_Driver/stm32f3xx_hal_rcc_ex.o
 .ARM.attributes
                0x000002b1       0x39 Drivers/STM32F3xx_HAL_Driver/stm32f3xx_hal_uart.o
 .ARM.attributes
                0x000002ea       0x34 c:/ac6/systemworkbench/plugins/fr.ac6.mcu.externaltools.arm-none.win32_1.15.0.201708311556/tools/compiler/bin/../lib/gcc/arm-none-eabi/6.3.1/../../../../arm-none-eabi/lib/thumb/v7e-m/fpv4-sp/hard\libc_nano.a(lib_a-impure.o)
 .ARM.attributes
                0x0000031e       0x34 c:/ac6/systemworkbench/plugins/fr.ac6.mcu.externaltools.arm-none.win32_1.15.0.201708311556/tools/compiler/bin/../lib/gcc/arm-none-eabi/6.3.1/../../../../arm-none-eabi/lib/thumb/v7e-m/fpv4-sp/hard\libc_nano.a(lib_a-init.o)
 .ARM.attributes
                0x00000352       0x34 c:/ac6/systemworkbench/plugins/fr.ac6.mcu.externaltools.arm-none.win32_1.15.0.201708311556/tools/compiler/bin/../lib/gcc/arm-none-eabi/6.3.1/../../../../arm-none-eabi/lib/thumb/v7e-m/fpv4-sp/hard\libc_nano.a(lib_a-sprintf.o)
 .ARM.attributes
                0x00000386       0x34 c:/ac6/systemworkbench/plugins/fr.ac6.mcu.externaltools.arm-none.win32_1.15.0.201708311556/tools/compiler/bin/../lib/gcc/arm-none-eabi/6.3.1/../../../../arm-none-eabi/lib/thumb/v7e-m/fpv4-sp/hard\libc_nano.a(lib_a-nano-svfprintf.o)
 .ARM.attributes
                0x000003ba       0x34 c:/ac6/systemworkbench/plugins/fr.ac6.mcu.externaltools.arm-none.win32_1.15.0.201708311556/tools/compiler/bin/../lib/gcc/arm-none-eabi/6.3.1/../../../../arm-none-eabi/lib/thumb/v7e-m/fpv4-sp/hard\libc_nano.a(lib_a-nano-vfprintf_i.o)
 .ARM.attributes
                0x000003ee       0x20 c:/ac6/systemworkbench/plugins/fr.ac6.mcu.externaltools.arm-none.win32_1.15.0.201708311556/tools/compiler/bin/../lib/gcc/arm-none-eabi/6.3.1/../../../../arm-none-eabi/lib/thumb/v7e-m/fpv4-sp/hard\libc_nano.a(lib_a-memchr.o)
 .ARM.attributes
                0x0000040e       0x34 c:/ac6/systemworkbench/plugins/fr.ac6.mcu.externaltools.arm-none.win32_1.15.0.201708311556/tools/compiler/bin/../lib/gcc/arm-none-eabi/6.3.1/../../../../arm-none-eabi/lib/thumb/v7e-m/fpv4-sp/hard\libc_nano.a(lib_a-memcpy-stub.o)
 .ARM.attributes
                0x00000442       0x34 c:/ac6/systemworkbench/plugins/fr.ac6.mcu.externaltools.arm-none.win32_1.15.0.201708311556/tools/compiler/bin/../lib/gcc/arm-none-eabi/6.3.1/../../../../arm-none-eabi/lib/thumb/v7e-m/fpv4-sp/hard\libc_nano.a(lib_a-memmove.o)
 .ARM.attributes
                0x00000476       0x34 c:/ac6/systemworkbench/plugins/fr.ac6.mcu.externaltools.arm-none.win32_1.15.0.201708311556/tools/compiler/bin/../lib/gcc/arm-none-eabi/6.3.1/../../../../arm-none-eabi/lib/thumb/v7e-m/fpv4-sp/hard\libc_nano.a(lib_a-nano-freer.o)
 .ARM.attributes
                0x000004aa       0x34 c:/ac6/systemworkbench/plugins/fr.ac6.mcu.externaltools.arm-none.win32_1.15.0.201708311556/tools/compiler/bin/../lib/gcc/arm-none-eabi/6.3.1/../../../../arm-none-eabi/lib/thumb/v7e-m/fpv4-sp/hard\libc_nano.a(lib_a-nano-mallocr.o)
 .ARM.attributes
                0x000004de       0x34 c:/ac6/systemworkbench/plugins/fr.ac6.mcu.externaltools.arm-none.win32_1.15.0.201708311556/tools/compiler/bin/../lib/gcc/arm-none-eabi/6.3.1/../../../../arm-none-eabi/lib/thumb/v7e-m/fpv4-sp/hard\libc_nano.a(lib_a-nano-reallocr.o)
 .ARM.attributes
                0x00000512       0x34 c:/ac6/systemworkbench/plugins/fr.ac6.mcu.externaltools.arm-none.win32_1.15.0.201708311556/tools/compiler/bin/../lib/gcc/arm-none-eabi/6.3.1/../../../../arm-none-eabi/lib/thumb/v7e-m/fpv4-sp/hard\libc_nano.a(lib_a-sbrkr.o)
 .ARM.attributes
                0x00000546       0x34 c:/ac6/systemworkbench/plugins/fr.ac6.mcu.externaltools.arm-none.win32_1.15.0.201708311556/tools/compiler/bin/../lib/gcc/arm-none-eabi/6.3.1/../../../../arm-none-eabi/lib/thumb/v7e-m/fpv4-sp/hard\libc_nano.a(lib_a-mlock.o)
 .ARM.attributes
                0x0000057a       0x34 c:/ac6/systemworkbench/plugins/fr.ac6.mcu.externaltools.arm-none.win32_1.15.0.201708311556/tools/compiler/bin/../lib/gcc/arm-none-eabi/6.3.1/../../../../arm-none-eabi/lib/thumb/v7e-m/fpv4-sp/hard\libc_nano.a(lib_a-nano-msizer.o)
 .ARM.attributes
                0x000005ae       0x34 c:/ac6/systemworkbench/plugins/fr.ac6.mcu.externaltools.arm-none.win32_1.15.0.201708311556/tools/compiler/bin/../lib/gcc/arm-none-eabi/6.3.1/../../../../arm-none-eabi/lib/thumb/v7e-m/fpv4-sp/hard\libc_nano.a(lib_a-reent.o)
 .ARM.attributes
                0x000005e2       0x34 c:/ac6/systemworkbench/plugins/fr.ac6.mcu.externaltools.arm-none.win32_1.15.0.201708311556/tools/compiler/bin/../lib/gcc/arm-none-eabi/6.3.1/../../../../arm-none-eabi/lib/thumb/v7e-m/fpv4-sp/hard\libnosys.a(sbrk.o)
 .ARM.attributes
                0x00000616       0x22 c:/ac6/systemworkbench/plugins/fr.ac6.mcu.externaltools.arm-none.win32_1.15.0.201708311556/tools/compiler/bin/../lib/gcc/arm-none-eabi/6.3.1/thumb/v7e-m/fpv4-sp/hard/crtn.o
OUTPUT(CAN_F3.elf elf32-littlearm)

.debug_line     0x00000000     0x704b
 .debug_line    0x00000000       0x9c Application/SW4STM32/startup_stm32f303xe.o
 .debug_line    0x0000009c      0x895 Application/User/main.o
 .debug_line    0x00000931      0x7b2 Application/User/stm32f3xx_hal_msp.o
 .debug_line    0x000010e3      0x757 Application/User/stm32f3xx_it.o
 .debug_line    0x0000183a      0x77a Drivers/CMSIS/system_stm32f3xx.o
 .debug_line    0x00001fb4      0x8e0 Drivers/STM32F3xx_HAL_Driver/stm32f3xx_hal.o
 .debug_line    0x00002894      0xcfb Drivers/STM32F3xx_HAL_Driver/stm32f3xx_hal_can.o
 .debug_line    0x0000358f      0x953 Drivers/STM32F3xx_HAL_Driver/stm32f3xx_hal_cortex.o
 .debug_line    0x00003ee2      0x8c6 Drivers/STM32F3xx_HAL_Driver/stm32f3xx_hal_gpio.o
 .debug_line    0x000047a8      0xc0c Drivers/STM32F3xx_HAL_Driver/stm32f3xx_hal_rcc.o
 .debug_line    0x000053b4      0xa95 Drivers/STM32F3xx_HAL_Driver/stm32f3xx_hal_rcc_ex.o
 .debug_line    0x00005e49     0x1202 Drivers/STM32F3xx_HAL_Driver/stm32f3xx_hal_uart.o

.debug_info     0x00000000     0xebeb
 .debug_info    0x00000000       0x97 Application/SW4STM32/startup_stm32f303xe.o
 .debug_info    0x00000097     0x239b Application/User/main.o
 .debug_info    0x00002432     0x1969 Application/User/stm32f3xx_hal_msp.o
 .debug_info    0x00003d9b      0x983 Application/User/stm32f3xx_it.o
 .debug_info    0x0000471e      0xc34 Drivers/CMSIS/system_stm32f3xx.o
 .debug_info    0x00005352      0xff8 Drivers/STM32F3xx_HAL_Driver/stm32f3xx_hal.o
 .debug_info    0x0000634a     0x1453 Drivers/STM32F3xx_HAL_Driver/stm32f3xx_hal_can.o
 .debug_info    0x0000779d     0x16f4 Drivers/STM32F3xx_HAL_Driver/stm32f3xx_hal_cortex.o
 .debug_info    0x00008e91      0xfa7 Drivers/STM32F3xx_HAL_Driver/stm32f3xx_hal_gpio.o
 .debug_info    0x00009e38     0x1bb3 Drivers/STM32F3xx_HAL_Driver/stm32f3xx_hal_rcc.o
 .debug_info    0x0000b9eb     0x101e Drivers/STM32F3xx_HAL_Driver/stm32f3xx_hal_rcc_ex.o
 .debug_info    0x0000ca09     0x21e2 Drivers/STM32F3xx_HAL_Driver/stm32f3xx_hal_uart.o

.debug_abbrev   0x00000000     0x1ec8
 .debug_abbrev  0x00000000       0x12 Application/SW4STM32/startup_stm32f303xe.o
 .debug_abbrev  0x00000012      0x316 Application/User/main.o
 .debug_abbrev  0x00000328      0x25d Application/User/stm32f3xx_hal_msp.o
 .debug_abbrev  0x00000585      0x1cf Application/User/stm32f3xx_it.o
 .debug_abbrev  0x00000754      0x205 Drivers/CMSIS/system_stm32f3xx.o
 .debug_abbrev  0x00000959      0x2d6 Drivers/STM32F3xx_HAL_Driver/stm32f3xx_hal.o
 .debug_abbrev  0x00000c2f      0x2dc Drivers/STM32F3xx_HAL_Driver/stm32f3xx_hal_can.o
 .debug_abbrev  0x00000f0b      0x3b8 Drivers/STM32F3xx_HAL_Driver/stm32f3xx_hal_cortex.o
 .debug_abbrev  0x000012c3      0x2a5 Drivers/STM32F3xx_HAL_Driver/stm32f3xx_hal_gpio.o
 .debug_abbrev  0x00001568      0x343 Drivers/STM32F3xx_HAL_Driver/stm32f3xx_hal_rcc.o
 .debug_abbrev  0x000018ab      0x334 Drivers/STM32F3xx_HAL_Driver/stm32f3xx_hal_rcc_ex.o
 .debug_abbrev  0x00001bdf      0x2e9 Drivers/STM32F3xx_HAL_Driver/stm32f3xx_hal_uart.o

.debug_aranges  0x00000000      0x630
 .debug_aranges
                0x00000000       0x28 Application/SW4STM32/startup_stm32f303xe.o
 .debug_aranges
                0x00000028       0x58 Application/User/main.o
 .debug_aranges
                0x00000080       0x40 Application/User/stm32f3xx_hal_msp.o
 .debug_aranges
                0x000000c0       0x20 Application/User/stm32f3xx_it.o
 .debug_aranges
                0x000000e0       0x28 Drivers/CMSIS/system_stm32f3xx.o
 .debug_aranges
                0x00000108       0xc8 Drivers/STM32F3xx_HAL_Driver/stm32f3xx_hal.o
 .debug_aranges
                0x000001d0       0xb0 Drivers/STM32F3xx_HAL_Driver/stm32f3xx_hal_can.o
 .debug_aranges
                0x00000280       0xa8 Drivers/STM32F3xx_HAL_Driver/stm32f3xx_hal_cortex.o
 .debug_aranges
                0x00000328       0x58 Drivers/STM32F3xx_HAL_Driver/stm32f3xx_hal_gpio.o
 .debug_aranges
                0x00000380       0x88 Drivers/STM32F3xx_HAL_Driver/stm32f3xx_hal_rcc.o
 .debug_aranges
                0x00000408       0x38 Drivers/STM32F3xx_HAL_Driver/stm32f3xx_hal_rcc_ex.o
 .debug_aranges
                0x00000440      0x1f0 Drivers/STM32F3xx_HAL_Driver/stm32f3xx_hal_uart.o

.debug_ranges   0x00000000      0x610
 .debug_ranges  0x00000000       0x20 Application/SW4STM32/startup_stm32f303xe.o
 .debug_ranges  0x00000020       0x48 Application/User/main.o
 .debug_ranges  0x00000068       0x30 Application/User/stm32f3xx_hal_msp.o
 .debug_ranges  0x00000098       0x10 Application/User/stm32f3xx_it.o
 .debug_ranges  0x000000a8       0x18 Drivers/CMSIS/system_stm32f3xx.o
 .debug_ranges  0x000000c0       0xb8 Drivers/STM32F3xx_HAL_Driver/stm32f3xx_hal.o
 .debug_ranges  0x00000178       0xa0 Drivers/STM32F3xx_HAL_Driver/stm32f3xx_hal_can.o
 .debug_ranges  0x00000218       0xf8 Drivers/STM32F3xx_HAL_Driver/stm32f3xx_hal_cortex.o
 .debug_ranges  0x00000310       0x48 Drivers/STM32F3xx_HAL_Driver/stm32f3xx_hal_gpio.o
 .debug_ranges  0x00000358       0x98 Drivers/STM32F3xx_HAL_Driver/stm32f3xx_hal_rcc.o
 .debug_ranges  0x000003f0       0x40 Drivers/STM32F3xx_HAL_Driver/stm32f3xx_hal_rcc_ex.o
 .debug_ranges  0x00000430      0x1e0 Drivers/STM32F3xx_HAL_Driver/stm32f3xx_hal_uart.o

.debug_macro    0x00000000    0x1cc54
 .debug_macro   0x00000000      0x30e Application/User/main.o
 .debug_macro   0x0000030e      0x8bc Application/User/main.o
 .debug_macro   0x00000bca       0x64 Application/User/main.o
 .debug_macro   0x00000c2e       0xa5 Application/User/main.o
 .debug_macro   0x00000cd3       0x2f Application/User/main.o
 .debug_macro   0x00000d02       0x28 Application/User/main.o
 .debug_macro   0x00000d2a       0x22 Application/User/main.o
 .debug_macro   0x00000d4c       0x87 Application/User/main.o
 .debug_macro   0x00000dd3       0x51 Application/User/main.o
 .debug_macro   0x00000e24       0xef Application/User/main.o
 .debug_macro   0x00000f13       0x6a Application/User/main.o
 .debug_macro   0x00000f7d      0x1df Application/User/main.o
 .debug_macro   0x0000115c       0x35 Application/User/main.o
 .debug_macro   0x00001191       0x50 Application/User/main.o
 .debug_macro   0x000011e1      0xe66 Application/User/main.o
 .debug_macro   0x00002047    0x15376 Application/User/main.o
 .debug_macro   0x000173bd       0x43 Application/User/main.o
 .debug_macro   0x00017400       0x58 Application/User/main.o
 .debug_macro   0x00017458       0x35 Application/User/main.o
 .debug_macro   0x0001748d       0x9c Application/User/main.o
 .debug_macro   0x00017529       0x16 Application/User/main.o
 .debug_macro   0x0001753f       0x97 Application/User/main.o
 .debug_macro   0x000175d6      0x330 Application/User/main.o
 .debug_macro   0x00017906       0xfd Application/User/main.o
 .debug_macro   0x00017a03       0x10 Application/User/main.o
 .debug_macro   0x00017a13       0x58 Application/User/main.o
 .debug_macro   0x00017a6b       0x1f Application/User/main.o
 .debug_macro   0x00017a8a       0x43 Application/User/main.o
 .debug_macro   0x00017acd       0x20 Application/User/main.o
 .debug_macro   0x00017aed      0x187 Application/User/main.o
 .debug_macro   0x00017c74       0x10 Application/User/main.o
 .debug_macro   0x00017c84       0x1c Application/User/main.o
 .debug_macro   0x00017ca0       0x52 Application/User/main.o
 .debug_macro   0x00017cf2       0x40 Application/User/main.o
 .debug_macro   0x00017d32       0x10 Application/User/main.o
 .debug_macro   0x00017d42       0x40 Application/User/main.o
 .debug_macro   0x00017d82       0xd7 Application/User/main.o
 .debug_macro   0x00017e59       0x16 Application/User/main.o
 .debug_macro   0x00017e6f      0x18b Application/User/main.o
 .debug_macro   0x00017ffa       0x49 Application/User/main.o
 .debug_macro   0x00018043      0x95a Application/User/main.o
 .debug_macro   0x0001899d      0x84a Application/User/main.o
 .debug_macro   0x000191e7      0x13a Application/User/main.o
 .debug_macro   0x00019321      0x23a Application/User/main.o
 .debug_macro   0x0001955b      0x1bc Application/User/main.o
 .debug_macro   0x00019717       0x31 Application/User/main.o
 .debug_macro   0x00019748       0x3c Application/User/main.o
 .debug_macro   0x00019784      0x23a Application/User/main.o
 .debug_macro   0x000199be      0x391 Application/User/main.o
 .debug_macro   0x00019d4f       0xcb Application/User/main.o
 .debug_macro   0x00019e1a      0x21e Application/User/main.o
 .debug_macro   0x0001a038      0x202 Application/User/main.o
 .debug_macro   0x0001a23a       0x5b Application/User/main.o
 .debug_macro   0x0001a295       0x90 Application/User/main.o
 .debug_macro   0x0001a325       0x82 Application/User/main.o
 .debug_macro   0x0001a3a7       0xd3 Application/User/main.o
 .debug_macro   0x0001a47a      0x566 Application/User/main.o
 .debug_macro   0x0001a9e0       0x31 Application/User/main.o
 .debug_macro   0x0001aa11      0x340 Application/User/main.o
 .debug_macro   0x0001ad51      0x30a Application/User/stm32f3xx_hal_msp.o
 .debug_macro   0x0001b05b      0x314 Application/User/stm32f3xx_it.o
 .debug_macro   0x0001b36f      0x310 Drivers/CMSIS/system_stm32f3xx.o
 .debug_macro   0x0001b67f      0x32e Drivers/STM32F3xx_HAL_Driver/stm32f3xx_hal.o
 .debug_macro   0x0001b9ad      0x311 Drivers/STM32F3xx_HAL_Driver/stm32f3xx_hal_can.o
 .debug_macro   0x0001bcbe      0x30a Drivers/STM32F3xx_HAL_Driver/stm32f3xx_hal_cortex.o
 .debug_macro   0x0001bfc8      0x342 Drivers/STM32F3xx_HAL_Driver/stm32f3xx_hal_gpio.o
 .debug_macro   0x0001c30a      0x32e Drivers/STM32F3xx_HAL_Driver/stm32f3xx_hal_rcc.o
 .debug_macro   0x0001c638      0x30a Drivers/STM32F3xx_HAL_Driver/stm32f3xx_hal_rcc_ex.o
 .debug_macro   0x0001c942      0x312 Drivers/STM32F3xx_HAL_Driver/stm32f3xx_hal_uart.o

.debug_str      0x00000000    0xa4604
 .debug_str     0x00000000    0xa2e3a Application/User/main.o
                              0xa320a (size before relaxing)
 .debug_str     0x000a2e3a       0xc1 Application/User/stm32f3xx_hal_msp.o
                              0xa2d18 (size before relaxing)
 .debug_str     0x000a2efb       0x77 Application/User/stm32f3xx_it.o
                              0xa2037 (size before relaxing)
 .debug_str     0x000a2f72       0xde Drivers/CMSIS/system_stm32f3xx.o
                              0xa20fb (size before relaxing)
 .debug_str     0x000a3050      0x3aa Drivers/STM32F3xx_HAL_Driver/stm32f3xx_hal.o
                              0xa28f6 (size before relaxing)
 .debug_str     0x000a33fa      0x160 Drivers/STM32F3xx_HAL_Driver/stm32f3xx_hal_can.o
                              0xa25db (size before relaxing)
 .debug_str     0x000a355a      0x34c Drivers/STM32F3xx_HAL_Driver/stm32f3xx_hal_cortex.o
                              0xa29eb (size before relaxing)
 .debug_str     0x000a38a6      0x26a Drivers/STM32F3xx_HAL_Driver/stm32f3xx_hal_gpio.o
                              0xa23d0 (size before relaxing)
 .debug_str     0x000a3b10      0x2d0 Drivers/STM32F3xx_HAL_Driver/stm32f3xx_hal_rcc.o
                              0xa255a (size before relaxing)
 .debug_str     0x000a3de0       0xda Drivers/STM32F3xx_HAL_Driver/stm32f3xx_hal_rcc_ex.o
                              0xa23f6 (size before relaxing)
 .debug_str     0x000a3eba      0x74a Drivers/STM32F3xx_HAL_Driver/stm32f3xx_hal_uart.o
                              0xa2cf8 (size before relaxing)

.comment        0x00000000       0x7f
 .comment       0x00000000       0x7f Application/User/main.o
                                 0x80 (size before relaxing)
 .comment       0x0000007f       0x80 Application/User/stm32f3xx_hal_msp.o
 .comment       0x0000007f       0x80 Application/User/stm32f3xx_it.o
 .comment       0x0000007f       0x80 Drivers/CMSIS/system_stm32f3xx.o
 .comment       0x0000007f       0x80 Drivers/STM32F3xx_HAL_Driver/stm32f3xx_hal.o
 .comment       0x0000007f       0x80 Drivers/STM32F3xx_HAL_Driver/stm32f3xx_hal_can.o
 .comment       0x0000007f       0x80 Drivers/STM32F3xx_HAL_Driver/stm32f3xx_hal_cortex.o
 .comment       0x0000007f       0x80 Drivers/STM32F3xx_HAL_Driver/stm32f3xx_hal_gpio.o
 .comment       0x0000007f       0x80 Drivers/STM32F3xx_HAL_Driver/stm32f3xx_hal_rcc.o
 .comment       0x0000007f       0x80 Drivers/STM32F3xx_HAL_Driver/stm32f3xx_hal_rcc_ex.o
 .comment       0x0000007f       0x80 Drivers/STM32F3xx_HAL_Driver/stm32f3xx_hal_uart.o

.debug_frame    0x00000000     0x1234
 .debug_frame   0x00000000       0xc8 Application/User/main.o
 .debug_frame   0x000000c8       0x94 Application/User/stm32f3xx_hal_msp.o
 .debug_frame   0x0000015c       0x28 Application/User/stm32f3xx_it.o
 .debug_frame   0x00000184       0x30 Drivers/CMSIS/system_stm32f3xx.o
 .debug_frame   0x000001b4      0x198 Drivers/STM32F3xx_HAL_Driver/stm32f3xx_hal.o
 .debug_frame   0x0000034c      0x208 Drivers/STM32F3xx_HAL_Driver/stm32f3xx_hal_can.o
 .debug_frame   0x00000554      0x15c Drivers/STM32F3xx_HAL_Driver/stm32f3xx_hal_cortex.o
 .debug_frame   0x000006b0       0xd0 Drivers/STM32F3xx_HAL_Driver/stm32f3xx_hal_gpio.o
 .debug_frame   0x00000780      0x150 Drivers/STM32F3xx_HAL_Driver/stm32f3xx_hal_rcc.o
 .debug_frame   0x000008d0       0x80 Drivers/STM32F3xx_HAL_Driver/stm32f3xx_hal_rcc_ex.o
 .debug_frame   0x00000950      0x570 Drivers/STM32F3xx_HAL_Driver/stm32f3xx_hal_uart.o
 .debug_frame   0x00000ec0       0x2c c:/ac6/systemworkbench/plugins/fr.ac6.mcu.externaltools.arm-none.win32_1.15.0.201708311556/tools/compiler/bin/../lib/gcc/arm-none-eabi/6.3.1/../../../../arm-none-eabi/lib/thumb/v7e-m/fpv4-sp/hard\libc_nano.a(lib_a-init.o)
 .debug_frame   0x00000eec       0x70 c:/ac6/systemworkbench/plugins/fr.ac6.mcu.externaltools.arm-none.win32_1.15.0.201708311556/tools/compiler/bin/../lib/gcc/arm-none-eabi/6.3.1/../../../../arm-none-eabi/lib/thumb/v7e-m/fpv4-sp/hard\libc_nano.a(lib_a-sprintf.o)
 .debug_frame   0x00000f5c       0x90 c:/ac6/systemworkbench/plugins/fr.ac6.mcu.externaltools.arm-none.win32_1.15.0.201708311556/tools/compiler/bin/../lib/gcc/arm-none-eabi/6.3.1/../../../../arm-none-eabi/lib/thumb/v7e-m/fpv4-sp/hard\libc_nano.a(lib_a-nano-svfprintf.o)
 .debug_frame   0x00000fec       0x60 c:/ac6/systemworkbench/plugins/fr.ac6.mcu.externaltools.arm-none.win32_1.15.0.201708311556/tools/compiler/bin/../lib/gcc/arm-none-eabi/6.3.1/../../../../arm-none-eabi/lib/thumb/v7e-m/fpv4-sp/hard\libc_nano.a(lib_a-nano-vfprintf_i.o)
 .debug_frame   0x0000104c       0x28 c:/ac6/systemworkbench/plugins/fr.ac6.mcu.externaltools.arm-none.win32_1.15.0.201708311556/tools/compiler/bin/../lib/gcc/arm-none-eabi/6.3.1/../../../../arm-none-eabi/lib/thumb/v7e-m/fpv4-sp/hard\libc_nano.a(lib_a-memcpy-stub.o)
 .debug_frame   0x00001074       0x28 c:/ac6/systemworkbench/plugins/fr.ac6.mcu.externaltools.arm-none.win32_1.15.0.201708311556/tools/compiler/bin/../lib/gcc/arm-none-eabi/6.3.1/../../../../arm-none-eabi/lib/thumb/v7e-m/fpv4-sp/hard\libc_nano.a(lib_a-memmove.o)
 .debug_frame   0x0000109c       0x38 c:/ac6/systemworkbench/plugins/fr.ac6.mcu.externaltools.arm-none.win32_1.15.0.201708311556/tools/compiler/bin/../lib/gcc/arm-none-eabi/6.3.1/../../../../arm-none-eabi/lib/thumb/v7e-m/fpv4-sp/hard\libc_nano.a(lib_a-nano-freer.o)
 .debug_frame   0x000010d4       0x2c c:/ac6/systemworkbench/plugins/fr.ac6.mcu.externaltools.arm-none.win32_1.15.0.201708311556/tools/compiler/bin/../lib/gcc/arm-none-eabi/6.3.1/../../../../arm-none-eabi/lib/thumb/v7e-m/fpv4-sp/hard\libc_nano.a(lib_a-nano-mallocr.o)
 .debug_frame   0x00001100       0x3c c:/ac6/systemworkbench/plugins/fr.ac6.mcu.externaltools.arm-none.win32_1.15.0.201708311556/tools/compiler/bin/../lib/gcc/arm-none-eabi/6.3.1/../../../../arm-none-eabi/lib/thumb/v7e-m/fpv4-sp/hard\libc_nano.a(lib_a-nano-reallocr.o)
 .debug_frame   0x0000113c       0x2c c:/ac6/systemworkbench/plugins/fr.ac6.mcu.externaltools.arm-none.win32_1.15.0.201708311556/tools/compiler/bin/../lib/gcc/arm-none-eabi/6.3.1/../../../../arm-none-eabi/lib/thumb/v7e-m/fpv4-sp/hard\libc_nano.a(lib_a-sbrkr.o)
 .debug_frame   0x00001168       0x30 c:/ac6/systemworkbench/plugins/fr.ac6.mcu.externaltools.arm-none.win32_1.15.0.201708311556/tools/compiler/bin/../lib/gcc/arm-none-eabi/6.3.1/../../../../arm-none-eabi/lib/thumb/v7e-m/fpv4-sp/hard\libc_nano.a(lib_a-mlock.o)
 .debug_frame   0x00001198       0x20 c:/ac6/systemworkbench/plugins/fr.ac6.mcu.externaltools.arm-none.win32_1.15.0.201708311556/tools/compiler/bin/../lib/gcc/arm-none-eabi/6.3.1/../../../../arm-none-eabi/lib/thumb/v7e-m/fpv4-sp/hard\libc_nano.a(lib_a-nano-msizer.o)
 .debug_frame   0x000011b8       0x5c c:/ac6/systemworkbench/plugins/fr.ac6.mcu.externaltools.arm-none.win32_1.15.0.201708311556/tools/compiler/bin/../lib/gcc/arm-none-eabi/6.3.1/../../../../arm-none-eabi/lib/thumb/v7e-m/fpv4-sp/hard\libc_nano.a(lib_a-reent.o)
 .debug_frame   0x00001214       0x20 c:/ac6/systemworkbench/plugins/fr.ac6.mcu.externaltools.arm-none.win32_1.15.0.201708311556/tools/compiler/bin/../lib/gcc/arm-none-eabi/6.3.1/../../../../arm-none-eabi/lib/thumb/v7e-m/fpv4-sp/hard\libnosys.a(sbrk.o)

.debug_loc      0x00000000     0x3d6c
 .debug_loc     0x00000000       0xb6 Application/User/stm32f3xx_hal_msp.o
 .debug_loc     0x000000b6       0xfe Drivers/CMSIS/system_stm32f3xx.o
 .debug_loc     0x000001b4       0x69 Drivers/STM32F3xx_HAL_Driver/stm32f3xx_hal.o
 .debug_loc     0x0000021d      0x7e4 Drivers/STM32F3xx_HAL_Driver/stm32f3xx_hal_can.o
 .debug_loc     0x00000a01      0x5ce Drivers/STM32F3xx_HAL_Driver/stm32f3xx_hal_cortex.o
 .debug_loc     0x00000fcf      0x315 Drivers/STM32F3xx_HAL_Driver/stm32f3xx_hal_gpio.o
 .debug_loc     0x000012e4      0x908 Drivers/STM32F3xx_HAL_Driver/stm32f3xx_hal_rcc.o
 .debug_loc     0x00001bec      0xabb Drivers/STM32F3xx_HAL_Driver/stm32f3xx_hal_rcc_ex.o
 .debug_loc     0x000026a7     0x16c5 Drivers/STM32F3xx_HAL_Driver/stm32f3xx_hal_uart.o
