Archive member included to satisfy reference by file (symbol)

c:/ac6/systemworkbench/plugins/fr.ac6.mcu.externaltools.arm-none.win32_1.15.0.201708311556/tools/compiler/bin/../lib/gcc/arm-none-eabi/6.3.1/../../../../arm-none-eabi/lib/thumb/v7e-m/fpv5/hard\libc_nano.a(lib_a-exit.o)
                              c:/ac6/systemworkbench/plugins/fr.ac6.mcu.externaltools.arm-none.win32_1.15.0.201708311556/tools/compiler/bin/../lib/gcc/arm-none-eabi/6.3.1/../../../../arm-none-eabi/lib/thumb/v7e-m/fpv5/hard/crt0.o (exit)
c:/ac6/systemworkbench/plugins/fr.ac6.mcu.externaltools.arm-none.win32_1.15.0.201708311556/tools/compiler/bin/../lib/gcc/arm-none-eabi/6.3.1/../../../../arm-none-eabi/lib/thumb/v7e-m/fpv5/hard\libc_nano.a(lib_a-impure.o)
                              c:/ac6/systemworkbench/plugins/fr.ac6.mcu.externaltools.arm-none.win32_1.15.0.201708311556/tools/compiler/bin/../lib/gcc/arm-none-eabi/6.3.1/../../../../arm-none-eabi/lib/thumb/v7e-m/fpv5/hard\libc_nano.a(lib_a-exit.o) (_global_impure_ptr)
c:/ac6/systemworkbench/plugins/fr.ac6.mcu.externaltools.arm-none.win32_1.15.0.201708311556/tools/compiler/bin/../lib/gcc/arm-none-eabi/6.3.1/../../../../arm-none-eabi/lib/thumb/v7e-m/fpv5/hard\libc_nano.a(lib_a-init.o)
                              c:/ac6/systemworkbench/plugins/fr.ac6.mcu.externaltools.arm-none.win32_1.15.0.201708311556/tools/compiler/bin/../lib/gcc/arm-none-eabi/6.3.1/../../../../arm-none-eabi/lib/thumb/v7e-m/fpv5/hard/crt0.o (__libc_init_array)
c:/ac6/systemworkbench/plugins/fr.ac6.mcu.externaltools.arm-none.win32_1.15.0.201708311556/tools/compiler/bin/../lib/gcc/arm-none-eabi/6.3.1/../../../../arm-none-eabi/lib/thumb/v7e-m/fpv5/hard\libc_nano.a(lib_a-memset.o)
                              c:/ac6/systemworkbench/plugins/fr.ac6.mcu.externaltools.arm-none.win32_1.15.0.201708311556/tools/compiler/bin/../lib/gcc/arm-none-eabi/6.3.1/../../../../arm-none-eabi/lib/thumb/v7e-m/fpv5/hard/crt0.o (memset)
c:/ac6/systemworkbench/plugins/fr.ac6.mcu.externaltools.arm-none.win32_1.15.0.201708311556/tools/compiler/bin/../lib/gcc/arm-none-eabi/6.3.1/../../../../arm-none-eabi/lib/thumb/v7e-m/fpv5/hard\libc_nano.a(lib_a-sprintf.o)
                              Application/User/main.o (sprintf)
c:/ac6/systemworkbench/plugins/fr.ac6.mcu.externaltools.arm-none.win32_1.15.0.201708311556/tools/compiler/bin/../lib/gcc/arm-none-eabi/6.3.1/../../../../arm-none-eabi/lib/thumb/v7e-m/fpv5/hard\libc_nano.a(lib_a-nano-svfprintf.o)
                              c:/ac6/systemworkbench/plugins/fr.ac6.mcu.externaltools.arm-none.win32_1.15.0.201708311556/tools/compiler/bin/../lib/gcc/arm-none-eabi/6.3.1/../../../../arm-none-eabi/lib/thumb/v7e-m/fpv5/hard\libc_nano.a(lib_a-sprintf.o) (_svfprintf_r)
c:/ac6/systemworkbench/plugins/fr.ac6.mcu.externaltools.arm-none.win32_1.15.0.201708311556/tools/compiler/bin/../lib/gcc/arm-none-eabi/6.3.1/../../../../arm-none-eabi/lib/thumb/v7e-m/fpv5/hard\libc_nano.a(lib_a-nano-vfprintf_i.o)
                              c:/ac6/systemworkbench/plugins/fr.ac6.mcu.externaltools.arm-none.win32_1.15.0.201708311556/tools/compiler/bin/../lib/gcc/arm-none-eabi/6.3.1/../../../../arm-none-eabi/lib/thumb/v7e-m/fpv5/hard\libc_nano.a(lib_a-nano-svfprintf.o) (_printf_i)
c:/ac6/systemworkbench/plugins/fr.ac6.mcu.externaltools.arm-none.win32_1.15.0.201708311556/tools/compiler/bin/../lib/gcc/arm-none-eabi/6.3.1/../../../../arm-none-eabi/lib/thumb/v7e-m/fpv5/hard\libc_nano.a(lib_a-memchr.o)
                              c:/ac6/systemworkbench/plugins/fr.ac6.mcu.externaltools.arm-none.win32_1.15.0.201708311556/tools/compiler/bin/../lib/gcc/arm-none-eabi/6.3.1/../../../../arm-none-eabi/lib/thumb/v7e-m/fpv5/hard\libc_nano.a(lib_a-nano-svfprintf.o) (memchr)
c:/ac6/systemworkbench/plugins/fr.ac6.mcu.externaltools.arm-none.win32_1.15.0.201708311556/tools/compiler/bin/../lib/gcc/arm-none-eabi/6.3.1/../../../../arm-none-eabi/lib/thumb/v7e-m/fpv5/hard\libc_nano.a(lib_a-memcpy-stub.o)
                              c:/ac6/systemworkbench/plugins/fr.ac6.mcu.externaltools.arm-none.win32_1.15.0.201708311556/tools/compiler/bin/../lib/gcc/arm-none-eabi/6.3.1/../../../../arm-none-eabi/lib/thumb/v7e-m/fpv5/hard\libc_nano.a(lib_a-nano-svfprintf.o) (memcpy)
c:/ac6/systemworkbench/plugins/fr.ac6.mcu.externaltools.arm-none.win32_1.15.0.201708311556/tools/compiler/bin/../lib/gcc/arm-none-eabi/6.3.1/../../../../arm-none-eabi/lib/thumb/v7e-m/fpv5/hard\libc_nano.a(lib_a-memmove.o)
                              c:/ac6/systemworkbench/plugins/fr.ac6.mcu.externaltools.arm-none.win32_1.15.0.201708311556/tools/compiler/bin/../lib/gcc/arm-none-eabi/6.3.1/../../../../arm-none-eabi/lib/thumb/v7e-m/fpv5/hard\libc_nano.a(lib_a-nano-svfprintf.o) (memmove)
c:/ac6/systemworkbench/plugins/fr.ac6.mcu.externaltools.arm-none.win32_1.15.0.201708311556/tools/compiler/bin/../lib/gcc/arm-none-eabi/6.3.1/../../../../arm-none-eabi/lib/thumb/v7e-m/fpv5/hard\libc_nano.a(lib_a-nano-freer.o)
[...]
Memory Configuration

Name             Origin             Length             Attributes
RAM              0x20000000         0x00080000         xrw
FLASH            0x08000000         0x00200000         xr
*default*        0x00000000         0xffffffff

Linker script and memory map

LOAD c:/ac6/systemworkbench/plugins/fr.ac6.mcu.externaltools.arm-none.win32_1.15.0.201708311556/tools/compiler/bin/../lib/gcc/arm-none-eabi/6.3.1/thumb/v7e-m/fpv5/hard/crti.o
LOAD c:/ac6/systemworkbench/plugins/fr.ac6.mcu.externaltools.arm-none.win32_1.15.0.201708311556/tools/compiler/bin/../lib/gcc/arm-none-eabi/6.3.1/thumb/v7e-m/fpv5/hard/crtbegin.o
LOAD c:/ac6/systemworkbench/plugins/fr.ac6.mcu.externaltools.arm-none.win32_1.15.0.201708311556/tools/compiler/bin/../lib/gcc/arm-none-eabi/6.3.1/../../../../arm-none-eabi/lib/thumb/v7e-m/fpv5/hard/crt0.o
LOAD Application/SW4STM32/startup_stm32f767xx.o
LOAD Application/User/main.o
LOAD Application/User/stm32f7xx_hal_msp.o
LOAD Application/User/stm32f7xx_it.o
LOAD Drivers/CMSIS/system_stm32f7xx.o
LOAD Drivers/STM32F7xx_HAL_Driver/stm32f7xx_hal.o
LOAD Drivers/STM32F7xx_HAL_Driver/stm32f7xx_hal_can.o
LOAD Drivers/STM32F7xx_HAL_Driver/stm32f7xx_hal_cortex.o
LOAD Drivers/STM32F7xx_HAL_Driver/stm32f7xx_hal_dma.o
LOAD Drivers/STM32F7xx_HAL_Driver/stm32f7xx_hal_dma_ex.o
LOAD Drivers/STM32F7xx_HAL_Driver/stm32f7xx_hal_flash.o
LOAD Drivers/STM32F7xx_HAL_Driver/stm32f7xx_hal_flash_ex.o
LOAD Drivers/STM32F7xx_HAL_Driver/stm32f7xx_hal_gpio.o
LOAD Drivers/STM32F7xx_HAL_Driver/stm32f7xx_hal_i2c.o
LOAD Drivers/STM32F7xx_HAL_Driver/stm32f7xx_hal_i2c_ex.o
LOAD Drivers/STM32F7xx_HAL_Driver/stm32f7xx_hal_pwr.o
LOAD Drivers/STM32F7xx_HAL_Driver/stm32f7xx_hal_pwr_ex.o
LOAD Drivers/STM32F7xx_HAL_Driver/stm32f7xx_hal_rcc.o
LOAD Drivers/STM32F7xx_HAL_Driver/stm32f7xx_hal_rcc_ex.o
LOAD Drivers/STM32F7xx_HAL_Driver/stm32f7xx_hal_tim.o
LOAD Drivers/STM32F7xx_HAL_Driver/stm32f7xx_hal_tim_ex.o
LOAD Drivers/STM32F7xx_HAL_Driver/stm32f7xx_hal_uart.o
LOAD c:/ac6/systemworkbench/plugins/fr.ac6.mcu.externaltools.arm-none.win32_1.15.0.201708311556/tools/compiler/bin/../lib/gcc/arm-none-eabi/6.3.1/../../../../arm-none-eabi/lib/thumb/v7e-m/fpv5/hard\libm.a
START GROUP
LOAD c:/ac6/systemworkbench/plugins/fr.ac6.mcu.externaltools.arm-none.win32_1.15.0.201708311556/tools/compiler/bin/../lib/gcc/arm-none-eabi/6.3.1/thumb/v7e-m/fpv5/hard\libgcc.a
LOAD c:/ac6/systemworkbench/plugins/fr.ac6.mcu.externaltools.arm-none.win32_1.15.0.201708311556/tools/compiler/bin/../lib/gcc/arm-none-eabi/6.3.1/../../../../arm-none-eabi/lib/thumb/v7e-m/fpv5/hard\libc_nano.a
END GROUP
START GROUP
LOAD c:/ac6/systemworkbench/plugins/fr.ac6.mcu.externaltools.arm-none.win32_1.15.0.201708311556/tools/compiler/bin/../lib/gcc/arm-none-eabi/6.3.1/thumb/v7e-m/fpv5/hard\libgcc.a
LOAD c:/ac6/systemworkbench/plugins/fr.ac6.mcu.externaltools.arm-none.win32_1.15.0.201708311556/tools/compiler/bin/../lib/gcc/arm-none-eabi/6.3.1/../../../../arm-none-eabi/lib/thumb/v7e-m/fpv5/hard\libc_nano.a
LOAD c:/ac6/systemworkbench/plugins/fr.ac6.mcu.externaltools.arm-none.win32_1.15.0.201708311556/tools/compiler/bin/../lib/gcc/arm-none-eabi/6.3.1/../../../../arm-none-eabi/lib/thumb/v7e-m/fpv5/hard\libnosys.a
END GROUP
START GROUP
LOAD c:/ac6/systemworkbench/plugins/fr.ac6.mcu.externaltools.arm-none.win32_1.15.0.201708311556/tools/compiler/bin/../lib/gcc/arm-none-eabi/6.3.1/thumb/v7e-m/fpv5/hard\libgcc.a
LOAD c:/ac6/systemworkbench/plugins/fr.ac6.mcu.externaltools.arm-none.win32_1.15.0.201708311556/tools/compiler/bin/../lib/gcc/arm-none-eabi/6.3.1/../../../../arm-none-eabi/lib/thumb/v7e-m/fpv5/hard\libc_nano.a
LOAD c:/ac6/systemworkbench/plugins/fr.ac6.mcu.externaltools.arm-none.win32_1.15.0.201708311556/tools/compiler/bin/../lib/gcc/arm-none-eabi/6.3.1/../../../../arm-none-eabi/lib/thumb/v7e-m/fpv5/hard\libnosys.a
END GROUP
LOAD c:/ac6/systemworkbench/plugins/fr.ac6.mcu.externaltools.arm-none.win32_1.15.0.201708311556/tools/compiler/bin/../lib/gcc/arm-none-eabi/6.3.1/thumb/v7e-m/fpv5/hard/crtend.o
LOAD c:/ac6/systemworkbench/plugins/fr.ac6.mcu.externaltools.arm-none.win32_1.15.0.201708311556/tools/compiler/bin/../lib/gcc/arm-none-eabi/6.3.1/thumb/v7e-m/fpv5/hard/crtn.o
                0x20080000                _estack = 0x20080000
                0x00000200                _Min_Heap_Size = 0x200
                0x00000400                _Min_Stack_Size = 0x400

.isr_vector     0x08000000      0x1f8
                0x08000000                . = ALIGN (0x4)
 *(.isr_vector)
 .isr_vector    0x08000000      0x1f8 Application/SW4STM32/startup_stm32f767xx.o
                0x08000000                g_pfnVectors
                0x080001f8                . = ALIGN (0x4)

.text           0x08000200     0x2ef0
                0x08000200                . = ALIGN (0x4)
 *(.text)
 .text          0x08000200       0x6c c:/ac6/systemworkbench/plugins/fr.ac6.mcu.externaltools.arm-none.win32_1.15.0.201708311556/tools/compiler/bin/../lib/gcc/arm-none-eabi/6.3.1/thumb/v7e-m/fpv5/hard/crtbegin.o
 *fill*         0x0800026c        0x4 
 .text          0x08000270       0xa0 c:/ac6/systemworkbench/plugins/fr.ac6.mcu.externaltools.arm-none.win32_1.15.0.201708311556/tools/compiler/bin/../lib/gcc/arm-none-eabi/6.3.1/../../../../arm-none-eabi/lib/thumb/v7e-m/fpv5/hard\libc_nano.a(lib_a-memchr.o)
                0x08000270                memchr
 *(.text*)
 .text.Reset_Handler
                0x08000310       0x50 Application/SW4STM32/startup_stm32f767xx.o
                0x08000310                Reset_Handler
 .text.Default_Handler
                0x08000360        0x2 Application/SW4STM32/startup_stm32f767xx.o
                0x08000360                RTC_Alarm_IRQHandler
                0x08000360                EXTI2_IRQHandler
                0x08000360                TIM8_CC_IRQHandler
                0x08000360                DebugMon_Handler
                0x08000360                UART8_IRQHandler
                0x08000360                SPI4_IRQHandler
                0x08000360                TIM1_CC_IRQHandler
                0x08000360                DMA2_Stream5_IRQHandler
                0x08000360                HardFault_Handler
                0x08000360                JPEG_IRQHandler
                0x08000360                DMA1_Stream5_IRQHandler
                0x08000360                PVD_IRQHandler
                0x08000360                TAMP_STAMP_IRQHandler
                0x08000360                NMI_Handler
                0x08000360                CAN2_RX1_IRQHandler
                0x08000360                EXTI3_IRQHandler
                0x08000360                TIM8_TRG_COM_TIM14_IRQHandler
                0x08000360                DFSDM1_FLT1_IRQHandler
                0x08000360                TIM1_UP_TIM10_IRQHandler
                0x08000360                TIM8_UP_TIM13_IRQHandler
                0x08000360                I2C3_ER_IRQHandler
                0x08000360                DFSDM1_FLT2_IRQHandler
                0x08000360                EXTI0_IRQHandler
                0x08000360                I2C2_EV_IRQHandler
                0x08000360                DMA1_Stream2_IRQHandler
                0x08000360                FPU_IRQHandler
                0x08000360                OTG_HS_WKUP_IRQHandler
                0x08000360                CAN3_SCE_IRQHandler
                0x08000360                UsageFault_Handler
                0x08000360                LTDC_ER_IRQHandler
                0x08000360                CAN2_SCE_IRQHandler
                0x08000360                DMA2_Stream2_IRQHandler
                0x08000360                SPI1_IRQHandler
                0x08000360                TIM6_DAC_IRQHandler
                0x08000360                TIM1_BRK_TIM9_IRQHandler
                0x08000360                DCMI_IRQHandler
                0x08000360                CAN2_RX0_IRQHandler
                0x08000360                DMA2_Stream3_IRQHandler
                0x08000360                SAI2_IRQHandler
                0x08000360                DFSDM1_FLT3_IRQHandler
                0x08000360                USART6_IRQHandler
                0x08000360                USART3_IRQHandler
                0x08000360                CAN1_RX1_IRQHandler
                0x08000360                UART5_IRQHandler
                0x08000360                DMA2_Stream0_IRQHandler
                0x08000360                TIM4_IRQHandler
                0x08000360                QUADSPI_IRQHandler
                0x08000360                I2C1_EV_IRQHandler
                0x08000360                DMA1_Stream6_IRQHandler
                0x08000360                DMA1_Stream1_IRQHandler
                0x08000360                UART4_IRQHandler
                0x08000360                TIM3_IRQHandler
                0x08000360                RCC_IRQHandler
                0x08000360                TIM8_BRK_TIM12_IRQHandler
                0x08000360                Default_Handler
                0x08000360                CEC_IRQHandler
                0x08000360                EXTI15_10_IRQHandler
                0x08000360                ADC_IRQHandler
                0x08000360                DMA1_Stream7_IRQHandler
                0x08000360                SPI5_IRQHandler
                0x08000360                TIM7_IRQHandler
                0x08000360                SDMMC1_IRQHandler
                0x08000360                CAN2_TX_IRQHandler
                0x08000360                TIM5_IRQHandler
                0x08000360                DMA2_Stream7_IRQHandler
                0x08000360                I2C3_EV_IRQHandler
                0x08000360                EXTI9_5_IRQHandler
                0x08000360                RTC_WKUP_IRQHandler
                0x08000360                LTDC_IRQHandler
                0x08000360                ETH_WKUP_IRQHandler
                0x08000360                SPDIF_RX_IRQHandler
                0x08000360                SPI2_IRQHandler
                0x08000360                OTG_HS_EP1_IN_IRQHandler
                0x08000360                MemManage_Handler
                0x08000360                DMA1_Stream0_IRQHandler
                0x08000360                CAN1_TX_IRQHandler
                0x08000360                EXTI4_IRQHandler
                0x08000360                RNG_IRQHandler
                0x08000360                ETH_IRQHandler
                0x08000360                OTG_HS_EP1_OUT_IRQHandler
                0x08000360                WWDG_IRQHandler
                0x08000360                SPI6_IRQHandler
                0x08000360                MDIOS_IRQHandler
                0x08000360                I2C4_EV_IRQHandler
                0x08000360                CAN3_TX_IRQHandler
                0x08000360                TIM2_IRQHandler
                0x08000360                OTG_FS_WKUP_IRQHandler
                0x08000360                TIM1_TRG_COM_TIM11_IRQHandler
                0x08000360                OTG_HS_IRQHandler
                0x08000360                DMA2D_IRQHandler
                0x08000360                EXTI1_IRQHandler
                0x08000360                SDMMC2_IRQHandler
                0x08000360                UART7_IRQHandler
                0x08000360                USART2_IRQHandler
                0x08000360                DFSDM1_FLT0_IRQHandler
                0x08000360                I2C2_ER_IRQHandler
                0x08000360                DMA2_Stream1_IRQHandler
                0x08000360                CAN1_SCE_IRQHandler
                0x08000360                FLASH_IRQHandler
                0x08000360                DMA2_Stream4_IRQHandler
                0x08000360                BusFault_Handler
                0x08000360                USART1_IRQHandler
                0x08000360                OTG_FS_IRQHandler
                0x08000360                SPI3_IRQHandler
                0x08000360                DMA1_Stream4_IRQHandler
                0x08000360                I2C1_ER_IRQHandler
                0x08000360                FMC_IRQHandler
                0x08000360                LPTIM1_IRQHandler
                0x08000360                I2C4_ER_IRQHandler
                0x08000360                DMA2_Stream6_IRQHandler
                0x08000360                SAI1_IRQHandler
                0x08000360                DMA1_Stream3_IRQHandler
 *fill*         0x08000362        0x2 
 .text.MX_GPIO_Init
                0x08000364       0x70 Application/User/main.o
 .text._Error_Handler
                0x080003d4        0x2 Application/User/main.o
                0x080003d4                _Error_Handler
 *fill*         0x080003d6        0x2 
 .text.MX_CAN1_Init
                0x080003d8       0x48 Application/User/main.o
 .text.MX_CAN3_Init
                0x08000420       0x48 Application/User/main.o
 .text.MX_USART3_UART_Init
                0x08000468       0x40 Application/User/main.o
 .text.SystemClock_Config
                0x080004a8       0xc4 Application/User/main.o
                0x080004a8                SystemClock_Config
 .text.main     0x0800056c      0x14c Application/User/main.o
                0x0800056c                main
 .text.HAL_MspInit
                0x080006b8       0x5e Application/User/stm32f7xx_hal_msp.o
                0x080006b8                HAL_MspInit
 *fill*         0x08000716        0x2 
 .text.HAL_CAN_MspInit
                0x08000718      0x104 Application/User/stm32f7xx_hal_msp.o
                0x08000718                HAL_CAN_MspInit
 .text.HAL_UART_MspInit
                0x0800081c       0x50 Application/User/stm32f7xx_hal_msp.o
                0x0800081c                HAL_UART_MspInit
 .text.SVC_Handler
                0x0800086c        0x2 Application/User/stm32f7xx_it.o
                0x0800086c                SVC_Handler
 .text.PendSV_Handler
                0x0800086e        0x2 Application/User/stm32f7xx_it.o
                0x0800086e                PendSV_Handler
 .text.SysTick_Handler
                0x08000870        0xc Application/User/stm32f7xx_it.o
                0x08000870                SysTick_Handler
 .text.CAN1_RX0_IRQHandler
                0x0800087c       0x10 Application/User/stm32f7xx_it.o
                0x0800087c                CAN1_RX0_IRQHandler
 .text.CAN3_RX0_IRQHandler
                0x0800088c       0x4c Application/User/stm32f7xx_it.o
                0x0800088c                CAN3_RX0_IRQHandler
 .text.CAN3_RX1_IRQHandler
                0x080008d8       0x4c Application/User/stm32f7xx_it.o
                0x080008d8                CAN3_RX1_IRQHandler
 .text.SystemInit
                0x08000924       0x50 Drivers/CMSIS/system_stm32f7xx.o
                0x08000924                SystemInit
 .text.HAL_InitTick
                0x08000974       0x2c Drivers/STM32F7xx_HAL_Driver/stm32f7xx_hal.o
                0x08000974                HAL_InitTick
 .text.HAL_Init
                0x080009a0       0x16 Drivers/STM32F7xx_HAL_Driver/stm32f7xx_hal.o
                0x080009a0                HAL_Init
 *fill*         0x080009b6        0x2 
 .text.HAL_IncTick
                0x080009b8       0x10 Drivers/STM32F7xx_HAL_Driver/stm32f7xx_hal.o
                0x080009b8                HAL_IncTick
 .text.HAL_GetTick
                0x080009c8        0xc Drivers/STM32F7xx_HAL_Driver/stm32f7xx_hal.o
                0x080009c8                HAL_GetTick
 .text.HAL_Delay
                0x080009d4       0x1c Drivers/STM32F7xx_HAL_Driver/stm32f7xx_hal.o
                0x080009d4                HAL_Delay
 .text.HAL_CAN_ConfigFilter
                0x080009f0      0x110 Drivers/STM32F7xx_HAL_Driver/stm32f7xx_hal_can.o
                0x080009f0                HAL_CAN_ConfigFilter
 .text.HAL_CAN_Init
                0x08000b00      0x180 Drivers/STM32F7xx_HAL_Driver/stm32f7xx_hal_can.o
                0x08000b00                HAL_CAN_Init
 .text.HAL_CAN_Transmit
                0x08000c80      0x210 Drivers/STM32F7xx_HAL_Driver/stm32f7xx_hal_can.o
                0x08000c80                HAL_CAN_Transmit
 .text.HAL_CAN_Receive_IT
                0x08000e90      0x126 Drivers/STM32F7xx_HAL_Driver/stm32f7xx_hal_can.o
                0x08000e90                HAL_CAN_Receive_IT
 .text.HAL_CAN_TxCpltCallback
                0x08000fb6        0x2 Drivers/STM32F7xx_HAL_Driver/stm32f7xx_hal_can.o
                0x08000fb6                HAL_CAN_TxCpltCallback
 .text.CAN_Transmit_IT
                0x08000fb8       0x5a Drivers/STM32F7xx_HAL_Driver/stm32f7xx_hal_can.o
 .text.HAL_CAN_RxCpltCallback
                0x08001012        0x2 Drivers/STM32F7xx_HAL_Driver/stm32f7xx_hal_can.o
                0x08001012                HAL_CAN_RxCpltCallback
 .text.CAN_Receive_IT
                0x08001014      0x170 Drivers/STM32F7xx_HAL_Driver/stm32f7xx_hal_can.o
 .text.HAL_CAN_ErrorCallback
                0x08001184        0x2 Drivers/STM32F7xx_HAL_Driver/stm32f7xx_hal_can.o
                0x08001184                HAL_CAN_ErrorCallback
 *fill*         0x08001186        0x2 
 .text.HAL_CAN_IRQHandler
                0x08001188      0x1f8 Drivers/STM32F7xx_HAL_Driver/stm32f7xx_hal_can.o
                0x08001188                HAL_CAN_IRQHandler
 .text.HAL_NVIC_SetPriorityGrouping
                0x08001380       0x24 Drivers/STM32F7xx_HAL_Driver/stm32f7xx_hal_cortex.o
                0x08001380                HAL_NVIC_SetPriorityGrouping
 .text.HAL_NVIC_SetPriority
                0x080013a4       0x60 Drivers/STM32F7xx_HAL_Driver/stm32f7xx_hal_cortex.o
                0x080013a4                HAL_NVIC_SetPriority
 .text.HAL_NVIC_EnableIRQ
                0x08001404       0x18 Drivers/STM32F7xx_HAL_Driver/stm32f7xx_hal_cortex.o
                0x08001404                HAL_NVIC_EnableIRQ
 .text.HAL_SYSTICK_Config
                0x0800141c       0x2c Drivers/STM32F7xx_HAL_Driver/stm32f7xx_hal_cortex.o
                0x0800141c                HAL_SYSTICK_Config
 .text.HAL_SYSTICK_CLKSourceConfig
                0x08001448       0x20 Drivers/STM32F7xx_HAL_Driver/stm32f7xx_hal_cortex.o
                0x08001448                HAL_SYSTICK_CLKSourceConfig
 .text.HAL_SYSTICK_Callback
                0x08001468        0x2 Drivers/STM32F7xx_HAL_Driver/stm32f7xx_hal_cortex.o
                0x08001468                HAL_SYSTICK_Callback
 .text.HAL_SYSTICK_IRQHandler
                0x0800146a        0x8 Drivers/STM32F7xx_HAL_Driver/stm32f7xx_hal_cortex.o
                0x0800146a                HAL_SYSTICK_IRQHandler
 *fill*         0x08001472        0x2 
 .text.HAL_GPIO_Init
                0x08001474      0x1dc Drivers/STM32F7xx_HAL_Driver/stm32f7xx_hal_gpio.o
                0x08001474                HAL_GPIO_Init
 .text.HAL_GPIO_WritePin
                0x08001650        0xc Drivers/STM32F7xx_HAL_Driver/stm32f7xx_hal_gpio.o
                0x08001650                HAL_GPIO_WritePin
 .text.HAL_GPIO_TogglePin
                0x0800165c        0x8 Drivers/STM32F7xx_HAL_Driver/stm32f7xx_hal_gpio.o
                0x0800165c                HAL_GPIO_TogglePin
 .text.HAL_RCC_OscConfig
                0x08001664      0x3d4 Drivers/STM32F7xx_HAL_Driver/stm32f7xx_hal_rcc.o
                0x08001664                HAL_RCC_OscConfig
 .text.HAL_RCC_GetSysClockFreq
                0x08001a38       0x60 Drivers/STM32F7xx_HAL_Driver/stm32f7xx_hal_rcc.o
                0x08001a38                HAL_RCC_GetSysClockFreq
 .text.HAL_RCC_ClockConfig
                0x08001a98      0x140 Drivers/STM32F7xx_HAL_Driver/stm32f7xx_hal_rcc.o
                0x08001a98                HAL_RCC_ClockConfig
 .text.HAL_RCC_GetHCLKFreq
                0x08001bd8        0xc Drivers/STM32F7xx_HAL_Driver/stm32f7xx_hal_rcc.o
                0x08001bd8                HAL_RCC_GetHCLKFreq
 .text.HAL_RCC_GetPCLK1Freq
                0x08001be4       0x20 Drivers/STM32F7xx_HAL_Driver/stm32f7xx_hal_rcc.o
                0x08001be4                HAL_RCC_GetPCLK1Freq
 .text.HAL_RCC_GetPCLK2Freq
                0x08001c04       0x20 Drivers/STM32F7xx_HAL_Driver/stm32f7xx_hal_rcc.o
                0x08001c04                HAL_RCC_GetPCLK2Freq
 .text.HAL_RCCEx_PeriphCLKConfig
                0x08001c24      0x608 Drivers/STM32F7xx_HAL_Driver/stm32f7xx_hal_rcc_ex.o
                0x08001c24                HAL_RCCEx_PeriphCLKConfig
 .text.UART_WaitOnFlagUntilTimeout
                0x0800222c       0x64 Drivers/STM32F7xx_HAL_Driver/stm32f7xx_hal_uart.o
                0x0800222c                UART_WaitOnFlagUntilTimeout
 .text.HAL_UART_Transmit
                0x08002290       0xcc Drivers/STM32F7xx_HAL_Driver/stm32f7xx_hal_uart.o
                0x08002290                HAL_UART_Transmit
 .text.UART_SetConfig
                0x0800235c      0x360 Drivers/STM32F7xx_HAL_Driver/stm32f7xx_hal_uart.o
                0x0800235c                UART_SetConfig
 .text.UART_AdvFeatureConfig
                0x080026bc       0xca Drivers/STM32F7xx_HAL_Driver/stm32f7xx_hal_uart.o
                0x080026bc                UART_AdvFeatureConfig
 .text.UART_CheckIdleState
                0x08002786       0x48 Drivers/STM32F7xx_HAL_Driver/stm32f7xx_hal_uart.o
                0x08002786                UART_CheckIdleState
 .text.HAL_UART_Init
                0x080027ce       0x68 Drivers/STM32F7xx_HAL_Driver/stm32f7xx_hal_uart.o
                0x080027ce                HAL_UART_Init
 *fill*         0x08002836        0x2 
 .text.__libc_init_array
                0x08002838       0x48 c:/ac6/systemworkbench/plugins/fr.ac6.mcu.externaltools.arm-none.win32_1.15.0.201708311556/tools/compiler/bin/../lib/gcc/arm-none-eabi/6.3.1/../../../../arm-none-eabi/lib/thumb/v7e-m/fpv5/hard\libc_nano.a(lib_a-init.o)
                0x08002838                __libc_init_array
 .text.sprintf  0x08002880       0x48 c:/ac6/systemworkbench/plugins/fr.ac6.mcu.externaltools.arm-none.win32_1.15.0.201708311556/tools/compiler/bin/../lib/gcc/arm-none-eabi/6.3.1/../../../../arm-none-eabi/lib/thumb/v7e-m/fpv5/hard\libc_nano.a(lib_a-sprintf.o)
                0x08002880                siprintf
                0x08002880                sprintf
 .text.__ssputs_r
                0x080028c8       0xb6 c:/ac6/systemworkbench/plugins/fr.ac6.mcu.externaltools.arm-none.win32_1.15.0.201708311556/tools/compiler/bin/../lib/gcc/arm-none-eabi/6.3.1/../../../../arm-none-eabi/lib/thumb/v7e-m/fpv5/hard\libc_nano.a(lib_a-nano-svfprintf.o)
                0x080028c8                __ssputs_r
 *fill*         0x0800297e        0x2 
 .text._svfprintf_r
                0x08002980      0x1e8 c:/ac6/systemworkbench/plugins/fr.ac6.mcu.externaltools.arm-none.win32_1.15.0.201708311556/tools/compiler/bin/../lib/gcc/arm-none-eabi/6.3.1/../../../../arm-none-eabi/lib/thumb/v7e-m/fpv5/hard\libc_nano.a(lib_a-nano-svfprintf.o)
                0x08002980                _svfiprintf_r
                0x08002980                _svfprintf_r
 .text._printf_common
                0x08002b68       0xec c:/ac6/systemworkbench/plugins/fr.ac6.mcu.externaltools.arm-none.win32_1.15.0.201708311556/tools/compiler/bin/../lib/gcc/arm-none-eabi/6.3.1/../../../../arm-none-eabi/lib/thumb/v7e-m/fpv5/hard\libc_nano.a(lib_a-nano-vfprintf_i.o)
                0x08002b68                _printf_common
 .text._printf_i
                0x08002c54      0x240 c:/ac6/systemworkbench/plugins/fr.ac6.mcu.externaltools.arm-none.win32_1.15.0.201708311556/tools/compiler/bin/../lib/gcc/arm-none-eabi/6.3.1/../../../../arm-none-eabi/lib/thumb/v7e-m/fpv5/hard\libc_nano.a(lib_a-nano-vfprintf_i.o)
                0x08002c54                _printf_i
 .text.memcpy   0x08002e94       0x16 c:/ac6/systemworkbench/plugins/fr.ac6.mcu.externaltools.arm-none.win32_1.15.0.201708311556/tools/compiler/bin/../lib/gcc/arm-none-eabi/6.3.1/../../../../arm-none-eabi/lib/thumb/v7e-m/fpv5/hard\libc_nano.a(lib_a-memcpy-stub.o)
                0x08002e94                memcpy
 .text.memmove  0x08002eaa       0x34 c:/ac6/systemworkbench/plugins/fr.ac6.mcu.externaltools.arm-none.win32_1.15.0.201708311556/tools/compiler/bin/../lib/gcc/arm-none-eabi/6.3.1/../../../../arm-none-eabi/lib/thumb/v7e-m/fpv5/hard\libc_nano.a(lib_a-memmove.o)
                0x08002eaa                memmove
 *fill*         0x08002ede        0x2 
 .text._free_r  0x08002ee0       0x9c c:/ac6/systemworkbench/plugins/fr.ac6.mcu.externaltools.arm-none.win32_1.15.0.201708311556/tools/compiler/bin/../lib/gcc/arm-none-eabi/6.3.1/../../../../arm-none-eabi/lib/thumb/v7e-m/fpv5/hard\libc_nano.a(lib_a-nano-freer.o)
                0x08002ee0                _free_r
 .text._malloc_r
                0x08002f7c       0xbc c:/ac6/systemworkbench/plugins/fr.ac6.mcu.externaltools.arm-none.win32_1.15.0.201708311556/tools/compiler/bin/../lib/gcc/arm-none-eabi/6.3.1/../../../../arm-none-eabi/lib/thumb/v7e-m/fpv5/hard\libc_nano.a(lib_a-nano-mallocr.o)
                0x08002f7c                _malloc_r
 .text._realloc_r
                0x08003038       0x4c c:/ac6/systemworkbench/plugins/fr.ac6.mcu.externaltools.arm-none.win32_1.15.0.201708311556/tools/compiler/bin/../lib/gcc/arm-none-eabi/6.3.1/../../../../arm-none-eabi/lib/thumb/v7e-m/fpv5/hard\libc_nano.a(lib_a-nano-reallocr.o)
                0x08003038                _realloc_r
 .text._sbrk_r  0x08003084       0x20 c:/ac6/systemworkbench/plugins/fr.ac6.mcu.externaltools.arm-none.win32_1.15.0.201708311556/tools/compiler/bin/../lib/gcc/arm-none-eabi/6.3.1/../../../../arm-none-eabi/lib/thumb/v7e-m/fpv5/hard\libc_nano.a(lib_a-sbrkr.o)
                0x08003084                _sbrk_r
 .text.__malloc_lock
                0x080030a4        0x2 c:/ac6/systemworkbench/plugins/fr.ac6.mcu.externaltools.arm-none.win32_1.15.0.201708311556/tools/compiler/bin/../lib/gcc/arm-none-eabi/6.3.1/../../../../arm-none-eabi/lib/thumb/v7e-m/fpv5/hard\libc_nano.a(lib_a-mlock.o)
                0x080030a4                __malloc_lock
 .text.__malloc_unlock
                0x080030a6        0x2 c:/ac6/systemworkbench/plugins/fr.ac6.mcu.externaltools.arm-none.win32_1.15.0.201708311556/tools/compiler/bin/../lib/gcc/arm-none-eabi/6.3.1/../../../../arm-none-eabi/lib/thumb/v7e-m/fpv5/hard\libc_nano.a(lib_a-mlock.o)
                0x080030a6                __malloc_unlock
 .text._malloc_usable_size_r
                0x080030a8       0x12 c:/ac6/systemworkbench/plugins/fr.ac6.mcu.externaltools.arm-none.win32_1.15.0.201708311556/tools/compiler/bin/../lib/gcc/arm-none-eabi/6.3.1/../../../../arm-none-eabi/lib/thumb/v7e-m/fpv5/hard\libc_nano.a(lib_a-nano-msizer.o)
                0x080030a8                _malloc_usable_size_r
 *fill*         0x080030ba        0x2 
 .text._sbrk    0x080030bc       0x1c c:/ac6/systemworkbench/plugins/fr.ac6.mcu.externaltools.arm-none.win32_1.15.0.201708311556/tools/compiler/bin/../lib/gcc/arm-none-eabi/6.3.1/../../../../arm-none-eabi/lib/thumb/v7e-m/fpv5/hard\libnosys.a(sbrk.o)
                0x080030bc                _sbrk
 *(.glue_7)
 .glue_7        0x080030d8        0x0 linker stubs
 *(.glue_7t)
 .glue_7t       0x080030d8        0x0 linker stubs
 *(.eh_frame)
 .eh_frame      0x080030d8        0x0 c:/ac6/systemworkbench/plugins/fr.ac6.mcu.externaltools.arm-none.win32_1.15.0.201708311556/tools/compiler/bin/../lib/gcc/arm-none-eabi/6.3.1/thumb/v7e-m/fpv5/hard/crtbegin.o
 *(.init)
 .init          0x080030d8        0x4 c:/ac6/systemworkbench/plugins/fr.ac6.mcu.externaltools.arm-none.win32_1.15.0.201708311556/tools/compiler/bin/../lib/gcc/arm-none-eabi/6.3.1/thumb/v7e-m/fpv5/hard/crti.o
                0x080030d8                _init
 .init          0x080030dc        0x8 c:/ac6/systemworkbench/plugins/fr.ac6.mcu.externaltools.arm-none.win32_1.15.0.201708311556/tools/compiler/bin/../lib/gcc/arm-none-eabi/6.3.1/thumb/v7e-m/fpv5/hard/crtn.o
 *(.fini)
 .fini          0x080030e4        0x4 c:/ac6/systemworkbench/plugins/fr.ac6.mcu.externaltools.arm-none.win32_1.15.0.201708311556/tools/compiler/bin/../lib/gcc/arm-none-eabi/6.3.1/thumb/v7e-m/fpv5/hard/crti.o
                0x080030e4                _fini
 .fini          0x080030e8        0x8 c:/ac6/systemworkbench/plugins/fr.ac6.mcu.externaltools.arm-none.win32_1.15.0.201708311556/tools/compiler/bin/../lib/gcc/arm-none-eabi/6.3.1/thumb/v7e-m/fpv5/hard/crtn.o
                0x080030f0                . = ALIGN (0x4)
                0x080030f0                _etext = .

.vfp11_veneer   0x080030f0        0x0
 .vfp11_veneer  0x080030f0        0x0 linker stubs

.v4_bx          0x080030f0        0x0
 .v4_bx         0x080030f0        0x0 linker stubs

.iplt           0x080030f0        0x0
 .iplt          0x080030f0        0x0 c:/ac6/systemworkbench/plugins/fr.ac6.mcu.externaltools.arm-none.win32_1.15.0.201708311556/tools/compiler/bin/../lib/gcc/arm-none-eabi/6.3.1/thumb/v7e-m/fpv5/hard/crtbegin.o

.rodata         0x080030f0       0xb8
                0x080030f0                . = ALIGN (0x4)
 *(.rodata)
 .rodata        0x080030f0       0x18 Drivers/CMSIS/system_stm32f7xx.o
                0x080030f0                AHBPrescTable
                0x08003100                APBPrescTable
 *(.rodata*)
 .rodata.str1.4
                0x08003108       0x54 Application/User/main.o
 .rodata.str1.4
                0x0800315c       0x18 Application/User/stm32f7xx_it.o
                                 0x15 (size before relaxing)
 .rodata._svfprintf_r.str1.1
                0x08003174       0x11 c:/ac6/systemworkbench/plugins/fr.ac6.mcu.externaltools.arm-none.win32_1.15.0.201708311556/tools/compiler/bin/../lib/gcc/arm-none-eabi/6.3.1/../../../../arm-none-eabi/lib/thumb/v7e-m/fpv5/hard\libc_nano.a(lib_a-nano-svfprintf.o)
 .rodata._printf_i.str1.1
                0x08003185       0x22 c:/ac6/systemworkbench/plugins/fr.ac6.mcu.externaltools.arm-none.win32_1.15.0.201708311556/tools/compiler/bin/../lib/gcc/arm-none-eabi/6.3.1/../../../../arm-none-eabi/lib/thumb/v7e-m/fpv5/hard\libc_nano.a(lib_a-nano-vfprintf_i.o)
                0x080031a8                . = ALIGN (0x4)
 *fill*         0x080031a7        0x1 

.rel.dyn        0x080031a8        0x0
 .rel.iplt      0x080031a8        0x0 c:/ac6/systemworkbench/plugins/fr.ac6.mcu.externaltools.arm-none.win32_1.15.0.201708311556/tools/compiler/bin/../lib/gcc/arm-none-eabi/6.3.1/thumb/v7e-m/fpv5/hard/crtbegin.o

.ARM.extab
 *(.ARM.extab* .gnu.linkonce.armextab.*)

.ARM            0x080031a8        0x0
                0x080031a8                __exidx_start = .
 *(.ARM.exidx*)
                0x080031a8                __exidx_end = .

.preinit_array  0x080031a8        0x0
                0x080031a8                PROVIDE (__preinit_array_start, .)
 *(.preinit_array*)
                0x080031a8                PROVIDE (__preinit_array_end, .)

.init_array     0x080031a8        0x4
                0x080031a8                PROVIDE (__init_array_start, .)
 *(SORT(.init_array.*))
 *(.init_array*)
 .init_array    0x080031a8        0x4 c:/ac6/systemworkbench/plugins/fr.ac6.mcu.externaltools.arm-none.win32_1.15.0.201708311556/tools/compiler/bin/../lib/gcc/arm-none-eabi/6.3.1/thumb/v7e-m/fpv5/hard/crtbegin.o
                0x080031ac                PROVIDE (__init_array_end, .)

.fini_array     0x080031ac        0x4
                [!provide]                PROVIDE (__fini_array_start, .)
 *(SORT(.fini_array.*))
 *(.fini_array*)
 .fini_array    0x080031ac        0x4 c:/ac6/systemworkbench/plugins/fr.ac6.mcu.externaltools.arm-none.win32_1.15.0.201708311556/tools/compiler/bin/../lib/gcc/arm-none-eabi/6.3.1/thumb/v7e-m/fpv5/hard/crtbegin.o
                [!provide]                PROVIDE (__fini_array_end, .)
                0x080031b0                _sidata = LOADADDR (.data)

.data           0x20000000       0x68 load address 0x080031b0
                0x20000000                . = ALIGN (0x4)
                0x20000000                _sdata = .
 *(.data)
 .data          0x20000000        0x4 Drivers/CMSIS/system_stm32f7xx.o
                0x20000000                SystemCoreClock
 *(.data*)
 .data._impure_ptr
                0x20000004        0x4 c:/ac6/systemworkbench/plugins/fr.ac6.mcu.externaltools.arm-none.win32_1.15.0.201708311556/tools/compiler/bin/../lib/gcc/arm-none-eabi/6.3.1/../../../../arm-none-eabi/lib/thumb/v7e-m/fpv5/hard\libc_nano.a(lib_a-impure.o)
                0x20000004                _impure_ptr
 .data.impure_data
                0x20000008       0x60 c:/ac6/systemworkbench/plugins/fr.ac6.mcu.externaltools.arm-none.win32_1.15.0.201708311556/tools/compiler/bin/../lib/gcc/arm-none-eabi/6.3.1/../../../../arm-none-eabi/lib/thumb/v7e-m/fpv5/hard\libc_nano.a(lib_a-impure.o)
                0x20000068                . = ALIGN (0x4)
                0x20000068                _edata = .

.jcr            0x20000068        0x0 load address 0x08003218
 .jcr           0x20000068        0x0 c:/ac6/systemworkbench/plugins/fr.ac6.mcu.externaltools.arm-none.win32_1.15.0.201708311556/tools/compiler/bin/../lib/gcc/arm-none-eabi/6.3.1/thumb/v7e-m/fpv5/hard/crtbegin.o

.igot.plt       0x20000068        0x0 load address 0x08003218
 .igot.plt      0x20000068        0x0 c:/ac6/systemworkbench/plugins/fr.ac6.mcu.externaltools.arm-none.win32_1.15.0.201708311556/tools/compiler/bin/../lib/gcc/arm-none-eabi/6.3.1/thumb/v7e-m/fpv5/hard/crtbegin.o
                0x20000068                . = ALIGN (0x4)

.bss            0x20000068      0x1f8 load address 0x08003218
                0x20000068                _sbss = .
                0x20000068                __bss_start__ = _sbss
 *(.bss)
 .bss           0x20000068       0x1c c:/ac6/systemworkbench/plugins/fr.ac6.mcu.externaltools.arm-none.win32_1.15.0.201708311556/tools/compiler/bin/../lib/gcc/arm-none-eabi/6.3.1/thumb/v7e-m/fpv5/hard/crtbegin.o
 .bss           0x20000084        0x4 Application/User/stm32f7xx_hal_msp.o
 *(.bss*)
 .bss.__malloc_free_list
                0x20000088        0x4 c:/ac6/systemworkbench/plugins/fr.ac6.mcu.externaltools.arm-none.win32_1.15.0.201708311556/tools/compiler/bin/../lib/gcc/arm-none-eabi/6.3.1/../../../../arm-none-eabi/lib/thumb/v7e-m/fpv5/hard\libc_nano.a(lib_a-nano-mallocr.o)
                0x20000088                __malloc_free_list
 .bss.__malloc_sbrk_start
                0x2000008c        0x4 c:/ac6/systemworkbench/plugins/fr.ac6.mcu.externaltools.arm-none.win32_1.15.0.201708311556/tools/compiler/bin/../lib/gcc/arm-none-eabi/6.3.1/../../../../arm-none-eabi/lib/thumb/v7e-m/fpv5/hard\libc_nano.a(lib_a-nano-mallocr.o)
                0x2000008c                __malloc_sbrk_start
 .bss.heap_end.5239
                0x20000090        0x4 c:/ac6/systemworkbench/plugins/fr.ac6.mcu.externaltools.arm-none.win32_1.15.0.201708311556/tools/compiler/bin/../lib/gcc/arm-none-eabi/6.3.1/../../../../arm-none-eabi/lib/thumb/v7e-m/fpv5/hard\libnosys.a(sbrk.o)
 *(COMMON)
 COMMON         0x20000094      0x1c4 Application/User/main.o
                0x20000094                j
                0x20000098                huart3
                0x20000108                k
                0x2000010c                TxMCan3
                0x20000128                hcan3
                0x2000016c                tab
                0x200001a8                i
                0x200001ac                RxMCan3
                0x200001d0                RxData
                0x200001d4                RxMCan1
                0x200001f8                hcan1
                0x2000023c                TxMCan1
 COMMON         0x20000258        0x4 Drivers/STM32F7xx_HAL_Driver/stm32f7xx_hal.o
                0x20000258                uwTick
 COMMON         0x2000025c        0x4 c:/ac6/systemworkbench/plugins/fr.ac6.mcu.externaltools.arm-none.win32_1.15.0.201708311556/tools/compiler/bin/../lib/gcc/arm-none-eabi/6.3.1/../../../../arm-none-eabi/lib/thumb/v7e-m/fpv5/hard\libc_nano.a(lib_a-reent.o)
                0x2000025c                errno
                0x20000260                . = ALIGN (0x4)
                0x20000260                _ebss = .
                0x20000260                __bss_end__ = _ebss

._user_heap_stack
                0x20000260      0x600 load address 0x08003218
                0x20000260                . = ALIGN (0x8)
                0x20000260                PROVIDE (end, .)
                [!provide]                PROVIDE (_end, .)
                0x20000460                . = (. + _Min_Heap_Size)
 *fill*         0x20000260      0x200 
                0x20000860                . = (. + _Min_Stack_Size)
 *fill*         0x20000460      0x400 
                0x20000860                . = ALIGN (0x8)

/DISCARD/
 libc.a(*)
 libm.a(*)
 libgcc.a(*)

.ARM.attributes
                0x00000000       0x2e
 *(.ARM.attributes)
 .ARM.attributes
                0x00000000       0x20 c:/ac6/systemworkbench/plugins/fr.ac6.mcu.externaltools.arm-none.win32_1.15.0.201708311556/tools/compiler/bin/../lib/gcc/arm-none-eabi/6.3.1/thumb/v7e-m/fpv5/hard/crti.o
 .ARM.attributes
                0x00000020       0x32 c:/ac6/systemworkbench/plugins/fr.ac6.mcu.externaltools.arm-none.win32_1.15.0.201708311556/tools/compiler/bin/../lib/gcc/arm-none-eabi/6.3.1/thumb/v7e-m/fpv5/hard/crtbegin.o
 .ARM.attributes
                0x00000052       0x21 Application/SW4STM32/startup_stm32f767xx.o
 .ARM.attributes
                0x00000073       0x37 Application/User/main.o
 .ARM.attributes
                0x000000aa       0x37 Application/User/stm32f7xx_hal_msp.o
 .ARM.attributes
                0x000000e1       0x37 Application/User/stm32f7xx_it.o
 .ARM.attributes
                0x00000118       0x37 Drivers/CMSIS/system_stm32f7xx.o
 .ARM.attributes
                0x0000014f       0x37 Drivers/STM32F7xx_HAL_Driver/stm32f7xx_hal.o
 .ARM.attributes
                0x00000186       0x37 Drivers/STM32F7xx_HAL_Driver/stm32f7xx_hal_can.o
 .ARM.attributes
                0x000001bd       0x37 Drivers/STM32F7xx_HAL_Driver/stm32f7xx_hal_cortex.o
 .ARM.attributes
                0x000001f4       0x37 Drivers/STM32F7xx_HAL_Driver/stm32f7xx_hal_gpio.o
 .ARM.attributes
                0x0000022b       0x37 Drivers/STM32F7xx_HAL_Driver/stm32f7xx_hal_rcc.o
 .ARM.attributes
                0x00000262       0x37 Drivers/STM32F7xx_HAL_Driver/stm32f7xx_hal_rcc_ex.o
 .ARM.attributes
                0x00000299       0x37 Drivers/STM32F7xx_HAL_Driver/stm32f7xx_hal_uart.o
 .ARM.attributes
                0x000002d0       0x32 c:/ac6/systemworkbench/plugins/fr.ac6.mcu.externaltools.arm-none.win32_1.15.0.201708311556/tools/compiler/bin/../lib/gcc/arm-none-eabi/6.3.1/../../../../arm-none-eabi/lib/thumb/v7e-m/fpv5/hard\libc_nano.a(lib_a-impure.o)
 .ARM.attributes
                0x00000302       0x32 c:/ac6/systemworkbench/plugins/fr.ac6.mcu.externaltools.arm-none.win32_1.15.0.201708311556/tools/compiler/bin/../lib/gcc/arm-none-eabi/6.3.1/../../../../arm-none-eabi/lib/thumb/v7e-m/fpv5/hard\libc_nano.a(lib_a-init.o)
 .ARM.attributes
                0x00000334       0x32 c:/ac6/systemworkbench/plugins/fr.ac6.mcu.externaltools.arm-none.win32_1.15.0.201708311556/tools/compiler/bin/../lib/gcc/arm-none-eabi/6.3.1/../../../../arm-none-eabi/lib/thumb/v7e-m/fpv5/hard\libc_nano.a(lib_a-sprintf.o)
 .ARM.attributes
                0x00000366       0x32 c:/ac6/systemworkbench/plugins/fr.ac6.mcu.externaltools.arm-none.win32_1.15.0.201708311556/tools/compiler/bin/../lib/gcc/arm-none-eabi/6.3.1/../../../../arm-none-eabi/lib/thumb/v7e-m/fpv5/hard\libc_nano.a(lib_a-nano-svfprintf.o)
 .ARM.attributes
                0x00000398       0x32 c:/ac6/systemworkbench/plugins/fr.ac6.mcu.externaltools.arm-none.win32_1.15.0.201708311556/tools/compiler/bin/../lib/gcc/arm-none-eabi/6.3.1/../../../../arm-none-eabi/lib/thumb/v7e-m/fpv5/hard\libc_nano.a(lib_a-nano-vfprintf_i.o)
 .ARM.attributes
                0x000003ca       0x1e c:/ac6/systemworkbench/plugins/fr.ac6.mcu.externaltools.arm-none.win32_1.15.0.201708311556/tools/compiler/bin/../lib/gcc/arm-none-eabi/6.3.1/../../../../arm-none-eabi/lib/thumb/v7e-m/fpv5/hard\libc_nano.a(lib_a-memchr.o)
 .ARM.attributes
                0x000003e8       0x32 c:/ac6/systemworkbench/plugins/fr.ac6.mcu.externaltools.arm-none.win32_1.15.0.201708311556/tools/compiler/bin/../lib/gcc/arm-none-eabi/6.3.1/../../../../arm-none-eabi/lib/thumb/v7e-m/fpv5/hard\libc_nano.a(lib_a-memcpy-stub.o)
 .ARM.attributes
                0x0000041a       0x32 c:/ac6/systemworkbench/plugins/fr.ac6.mcu.externaltools.arm-none.win32_1.15.0.201708311556/tools/compiler/bin/../lib/gcc/arm-none-eabi/6.3.1/../../../../arm-none-eabi/lib/thumb/v7e-m/fpv5/hard\libc_nano.a(lib_a-memmove.o)
 .ARM.attributes
                0x0000044c       0x32 c:/ac6/systemworkbench/plugins/fr.ac6.mcu.externaltools.arm-none.win32_1.15.0.201708311556/tools/compiler/bin/../lib/gcc/arm-none-eabi/6.3.1/../../../../arm-none-eabi/lib/thumb/v7e-m/fpv5/hard\libc_nano.a(lib_a-nano-freer.o)
 .ARM.attributes
                0x0000047e       0x32 c:/ac6/systemworkbench/plugins/fr.ac6.mcu.externaltools.arm-none.win32_1.15.0.201708311556/tools/compiler/bin/../lib/gcc/arm-none-eabi/6.3.1/../../../../arm-none-eabi/lib/thumb/v7e-m/fpv5/hard\libc_nano.a(lib_a-nano-mallocr.o)
 .ARM.attributes
                0x000004b0       0x32 c:/ac6/systemworkbench/plugins/fr.ac6.mcu.externaltools.arm-none.win32_1.15.0.201708311556/tools/compiler/bin/../lib/gcc/arm-none-eabi/6.3.1/../../../../arm-none-eabi/lib/thumb/v7e-m/fpv5/hard\libc_nano.a(lib_a-nano-reallocr.o)
 .ARM.attributes
                0x000004e2       0x32 c:/ac6/systemworkbench/plugins/fr.ac6.mcu.externaltools.arm-none.win32_1.15.0.201708311556/tools/compiler/bin/../lib/gcc/arm-none-eabi/6.3.1/../../../../arm-none-eabi/lib/thumb/v7e-m/fpv5/hard\libc_nano.a(lib_a-sbrkr.o)
 .ARM.attributes
                0x00000514       0x32 c:/ac6/systemworkbench/plugins/fr.ac6.mcu.externaltools.arm-none.win32_1.15.0.201708311556/tools/compiler/bin/../lib/gcc/arm-none-eabi/6.3.1/../../../../arm-none-eabi/lib/thumb/v7e-m/fpv5/hard\libc_nano.a(lib_a-mlock.o)
 .ARM.attributes
                0x00000546       0x32 c:/ac6/systemworkbench/plugins/fr.ac6.mcu.externaltools.arm-none.win32_1.15.0.201708311556/tools/compiler/bin/../lib/gcc/arm-none-eabi/6.3.1/../../../../arm-none-eabi/lib/thumb/v7e-m/fpv5/hard\libc_nano.a(lib_a-nano-msizer.o)
 .ARM.attributes
                0x00000578       0x32 c:/ac6/systemworkbench/plugins/fr.ac6.mcu.externaltools.arm-none.win32_1.15.0.201708311556/tools/compiler/bin/../lib/gcc/arm-none-eabi/6.3.1/../../../../arm-none-eabi/lib/thumb/v7e-m/fpv5/hard\libc_nano.a(lib_a-reent.o)
 .ARM.attributes
                0x000005aa       0x32 c:/ac6/systemworkbench/plugins/fr.ac6.mcu.externaltools.arm-none.win32_1.15.0.201708311556/tools/compiler/bin/../lib/gcc/arm-none-eabi/6.3.1/../../../../arm-none-eabi/lib/thumb/v7e-m/fpv5/hard\libnosys.a(sbrk.o)
 .ARM.attributes
                0x000005dc       0x20 c:/ac6/systemworkbench/plugins/fr.ac6.mcu.externaltools.arm-none.win32_1.15.0.201708311556/tools/compiler/bin/../lib/gcc/arm-none-eabi/6.3.1/thumb/v7e-m/fpv5/hard/crtn.o
OUTPUT(767canIT.elf elf32-littlearm)

.debug_line     0x00000000     0x70a1
 .debug_line    0x00000000       0x9e Application/SW4STM32/startup_stm32f767xx.o
 .debug_line    0x0000009e      0x88b Application/User/main.o
 .debug_line    0x00000929      0x846 Application/User/stm32f7xx_hal_msp.o
 .debug_line    0x0000116f      0x81e Application/User/stm32f7xx_it.o
 .debug_line    0x0000198d      0x7e3 Drivers/CMSIS/system_stm32f7xx.o
 .debug_line    0x00002170      0x9af Drivers/STM32F7xx_HAL_Driver/stm32f7xx_hal.o
 .debug_line    0x00002b1f      0xd3c Drivers/STM32F7xx_HAL_Driver/stm32f7xx_hal_can.o
 .debug_line    0x0000385b      0x9d0 Drivers/STM32F7xx_HAL_Driver/stm32f7xx_hal_cortex.o
 .debug_line    0x0000422b      0x948 Drivers/STM32F7xx_HAL_Driver/stm32f7xx_hal_gpio.o
 .debug_line    0x00004b73      0xa38 Drivers/STM32F7xx_HAL_Driver/stm32f7xx_hal_rcc.o
 .debug_line    0x000055ab      0x98a Drivers/STM32F7xx_HAL_Driver/stm32f7xx_hal_rcc_ex.o
 .debug_line    0x00005f35     0x116c Drivers/STM32F7xx_HAL_Driver/stm32f7xx_hal_uart.o

.debug_info     0x00000000     0xf969
 .debug_info    0x00000000       0x9d Application/SW4STM32/startup_stm32f767xx.o
 .debug_info    0x0000009d     0x23bf Application/User/main.o
 .debug_info    0x0000245c     0x1cdc Application/User/stm32f7xx_hal_msp.o
 .debug_info    0x00004138     0x1634 Application/User/stm32f7xx_it.o
 .debug_info    0x0000576c      0xf19 Drivers/CMSIS/system_stm32f7xx.o
 .debug_info    0x00006685     0x1221 Drivers/STM32F7xx_HAL_Driver/stm32f7xx_hal.o
 .debug_info    0x000078a6     0x14a8 Drivers/STM32F7xx_HAL_Driver/stm32f7xx_hal_can.o
 .debug_info    0x00008d4e     0x19be Drivers/STM32F7xx_HAL_Driver/stm32f7xx_hal_cortex.o
 .debug_info    0x0000a70c      0xfcb Drivers/STM32F7xx_HAL_Driver/stm32f7xx_hal_gpio.o
 .debug_info    0x0000b6d7     0x12c6 Drivers/STM32F7xx_HAL_Driver/stm32f7xx_hal_rcc.o
 .debug_info    0x0000c99d      0xf5e Drivers/STM32F7xx_HAL_Driver/stm32f7xx_hal_rcc_ex.o
 .debug_info    0x0000d8fb     0x206e Drivers/STM32F7xx_HAL_Driver/stm32f7xx_hal_uart.o

.debug_abbrev   0x00000000     0x1f1d
 .debug_abbrev  0x00000000       0x12 Application/SW4STM32/startup_stm32f767xx.o
 .debug_abbrev  0x00000012      0x310 Application/User/main.o
 .debug_abbrev  0x00000322      0x26e Application/User/stm32f7xx_hal_msp.o
 .debug_abbrev  0x00000590      0x27d Application/User/stm32f7xx_it.o
 .debug_abbrev  0x0000080d      0x212 Drivers/CMSIS/system_stm32f7xx.o
 .debug_abbrev  0x00000a1f      0x2c7 Drivers/STM32F7xx_HAL_Driver/stm32f7xx_hal.o
 .debug_abbrev  0x00000ce6      0x2eb Drivers/STM32F7xx_HAL_Driver/stm32f7xx_hal_can.o
 .debug_abbrev  0x00000fd1      0x3d4 Drivers/STM32F7xx_HAL_Driver/stm32f7xx_hal_cortex.o
 .debug_abbrev  0x000013a5      0x2a5 Drivers/STM32F7xx_HAL_Driver/stm32f7xx_hal_gpio.o
 .debug_abbrev  0x0000164a      0x325 Drivers/STM32F7xx_HAL_Driver/stm32f7xx_hal_rcc.o
 .debug_abbrev  0x0000196f      0x29c Drivers/STM32F7xx_HAL_Driver/stm32f7xx_hal_rcc_ex.o
 .debug_abbrev  0x00001c0b      0x312 Drivers/STM32F7xx_HAL_Driver/stm32f7xx_hal_uart.o

.debug_aranges  0x00000000      0x618
 .debug_aranges
                0x00000000       0x28 Application/SW4STM32/startup_stm32f767xx.o
 .debug_aranges
                0x00000028       0x50 Application/User/main.o
 .debug_aranges
                0x00000078       0x40 Application/User/stm32f7xx_hal_msp.o
 .debug_aranges
                0x000000b8       0x48 Application/User/stm32f7xx_it.o
 .debug_aranges
                0x00000100       0x28 Drivers/CMSIS/system_stm32f7xx.o
 .debug_aranges
                0x00000128       0xf8 Drivers/STM32F7xx_HAL_Driver/stm32f7xx_hal.o
 .debug_aranges
                0x00000220       0xb0 Drivers/STM32F7xx_HAL_Driver/stm32f7xx_hal_can.o
 .debug_aranges
                0x000002d0       0xa8 Drivers/STM32F7xx_HAL_Driver/stm32f7xx_hal_cortex.o
 .debug_aranges
                0x00000378       0x58 Drivers/STM32F7xx_HAL_Driver/stm32f7xx_hal_gpio.o
 .debug_aranges
                0x000003d0       0x88 Drivers/STM32F7xx_HAL_Driver/stm32f7xx_hal_rcc.o
 .debug_aranges
                0x00000458       0x30 Drivers/STM32F7xx_HAL_Driver/stm32f7xx_hal_rcc_ex.o
 .debug_aranges
                0x00000488      0x190 Drivers/STM32F7xx_HAL_Driver/stm32f7xx_hal_uart.o

.debug_ranges   0x00000000      0x5c0
 .debug_ranges  0x00000000       0x20 Application/SW4STM32/startup_stm32f767xx.o
 .debug_ranges  0x00000020       0x40 Application/User/main.o
 .debug_ranges  0x00000060       0x30 Application/User/stm32f7xx_hal_msp.o
 .debug_ranges  0x00000090       0x38 Application/User/stm32f7xx_it.o
 .debug_ranges  0x000000c8       0x18 Drivers/CMSIS/system_stm32f7xx.o
 .debug_ranges  0x000000e0       0xe8 Drivers/STM32F7xx_HAL_Driver/stm32f7xx_hal.o
 .debug_ranges  0x000001c8       0xa0 Drivers/STM32F7xx_HAL_Driver/stm32f7xx_hal_can.o
 .debug_ranges  0x00000268       0xf8 Drivers/STM32F7xx_HAL_Driver/stm32f7xx_hal_cortex.o
 .debug_ranges  0x00000360       0x48 Drivers/STM32F7xx_HAL_Driver/stm32f7xx_hal_gpio.o
 .debug_ranges  0x000003a8       0x78 Drivers/STM32F7xx_HAL_Driver/stm32f7xx_hal_rcc.o
 .debug_ranges  0x00000420       0x20 Drivers/STM32F7xx_HAL_Driver/stm32f7xx_hal_rcc_ex.o
 .debug_ranges  0x00000440      0x180 Drivers/STM32F7xx_HAL_Driver/stm32f7xx_hal_uart.o

.debug_macro    0x00000000    0x26470
 .debug_macro   0x00000000      0x325 Application/User/main.o
 .debug_macro   0x00000325      0x8c8 Application/User/main.o
 .debug_macro   0x00000bed       0x10 Application/User/main.o
 .debug_macro   0x00000bfd      0x17f Application/User/main.o
 .debug_macro   0x00000d7c       0x2e Application/User/main.o
 .debug_macro   0x00000daa       0x3b Application/User/main.o
 .debug_macro   0x00000de5       0x22 Application/User/main.o
 .debug_macro   0x00000e07       0x87 Application/User/main.o
 .debug_macro   0x00000e8e       0x51 Application/User/main.o
 .debug_macro   0x00000edf       0xef Application/User/main.o
 .debug_macro   0x00000fce       0x6a Application/User/main.o
 .debug_macro   0x00001038      0x1df Application/User/main.o
 .debug_macro   0x00001217       0x35 Application/User/main.o
 .debug_macro   0x0000124c       0x50 Application/User/main.o
 .debug_macro   0x0000129c     0x1114 Application/User/main.o
 .debug_macro   0x000023b0    0x19f38 Application/User/main.o
 .debug_macro   0x0001c2e8       0x43 Application/User/main.o
 .debug_macro   0x0001c32b     0x35c8 Application/User/main.o
 .debug_macro   0x0001f8f3       0x58 Application/User/main.o
 .debug_macro   0x0001f94b       0x35 Application/User/main.o
 .debug_macro   0x0001f980       0x9c Application/User/main.o
 .debug_macro   0x0001fa1c       0x16 Application/User/main.o
 .debug_macro   0x0001fa32       0x97 Application/User/main.o
 .debug_macro   0x0001fac9      0x330 Application/User/main.o
 .debug_macro   0x0001fdf9       0xfd Application/User/main.o
 .debug_macro   0x0001fef6       0x10 Application/User/main.o
 .debug_macro   0x0001ff06       0x58 Application/User/main.o
 .debug_macro   0x0001ff5e       0x1f Application/User/main.o
 .debug_macro   0x0001ff7d       0x43 Application/User/main.o
 .debug_macro   0x0001ffc0       0x20 Application/User/main.o
 .debug_macro   0x0001ffe0      0x187 Application/User/main.o
 .debug_macro   0x00020167       0x10 Application/User/main.o
 .debug_macro   0x00020177       0x1c Application/User/main.o
 .debug_macro   0x00020193       0x52 Application/User/main.o
 .debug_macro   0x000201e5       0x40 Application/User/main.o
 .debug_macro   0x00020225       0x10 Application/User/main.o
 .debug_macro   0x00020235       0x40 Application/User/main.o
 .debug_macro   0x00020275       0xd7 Application/User/main.o
 .debug_macro   0x0002034c       0x16 Application/User/main.o
 .debug_macro   0x00020362      0x18b Application/User/main.o
 .debug_macro   0x000204ed       0x50 Application/User/main.o
 .debug_macro   0x0002053d     0x1add Application/User/main.o
 .debug_macro   0x0002201a      0x6a0 Application/User/main.o
 .debug_macro   0x000226ba      0x11e Application/User/main.o
 .debug_macro   0x000227d8      0x277 Application/User/main.o
 .debug_macro   0x00022a4f       0x27 Application/User/main.o
 .debug_macro   0x00022a76      0x24f Application/User/main.o
 .debug_macro   0x00022cc5       0x71 Application/User/main.o
 .debug_macro   0x00022d36       0x58 Application/User/main.o
 .debug_macro   0x00022d8e      0x23a Application/User/main.o
 .debug_macro   0x00022fc8      0x383 Application/User/main.o
 .debug_macro   0x0002334b      0x156 Application/User/main.o
 .debug_macro   0x000234a1      0x3de Application/User/main.o
 .debug_macro   0x0002387f       0x12 Application/User/main.o
 .debug_macro   0x00023891      0x202 Application/User/main.o
 .debug_macro   0x00023a93       0x61 Application/User/main.o
 .debug_macro   0x00023af4       0x90 Application/User/main.o
 .debug_macro   0x00023b84      0x132 Application/User/main.o
 .debug_macro   0x00023cb6      0x10c Application/User/main.o
 .debug_macro   0x00023dc2       0x35 Application/User/main.o
 .debug_macro   0x00023df7      0x4e8 Application/User/main.o
 .debug_macro   0x000242df       0x47 Application/User/main.o
 .debug_macro   0x00024326      0x156 Application/User/main.o
 .debug_macro   0x0002447c      0x321 Application/User/stm32f7xx_hal_msp.o
 .debug_macro   0x0002479d      0x32b Application/User/stm32f7xx_it.o
 .debug_macro   0x00024ac8      0x327 Drivers/CMSIS/system_stm32f7xx.o
 .debug_macro   0x00024def      0x345 Drivers/STM32F7xx_HAL_Driver/stm32f7xx_hal.o
 .debug_macro   0x00025134      0x327 Drivers/STM32F7xx_HAL_Driver/stm32f7xx_hal_can.o
 .debug_macro   0x0002545b      0x321 Drivers/STM32F7xx_HAL_Driver/stm32f7xx_hal_cortex.o
 .debug_macro   0x0002577c      0x359 Drivers/STM32F7xx_HAL_Driver/stm32f7xx_hal_gpio.o
 .debug_macro   0x00025ad5      0x345 Drivers/STM32F7xx_HAL_Driver/stm32f7xx_hal_rcc.o
 .debug_macro   0x00025e1a      0x32d Drivers/STM32F7xx_HAL_Driver/stm32f7xx_hal_rcc_ex.o
 .debug_macro   0x00026147      0x329 Drivers/STM32F7xx_HAL_Driver/stm32f7xx_hal_uart.o

.debug_str      0x00000000    0xe9368
 .debug_str     0x00000000    0xe7c3d Application/User/main.o
                              0xe800b (size before relaxing)
 .debug_str     0x000e7c3d      0x103 Application/User/stm32f7xx_hal_msp.o
                              0xe7a2a (size before relaxing)
 .debug_str     0x000e7d40       0xe3 Application/User/stm32f7xx_it.o
                              0xe72e1 (size before relaxing)
 .debug_str     0x000e7e23      0x1a6 Drivers/CMSIS/system_stm32f7xx.o
                              0xe6cae (size before relaxing)
 .debug_str     0x000e7fc9      0x390 Drivers/STM32F7xx_HAL_Driver/stm32f7xx_hal.o
                              0xe763a (size before relaxing)
 .debug_str     0x000e8359      0x16d Drivers/STM32F7xx_HAL_Driver/stm32f7xx_hal_can.o
                              0xe7026 (size before relaxing)
 .debug_str     0x000e84c6      0x329 Drivers/STM32F7xx_HAL_Driver/stm32f7xx_hal_cortex.o
                              0xe7698 (size before relaxing)
 .debug_str     0x000e87ef      0x21f Drivers/STM32F7xx_HAL_Driver/stm32f7xx_hal_gpio.o
                              0xe6e89 (size before relaxing)
 .debug_str     0x000e8a0e      0x24d Drivers/STM32F7xx_HAL_Driver/stm32f7xx_hal_rcc.o
                              0xe6fef (size before relaxing)
 .debug_str     0x000e8c5b      0x12b Drivers/STM32F7xx_HAL_Driver/stm32f7xx_hal_rcc_ex.o
                              0xe6f66 (size before relaxing)
 .debug_str     0x000e8d86      0x5e2 Drivers/STM32F7xx_HAL_Driver/stm32f7xx_hal_uart.o
                              0xe76f7 (size before relaxing)

.comment        0x00000000       0x7f
 .comment       0x00000000       0x7f Application/User/main.o
                                 0x80 (size before relaxing)
 .comment       0x0000007f       0x80 Application/User/stm32f7xx_hal_msp.o
 .comment       0x0000007f       0x80 Application/User/stm32f7xx_it.o
 .comment       0x0000007f       0x80 Drivers/CMSIS/system_stm32f7xx.o
 .comment       0x0000007f       0x80 Drivers/STM32F7xx_HAL_Driver/stm32f7xx_hal.o
 .comment       0x0000007f       0x80 Drivers/STM32F7xx_HAL_Driver/stm32f7xx_hal_can.o
 .comment       0x0000007f       0x80 Drivers/STM32F7xx_HAL_Driver/stm32f7xx_hal_cortex.o
 .comment       0x0000007f       0x80 Drivers/STM32F7xx_HAL_Driver/stm32f7xx_hal_gpio.o
 .comment       0x0000007f       0x80 Drivers/STM32F7xx_HAL_Driver/stm32f7xx_hal_rcc.o
 .comment       0x0000007f       0x80 Drivers/STM32F7xx_HAL_Driver/stm32f7xx_hal_rcc_ex.o
 .comment       0x0000007f       0x80 Drivers/STM32F7xx_HAL_Driver/stm32f7xx_hal_uart.o

.debug_frame    0x00000000     0x1224
 .debug_frame   0x00000000       0xc4 Application/User/main.o
 .debug_frame   0x000000c4       0x94 Application/User/stm32f7xx_hal_msp.o
 .debug_frame   0x00000158       0xa0 Application/User/stm32f7xx_it.o
 .debug_frame   0x000001f8       0x3c Drivers/CMSIS/system_stm32f7xx.o
 .debug_frame   0x00000234      0x1f8 Drivers/STM32F7xx_HAL_Driver/stm32f7xx_hal.o
 .debug_frame   0x0000042c      0x208 Drivers/STM32F7xx_HAL_Driver/stm32f7xx_hal_can.o
 .debug_frame   0x00000634      0x15c Drivers/STM32F7xx_HAL_Driver/stm32f7xx_hal_cortex.o
 .debug_frame   0x00000790       0xd0 Drivers/STM32F7xx_HAL_Driver/stm32f7xx_hal_gpio.o
 .debug_frame   0x00000860      0x164 Drivers/STM32F7xx_HAL_Driver/stm32f7xx_hal_rcc.o
 .debug_frame   0x000009c4       0x64 Drivers/STM32F7xx_HAL_Driver/stm32f7xx_hal_rcc_ex.o
 .debug_frame   0x00000a28      0x488 Drivers/STM32F7xx_HAL_Driver/stm32f7xx_hal_uart.o
 .debug_frame   0x00000eb0       0x2c c:/ac6/systemworkbench/plugins/fr.ac6.mcu.externaltools.arm-none.win32_1.15.0.201708311556/tools/compiler/bin/../lib/gcc/arm-none-eabi/6.3.1/../../../../arm-none-eabi/lib/thumb/v7e-m/fpv5/hard\libc_nano.a(lib_a-init.o)
 .debug_frame   0x00000edc       0x70 c:/ac6/systemworkbench/plugins/fr.ac6.mcu.externaltools.arm-none.win32_1.15.0.201708311556/tools/compiler/bin/../lib/gcc/arm-none-eabi/6.3.1/../../../../arm-none-eabi/lib/thumb/v7e-m/fpv5/hard\libc_nano.a(lib_a-sprintf.o)
 .debug_frame   0x00000f4c       0x90 c:/ac6/systemworkbench/plugins/fr.ac6.mcu.externaltools.arm-none.win32_1.15.0.201708311556/tools/compiler/bin/../lib/gcc/arm-none-eabi/6.3.1/../../../../arm-none-eabi/lib/thumb/v7e-m/fpv5/hard\libc_nano.a(lib_a-nano-svfprintf.o)
 .debug_frame   0x00000fdc       0x60 c:/ac6/systemworkbench/plugins/fr.ac6.mcu.externaltools.arm-none.win32_1.15.0.201708311556/tools/compiler/bin/../lib/gcc/arm-none-eabi/6.3.1/../../../../arm-none-eabi/lib/thumb/v7e-m/fpv5/hard\libc_nano.a(lib_a-nano-vfprintf_i.o)
 .debug_frame   0x0000103c       0x28 c:/ac6/systemworkbench/plugins/fr.ac6.mcu.externaltools.arm-none.win32_1.15.0.201708311556/tools/compiler/bin/../lib/gcc/arm-none-eabi/6.3.1/../../../../arm-none-eabi/lib/thumb/v7e-m/fpv5/hard\libc_nano.a(lib_a-memcpy-stub.o)
 .debug_frame   0x00001064       0x28 c:/ac6/systemworkbench/plugins/fr.ac6.mcu.externaltools.arm-none.win32_1.15.0.201708311556/tools/compiler/bin/../lib/gcc/arm-none-eabi/6.3.1/../../../../arm-none-eabi/lib/thumb/v7e-m/fpv5/hard\libc_nano.a(lib_a-memmove.o)
 .debug_frame   0x0000108c       0x38 c:/ac6/systemworkbench/plugins/fr.ac6.mcu.externaltools.arm-none.win32_1.15.0.201708311556/tools/compiler/bin/../lib/gcc/arm-none-eabi/6.3.1/../../../../arm-none-eabi/lib/thumb/v7e-m/fpv5/hard\libc_nano.a(lib_a-nano-freer.o)
 .debug_frame   0x000010c4       0x2c c:/ac6/systemworkbench/plugins/fr.ac6.mcu.externaltools.arm-none.win32_1.15.0.201708311556/tools/compiler/bin/../lib/gcc/arm-none-eabi/6.3.1/../../../../arm-none-eabi/lib/thumb/v7e-m/fpv5/hard\libc_nano.a(lib_a-nano-mallocr.o)
 .debug_frame   0x000010f0       0x3c c:/ac6/systemworkbench/plugins/fr.ac6.mcu.externaltools.arm-none.win32_1.15.0.201708311556/tools/compiler/bin/../lib/gcc/arm-none-eabi/6.3.1/../../../../arm-none-eabi/lib/thumb/v7e-m/fpv5/hard\libc_nano.a(lib_a-nano-reallocr.o)
 .debug_frame   0x0000112c       0x2c c:/ac6/systemworkbench/plugins/fr.ac6.mcu.externaltools.arm-none.win32_1.15.0.201708311556/tools/compiler/bin/../lib/gcc/arm-none-eabi/6.3.1/../../../../arm-none-eabi/lib/thumb/v7e-m/fpv5/hard\libc_nano.a(lib_a-sbrkr.o)
 .debug_frame   0x00001158       0x30 c:/ac6/systemworkbench/plugins/fr.ac6.mcu.externaltools.arm-none.win32_1.15.0.201708311556/tools/compiler/bin/../lib/gcc/arm-none-eabi/6.3.1/../../../../arm-none-eabi/lib/thumb/v7e-m/fpv5/hard\libc_nano.a(lib_a-mlock.o)
 .debug_frame   0x00001188       0x20 c:/ac6/systemworkbench/plugins/fr.ac6.mcu.externaltools.arm-none.win32_1.15.0.201708311556/tools/compiler/bin/../lib/gcc/arm-none-eabi/6.3.1/../../../../arm-none-eabi/lib/thumb/v7e-m/fpv5/hard\libc_nano.a(lib_a-nano-msizer.o)
 .debug_frame   0x000011a8       0x5c c:/ac6/systemworkbench/plugins/fr.ac6.mcu.externaltools.arm-none.win32_1.15.0.201708311556/tools/compiler/bin/../lib/gcc/arm-none-eabi/6.3.1/../../../../arm-none-eabi/lib/thumb/v7e-m/fpv5/hard\libc_nano.a(lib_a-reent.o)
 .debug_frame   0x00001204       0x20 c:/ac6/systemworkbench/plugins/fr.ac6.mcu.externaltools.arm-none.win32_1.15.0.201708311556/tools/compiler/bin/../lib/gcc/arm-none-eabi/6.3.1/../../../../arm-none-eabi/lib/thumb/v7e-m/fpv5/hard\libnosys.a(sbrk.o)

.debug_loc      0x00000000     0x393d
 .debug_loc     0x00000000      0x10c Application/User/stm32f7xx_hal_msp.o
 .debug_loc     0x0000010c       0x3c Application/User/stm32f7xx_it.o
 .debug_loc     0x00000148      0x13e Drivers/CMSIS/system_stm32f7xx.o
 .debug_loc     0x00000286       0x6a Drivers/STM32F7xx_HAL_Driver/stm32f7xx_hal.o
 .debug_loc     0x000002f0      0xc2a Drivers/STM32F7xx_HAL_Driver/stm32f7xx_hal_can.o
 .debug_loc     0x00000f1a      0x5c0 Drivers/STM32F7xx_HAL_Driver/stm32f7xx_hal_cortex.o
 .debug_loc     0x000014da      0x409 Drivers/STM32F7xx_HAL_Driver/stm32f7xx_hal_gpio.o
 .debug_loc     0x000018e3      0x437 Drivers/STM32F7xx_HAL_Driver/stm32f7xx_hal_rcc.o
 .debug_loc     0x00001d1a      0x579 Drivers/STM32F7xx_HAL_Driver/stm32f7xx_hal_rcc_ex.o
 .debug_loc     0x00002293     0x16aa Drivers/STM32F7xx_HAL_Driver/stm32f7xx_hal_uart.o
