Archive member included to satisfy reference by file (symbol)

c:/ac6/systemworkbench/plugins/fr.ac6.mcu.externaltools.arm-none.win32_1.15.0.201708311556/tools/compiler/bin/../lib/gcc/arm-none-eabi/6.3.1/../../../../arm-none-eabi/lib/thumb/v7e-m/fpv5/hard\libc_nano.a(lib_a-exit.o)
                              c:/ac6/systemworkbench/plugins/fr.ac6.mcu.externaltools.arm-none.win32_1.15.0.201708311556/tools/compiler/bin/../lib/gcc/arm-none-eabi/6.3.1/../../../../arm-none-eabi/lib/thumb/v7e-m/fpv5/hard/crt0.o (exit)
c:/ac6/systemworkbench/plugins/fr.ac6.mcu.externaltools.arm-none.win32_1.15.0.201708311556/tools/compiler/bin/../lib/gcc/arm-none-eabi/6.3.1/../../../../arm-none-eabi/lib/thumb/v7e-m/fpv5/hard\libc_nano.a(lib_a-impure.o)
                              c:/ac6/systemworkbench/plugins/fr.ac6.mcu.externaltools.arm-none.win32_1.15.0.201708311556/tools/compiler/bin/../lib/gcc/arm-none-eabi/6.3.1/../../../../arm-none-eabi/lib/thumb/v7e-m/fpv5/hard\libc_nano.a(lib_a-exit.o) (_global_impure_ptr)
c:/ac6/systemworkbench/plugins/fr.ac6.mcu.externaltools.arm-none.win32_1.15.0.201708311556/tools/compiler/bin/../lib/gcc/arm-none-eabi/6.3.1/../../../../arm-none-eabi/lib/thumb/v7e-m/fpv5/hard\libc_nano.a(lib_a-init.o)
                              c:/ac6/systemworkbench/plugins/fr.ac6.mcu.externaltools.arm-none.win32_1.15.0.201708311556/tools/compiler/bin/../lib/gcc/arm-none-eabi/6.3.1/../../../../arm-none-eabi/lib/thumb/v7e-m/fpv5/hard/crt0.o (__libc_init_array)
c:/ac6/systemworkbench/plugins/fr.ac6.mcu.externaltools.arm-none.win32_1.15.0.201708311556/tools/compiler/bin/../lib/gcc/arm-none-eabi/6.3.1/../../../../arm-none-eabi/lib/thumb/v7e-m/fpv5/hard\libc_nano.a(lib_a-memcpy-stub.o)
                              Middlewares/FreeRTOS/queue.o (memcpy)
c:/ac6/systemworkbench/plugins/fr.ac6.mcu.externaltools.arm-none.win32_1.15.0.201708311556/tools/compiler/bin/../lib/gcc/arm-none-eabi/6.3.1/../../../../arm-none-eabi/lib/thumb/v7e-m/fpv5/hard\libc_nano.a(lib_a-memset.o)
                              c:/ac6/systemworkbench/plugins/fr.ac6.mcu.externaltools.arm-none.win32_1.15.0.201708311556/tools/compiler/bin/../lib/gcc/arm-none-eabi/6.3.1/../../../../arm-none-eabi/lib/thumb/v7e-m/fpv5/hard/crt0.o (memset)
c:/ac6/systemworkbench/plugins/fr.ac6.mcu.externaltools.arm-none.win32_1.15.0.201708311556/tools/compiler/bin/../lib/gcc/arm-none-eabi/6.3.1/../../../../arm-none-eabi/lib/thumb/v7e-m/fpv5/hard\libc_nano.a(lib_a-sprintf.o)
                              Application/User/main.o (sprintf)
c:/ac6/systemworkbench/plugins/fr.ac6.mcu.externaltools.arm-none.win32_1.15.0.201708311556/tools/compiler/bin/../lib/gcc/arm-none-eabi/6.3.1/../../../../arm-none-eabi/lib/thumb/v7e-m/fpv5/hard\libc_nano.a(lib_a-nano-svfprintf.o)
                              c:/ac6/systemworkbench/plugins/fr.ac6.mcu.externaltools.arm-none.win32_1.15.0.201708311556/tools/compiler/bin/../lib/gcc/arm-none-eabi/6.3.1/../../../../arm-none-eabi/lib/thumb/v7e-m/fpv5/hard\libc_nano.a(lib_a-sprintf.o) (_svfprintf_r)
c:/ac6/systemworkbench/plugins/fr.ac6.mcu.externaltools.arm-none.win32_1.15.0.201708311556/tools/compiler/bin/../lib/gcc/arm-none-eabi/6.3.1/../../../../arm-none-eabi/lib/thumb/v7e-m/fpv5/hard\libc_nano.a(lib_a-nano-vfprintf_i.o)
                              c:/ac6/systemworkbench/plugins/fr.ac6.mcu.externaltools.arm-none.win32_1.15.0.201708311556/tools/compiler/bin/../lib/gcc/arm-none-eabi/6.3.1/../../../../arm-none-eabi/lib/thumb/v7e-m/fpv5/hard\libc_nano.a(lib_a-nano-svfprintf.o) (_printf_i)
c:/ac6/systemworkbench/plugins/fr.ac6.mcu.externaltools.arm-none.win32_1.15.0.201708311556/tools/compiler/bin/../lib/gcc/arm-none-eabi/6.3.1/../../../../arm-none-eabi/lib/thumb/v7e-m/fpv5/hard\libc_nano.a(lib_a-memchr.o)
                              c:/ac6/systemworkbench/plugins/fr.ac6.mcu.externaltools.arm-none.win32_1.15.0.201708311556/tools/compiler/bin/../lib/gcc/arm-none-eabi/6.3.1/../../../../arm-none-eabi/lib/thumb/v7e-m/fpv5/hard\libc_nano.a(lib_a-nano-svfprintf.o) (memchr)
c:/ac6/systemworkbench/plugins/fr.ac6.mcu.externaltools.arm-none.win32_1.15.0.201708311556/tools/compiler/bin/../lib/gcc/arm-none-eabi/6.3.1/../../../../arm-none-eabi/lib/thumb/v7e-m/fpv5/hard\libc_nano.a(lib_a-memmove.o)
                              c:/ac6/systemworkbench/plugins/fr.ac6.mcu.externaltools.arm-none.win32_1.15.0.201708311556/tools/compiler/bin/../lib/gcc/arm-none-eabi/6.3.1/../../../../arm-none-eabi/lib/thumb/v7e-m/fpv5/hard\libc_nano.a(lib_a-nano-svfprintf.o) (memmove)
c:/ac6/systemworkbench/plugins/fr.ac6.mcu.externaltools.arm-none.win32_1.15.0.201708311556/tools/compiler/bin/../lib/gcc/arm-none-eabi/6.3.1/../../../../arm-none-eabi/lib/thumb/v7e-m/fpv5/hard\libc_nano.a(lib_a-nano-freer.o)
                              c:/ac6/systemworkbench/plugins/fr.ac6.mcu.externaltools.arm-none.win32_1.15.0.201708311556/tools/compiler/bin/../lib/gcc/arm-none-eabi/6.3.1/../../../../arm-none-eabi/lib/thumb/v7e-m/fpv5/hard\libc_nano.a(lib_a-nano-svfprintf.o) (_free_r)
[...]
Memory Configuration

Name             Origin             Length             Attributes
RAM              0x20000000         0x00080000         xrw
FLASH            0x08000000         0x00200000         xr
*default*        0x00000000         0xffffffff

Linker script and memory map

LOAD c:/ac6/systemworkbench/plugins/fr.ac6.mcu.externaltools.arm-none.win32_1.15.0.201708311556/tools/compiler/bin/../lib/gcc/arm-none-eabi/6.3.1/thumb/v7e-m/fpv5/hard/crti.o
LOAD c:/ac6/systemworkbench/plugins/fr.ac6.mcu.externaltools.arm-none.win32_1.15.0.201708311556/tools/compiler/bin/../lib/gcc/arm-none-eabi/6.3.1/thumb/v7e-m/fpv5/hard/crtbegin.o
LOAD c:/ac6/systemworkbench/plugins/fr.ac6.mcu.externaltools.arm-none.win32_1.15.0.201708311556/tools/compiler/bin/../lib/gcc/arm-none-eabi/6.3.1/../../../../arm-none-eabi/lib/thumb/v7e-m/fpv5/hard/crt0.o
LOAD Application/SW4STM32/startup_stm32f767xx.o
LOAD Application/User/freertos.o
LOAD Application/User/main.o
LOAD Application/User/stm32f7xx_hal_msp.o
LOAD Application/User/stm32f7xx_hal_timebase_TIM.o
LOAD Application/User/stm32f7xx_it.o
LOAD Drivers/CMSIS/system_stm32f7xx.o
LOAD Drivers/STM32F7xx_HAL_Driver/stm32f7xx_hal.o
LOAD Drivers/STM32F7xx_HAL_Driver/stm32f7xx_hal_cortex.o
LOAD Drivers/STM32F7xx_HAL_Driver/stm32f7xx_hal_dma.o
LOAD Drivers/STM32F7xx_HAL_Driver/stm32f7xx_hal_dma_ex.o
LOAD Drivers/STM32F7xx_HAL_Driver/stm32f7xx_hal_flash.o
LOAD Drivers/STM32F7xx_HAL_Driver/stm32f7xx_hal_flash_ex.o
LOAD Drivers/STM32F7xx_HAL_Driver/stm32f7xx_hal_gpio.o
LOAD Drivers/STM32F7xx_HAL_Driver/stm32f7xx_hal_i2c.o
LOAD Drivers/STM32F7xx_HAL_Driver/stm32f7xx_hal_i2c_ex.o
LOAD Drivers/STM32F7xx_HAL_Driver/stm32f7xx_hal_pwr.o
LOAD Drivers/STM32F7xx_HAL_Driver/stm32f7xx_hal_pwr_ex.o
LOAD Drivers/STM32F7xx_HAL_Driver/stm32f7xx_hal_rcc.o
LOAD Drivers/STM32F7xx_HAL_Driver/stm32f7xx_hal_rcc_ex.o
LOAD Drivers/STM32F7xx_HAL_Driver/stm32f7xx_hal_tim.o
LOAD Drivers/STM32F7xx_HAL_Driver/stm32f7xx_hal_tim_ex.o
LOAD Drivers/STM32F7xx_HAL_Driver/stm32f7xx_hal_uart.o
LOAD Middlewares/FreeRTOS/cmsis_os.o
LOAD Middlewares/FreeRTOS/croutine.o
LOAD Middlewares/FreeRTOS/event_groups.o
LOAD Middlewares/FreeRTOS/heap_4.o
LOAD Middlewares/FreeRTOS/list.o
LOAD Middlewares/FreeRTOS/port.o
LOAD Middlewares/FreeRTOS/queue.o
LOAD Middlewares/FreeRTOS/tasks.o
LOAD Middlewares/FreeRTOS/timers.o
LOAD c:/ac6/systemworkbench/plugins/fr.ac6.mcu.externaltools.arm-none.win32_1.15.0.201708311556/tools/compiler/bin/../lib/gcc/arm-none-eabi/6.3.1/../../../../arm-none-eabi/lib/thumb/v7e-m/fpv5/hard\libm.a
START GROUP
LOAD c:/ac6/systemworkbench/plugins/fr.ac6.mcu.externaltools.arm-none.win32_1.15.0.201708311556/tools/compiler/bin/../lib/gcc/arm-none-eabi/6.3.1/thumb/v7e-m/fpv5/hard\libgcc.a
LOAD c:/ac6/systemworkbench/plugins/fr.ac6.mcu.externaltools.arm-none.win32_1.15.0.201708311556/tools/compiler/bin/../lib/gcc/arm-none-eabi/6.3.1/../../../../arm-none-eabi/lib/thumb/v7e-m/fpv5/hard\libc_nano.a
END GROUP
START GROUP
LOAD c:/ac6/systemworkbench/plugins/fr.ac6.mcu.externaltools.arm-none.win32_1.15.0.201708311556/tools/compiler/bin/../lib/gcc/arm-none-eabi/6.3.1/thumb/v7e-m/fpv5/hard\libgcc.a
LOAD c:/ac6/systemworkbench/plugins/fr.ac6.mcu.externaltools.arm-none.win32_1.15.0.201708311556/tools/compiler/bin/../lib/gcc/arm-none-eabi/6.3.1/../../../../arm-none-eabi/lib/thumb/v7e-m/fpv5/hard\libc_nano.a
LOAD c:/ac6/systemworkbench/plugins/fr.ac6.mcu.externaltools.arm-none.win32_1.15.0.201708311556/tools/compiler/bin/../lib/gcc/arm-none-eabi/6.3.1/../../../../arm-none-eabi/lib/thumb/v7e-m/fpv5/hard\libnosys.a
END GROUP
START GROUP
LOAD c:/ac6/systemworkbench/plugins/fr.ac6.mcu.externaltools.arm-none.win32_1.15.0.201708311556/tools/compiler/bin/../lib/gcc/arm-none-eabi/6.3.1/thumb/v7e-m/fpv5/hard\libgcc.a
LOAD c:/ac6/systemworkbench/plugins/fr.ac6.mcu.externaltools.arm-none.win32_1.15.0.201708311556/tools/compiler/bin/../lib/gcc/arm-none-eabi/6.3.1/../../../../arm-none-eabi/lib/thumb/v7e-m/fpv5/hard\libc_nano.a
LOAD c:/ac6/systemworkbench/plugins/fr.ac6.mcu.externaltools.arm-none.win32_1.15.0.201708311556/tools/compiler/bin/../lib/gcc/arm-none-eabi/6.3.1/../../../../arm-none-eabi/lib/thumb/v7e-m/fpv5/hard\libnosys.a
END GROUP
LOAD c:/ac6/systemworkbench/plugins/fr.ac6.mcu.externaltools.arm-none.win32_1.15.0.201708311556/tools/compiler/bin/../lib/gcc/arm-none-eabi/6.3.1/thumb/v7e-m/fpv5/hard/crtend.o
LOAD c:/ac6/systemworkbench/plugins/fr.ac6.mcu.externaltools.arm-none.win32_1.15.0.201708311556/tools/compiler/bin/../lib/gcc/arm-none-eabi/6.3.1/thumb/v7e-m/fpv5/hard/crtn.o
                0x20080000                _estack = 0x20080000
                0x00000200                _Min_Heap_Size = 0x200
                0x00000400                _Min_Stack_Size = 0x400

.isr_vector     0x08000000      0x1f8
                0x08000000                . = ALIGN (0x4)
 *(.isr_vector)
 .isr_vector    0x08000000      0x1f8 Application/SW4STM32/startup_stm32f767xx.o
                0x08000000                g_pfnVectors
                0x080001f8                . = ALIGN (0x4)

.text           0x08000200     0x3b5c
                0x08000200                . = ALIGN (0x4)
 *(.text)
 .text          0x08000200       0x6c c:/ac6/systemworkbench/plugins/fr.ac6.mcu.externaltools.arm-none.win32_1.15.0.201708311556/tools/compiler/bin/../lib/gcc/arm-none-eabi/6.3.1/thumb/v7e-m/fpv5/hard/crtbegin.o
 *fill*         0x0800026c        0x4 
 .text          0x08000270       0xa0 c:/ac6/systemworkbench/plugins/fr.ac6.mcu.externaltools.arm-none.win32_1.15.0.201708311556/tools/compiler/bin/../lib/gcc/arm-none-eabi/6.3.1/../../../../arm-none-eabi/lib/thumb/v7e-m/fpv5/hard\libc_nano.a(lib_a-memchr.o)
                0x08000270                memchr
 *(.text*)
 .text.Reset_Handler
                0x08000310       0x50 Application/SW4STM32/startup_stm32f767xx.o
                0x08000310                Reset_Handler
 .text.Default_Handler
                0x08000360        0x2 Application/SW4STM32/startup_stm32f767xx.o
                0x08000360                RTC_Alarm_IRQHandler
                0x08000360                EXTI2_IRQHandler
                0x08000360                TIM8_CC_IRQHandler
                0x08000360                DebugMon_Handler
                0x08000360                UART8_IRQHandler
                0x08000360                SPI4_IRQHandler
                0x08000360                TIM1_CC_IRQHandler
                0x08000360                DMA2_Stream5_IRQHandler
                0x08000360                HardFault_Handler
                0x08000360                JPEG_IRQHandler
                0x08000360                DMA1_Stream5_IRQHandler
                0x08000360                CAN3_RX1_IRQHandler
                0x08000360                PVD_IRQHandler
                0x08000360                TAMP_STAMP_IRQHandler
                0x08000360                NMI_Handler
                0x08000360                CAN2_RX1_IRQHandler
                0x08000360                EXTI3_IRQHandler
                0x08000360                TIM8_TRG_COM_TIM14_IRQHandler
                0x08000360                DFSDM1_FLT1_IRQHandler
                0x08000360                TIM8_UP_TIM13_IRQHandler
                0x08000360                I2C3_ER_IRQHandler
                0x08000360                DFSDM1_FLT2_IRQHandler
                0x08000360                EXTI0_IRQHandler
                0x08000360                I2C2_EV_IRQHandler
                0x08000360                DMA1_Stream2_IRQHandler
                0x08000360                CAN1_RX0_IRQHandler
                0x08000360                FPU_IRQHandler
                0x08000360                OTG_HS_WKUP_IRQHandler
                0x08000360                CAN3_SCE_IRQHandler
                0x08000360                UsageFault_Handler
                0x08000360                LTDC_ER_IRQHandler
                0x08000360                CAN2_SCE_IRQHandler
                0x08000360                DMA2_Stream2_IRQHandler
                0x08000360                SPI1_IRQHandler
                0x08000360                TIM6_DAC_IRQHandler
                0x08000360                TIM1_BRK_TIM9_IRQHandler
                0x08000360                DCMI_IRQHandler
                0x08000360                CAN2_RX0_IRQHandler
                0x08000360                DMA2_Stream3_IRQHandler
                0x08000360                SAI2_IRQHandler
                0x08000360                DFSDM1_FLT3_IRQHandler
                0x08000360                USART6_IRQHandler
                0x08000360                CAN3_RX0_IRQHandler
                0x08000360                USART3_IRQHandler
                0x08000360                CAN1_RX1_IRQHandler
                0x08000360                UART5_IRQHandler
                0x08000360                DMA2_Stream0_IRQHandler
                0x08000360                TIM4_IRQHandler
                0x08000360                QUADSPI_IRQHandler
                0x08000360                I2C1_EV_IRQHandler
                0x08000360                DMA1_Stream6_IRQHandler
                0x08000360                UART4_IRQHandler
                0x08000360                TIM3_IRQHandler
                0x08000360                RCC_IRQHandler
                0x08000360                TIM8_BRK_TIM12_IRQHandler
                0x08000360                Default_Handler
                0x08000360                CEC_IRQHandler
                0x08000360                EXTI15_10_IRQHandler
                0x08000360                ADC_IRQHandler
                0x08000360                DMA1_Stream7_IRQHandler
                0x08000360                SPI5_IRQHandler
                0x08000360                TIM7_IRQHandler
                0x08000360                SDMMC1_IRQHandler
                0x08000360                CAN2_TX_IRQHandler
                0x08000360                TIM5_IRQHandler
                0x08000360                DMA2_Stream7_IRQHandler
                0x08000360                I2C3_EV_IRQHandler
                0x08000360                EXTI9_5_IRQHandler
                0x08000360                RTC_WKUP_IRQHandler
                0x08000360                LTDC_IRQHandler
                0x08000360                ETH_WKUP_IRQHandler
                0x08000360                SPDIF_RX_IRQHandler
                0x08000360                SPI2_IRQHandler
                0x08000360                OTG_HS_EP1_IN_IRQHandler
                0x08000360                MemManage_Handler
                0x08000360                DMA1_Stream0_IRQHandler
                0x08000360                CAN1_TX_IRQHandler
                0x08000360                EXTI4_IRQHandler
                0x08000360                RNG_IRQHandler
                0x08000360                ETH_IRQHandler
                0x08000360                OTG_HS_EP1_OUT_IRQHandler
                0x08000360                WWDG_IRQHandler
                0x08000360                SPI6_IRQHandler
                0x08000360                MDIOS_IRQHandler
                0x08000360                I2C4_EV_IRQHandler
                0x08000360                CAN3_TX_IRQHandler
                0x08000360                TIM2_IRQHandler
                0x08000360                OTG_FS_WKUP_IRQHandler
                0x08000360                TIM1_TRG_COM_TIM11_IRQHandler
                0x08000360                OTG_HS_IRQHandler
                0x08000360                DMA2D_IRQHandler
                0x08000360                EXTI1_IRQHandler
                0x08000360                SDMMC2_IRQHandler
                0x08000360                UART7_IRQHandler
                0x08000360                USART2_IRQHandler
                0x08000360                DFSDM1_FLT0_IRQHandler
                0x08000360                I2C2_ER_IRQHandler
                0x08000360                DMA2_Stream1_IRQHandler
                0x08000360                CAN1_SCE_IRQHandler
                0x08000360                FLASH_IRQHandler
                0x08000360                DMA2_Stream4_IRQHandler
                0x08000360                BusFault_Handler
                0x08000360                USART1_IRQHandler
                0x08000360                OTG_FS_IRQHandler
                0x08000360                SPI3_IRQHandler
                0x08000360                DMA1_Stream4_IRQHandler
                0x08000360                I2C1_ER_IRQHandler
                0x08000360                FMC_IRQHandler
                0x08000360                LPTIM1_IRQHandler
                0x08000360                I2C4_ER_IRQHandler
                0x08000360                DMA2_Stream6_IRQHandler
                0x08000360                SAI1_IRQHandler
                0x08000360                DMA1_Stream3_IRQHandler
 *fill*         0x08000362        0x2 
 .text.MX_GPIO_Init
                0x08000364       0x5c Application/User/main.o
 .text.MX_DMA_Init
                0x080003c0       0x34 Application/User/main.o
 .text.StartDefaultTask
                0x080003f4       0x1c Application/User/main.o
                0x080003f4                StartDefaultTask
 .text.StartTaskLed
                0x08000410        0xa Application/User/main.o
                0x08000410                StartTaskLed
 *fill*         0x0800041a        0x2 
 .text.HAL_TIM_PeriodElapsedCallback
                0x0800041c       0x18 Application/User/main.o
                0x0800041c                HAL_TIM_PeriodElapsedCallback
 .text._Error_Handler
                0x08000434        0x2 Application/User/main.o
                0x08000434                _Error_Handler
 *fill*         0x08000436        0x2 
 .text.MX_USART3_UART_Init
                0x08000438       0x40 Application/User/main.o
 .text.SystemClock_Config
                0x08000478       0xc4 Application/User/main.o
                0x08000478                SystemClock_Config
 .text.main     0x0800053c       0xac Application/User/main.o
                0x0800053c                main
 .text.StartTaskUartReceive
                0x080005e8       0x98 Application/User/main.o
                0x080005e8                StartTaskUartReceive
 .text.HAL_MspInit
                0x08000680       0x5e Application/User/stm32f7xx_hal_msp.o
                0x08000680                HAL_MspInit
 *fill*         0x080006de        0x2 
 .text.HAL_UART_MspInit
                0x080006e0       0x9c Application/User/stm32f7xx_hal_msp.o
                0x080006e0                HAL_UART_MspInit
 .text.HAL_InitTick
                0x0800077c       0x78 Application/User/stm32f7xx_hal_timebase_TIM.o
                0x0800077c                HAL_InitTick
 .text.SysTick_Handler
                0x080007f4        0x8 Application/User/stm32f7xx_it.o
                0x080007f4                SysTick_Handler
 .text.DMA1_Stream1_IRQHandler
                0x080007fc       0x10 Application/User/stm32f7xx_it.o
                0x080007fc                DMA1_Stream1_IRQHandler
 .text.TIM1_UP_TIM10_IRQHandler
                0x0800080c       0x10 Application/User/stm32f7xx_it.o
                0x0800080c                TIM1_UP_TIM10_IRQHandler
 .text.SystemInit
                0x0800081c       0x50 Drivers/CMSIS/system_stm32f7xx.o
                0x0800081c                SystemInit
 .text.HAL_Init
                0x0800086c       0x16 Drivers/STM32F7xx_HAL_Driver/stm32f7xx_hal.o
                0x0800086c                HAL_Init
 *fill*         0x08000882        0x2 
 .text.HAL_IncTick
                0x08000884       0x10 Drivers/STM32F7xx_HAL_Driver/stm32f7xx_hal.o
                0x08000884                HAL_IncTick
 .text.HAL_GetTick
                0x08000894        0xc Drivers/STM32F7xx_HAL_Driver/stm32f7xx_hal.o
                0x08000894                HAL_GetTick
 .text.HAL_Delay
                0x080008a0       0x1c Drivers/STM32F7xx_HAL_Driver/stm32f7xx_hal.o
                0x080008a0                HAL_Delay
 .text.HAL_NVIC_SetPriorityGrouping
                0x080008bc       0x24 Drivers/STM32F7xx_HAL_Driver/stm32f7xx_hal_cortex.o
                0x080008bc                HAL_NVIC_SetPriorityGrouping
 .text.HAL_NVIC_SetPriority
                0x080008e0       0x60 Drivers/STM32F7xx_HAL_Driver/stm32f7xx_hal_cortex.o
                0x080008e0                HAL_NVIC_SetPriority
 .text.HAL_NVIC_EnableIRQ
                0x08000940       0x18 Drivers/STM32F7xx_HAL_Driver/stm32f7xx_hal_cortex.o
                0x08000940                HAL_NVIC_EnableIRQ
 .text.HAL_SYSTICK_Config
                0x08000958       0x2c Drivers/STM32F7xx_HAL_Driver/stm32f7xx_hal_cortex.o
                0x08000958                HAL_SYSTICK_Config
 .text.HAL_SYSTICK_CLKSourceConfig
                0x08000984       0x20 Drivers/STM32F7xx_HAL_Driver/stm32f7xx_hal_cortex.o
                0x08000984                HAL_SYSTICK_CLKSourceConfig
 .text.DMA_SetConfig
                0x080009a4       0x2c Drivers/STM32F7xx_HAL_Driver/stm32f7xx_hal_dma.o
 .text.DMA_CalcBaseAndBitshift
                0x080009d0       0x38 Drivers/STM32F7xx_HAL_Driver/stm32f7xx_hal_dma.o
 .text.DMA_CheckFifoParam
                0x08000a08       0x8e Drivers/STM32F7xx_HAL_Driver/stm32f7xx_hal_dma.o
 *fill*         0x08000a96        0x2 
 .text.HAL_DMA_Init
                0x08000a98       0xd0 Drivers/STM32F7xx_HAL_Driver/stm32f7xx_hal_dma.o
                0x08000a98                HAL_DMA_Init
 .text.HAL_DMA_Start_IT
                0x08000b68       0x74 Drivers/STM32F7xx_HAL_Driver/stm32f7xx_hal_dma.o
                0x08000b68                HAL_DMA_Start_IT
 .text.HAL_DMA_IRQHandler
                0x08000bdc      0x1e4 Drivers/STM32F7xx_HAL_Driver/stm32f7xx_hal_dma.o
                0x08000bdc                HAL_DMA_IRQHandler
 .text.HAL_GPIO_Init
                0x08000dc0      0x1dc Drivers/STM32F7xx_HAL_Driver/stm32f7xx_hal_gpio.o
                0x08000dc0                HAL_GPIO_Init
 .text.HAL_GPIO_WritePin
                0x08000f9c        0xc Drivers/STM32F7xx_HAL_Driver/stm32f7xx_hal_gpio.o
                0x08000f9c                HAL_GPIO_WritePin
 .text.HAL_GPIO_TogglePin
                0x08000fa8        0x8 Drivers/STM32F7xx_HAL_Driver/stm32f7xx_hal_gpio.o
                0x08000fa8                HAL_GPIO_TogglePin
 .text.HAL_RCC_OscConfig
                0x08000fb0      0x3d4 Drivers/STM32F7xx_HAL_Driver/stm32f7xx_hal_rcc.o
                0x08000fb0                HAL_RCC_OscConfig
 .text.HAL_RCC_GetSysClockFreq
                0x08001384       0x60 Drivers/STM32F7xx_HAL_Driver/stm32f7xx_hal_rcc.o
                0x08001384                HAL_RCC_GetSysClockFreq
 .text.HAL_RCC_ClockConfig
                0x080013e4      0x140 Drivers/STM32F7xx_HAL_Driver/stm32f7xx_hal_rcc.o
                0x080013e4                HAL_RCC_ClockConfig
 .text.HAL_RCC_GetHCLKFreq
                0x08001524        0xc Drivers/STM32F7xx_HAL_Driver/stm32f7xx_hal_rcc.o
                0x08001524                HAL_RCC_GetHCLKFreq
 .text.HAL_RCC_GetPCLK1Freq
                0x08001530       0x20 Drivers/STM32F7xx_HAL_Driver/stm32f7xx_hal_rcc.o
                0x08001530                HAL_RCC_GetPCLK1Freq
 .text.HAL_RCC_GetPCLK2Freq
                0x08001550       0x20 Drivers/STM32F7xx_HAL_Driver/stm32f7xx_hal_rcc.o
                0x08001550                HAL_RCC_GetPCLK2Freq
 .text.HAL_RCC_GetClockConfig
                0x08001570       0x3c Drivers/STM32F7xx_HAL_Driver/stm32f7xx_hal_rcc.o
                0x08001570                HAL_RCC_GetClockConfig
 .text.HAL_RCCEx_PeriphCLKConfig
                0x080015ac      0x608 Drivers/STM32F7xx_HAL_Driver/stm32f7xx_hal_rcc_ex.o
                0x080015ac                HAL_RCCEx_PeriphCLKConfig
 .text.HAL_TIM_Base_MspInit
                0x08001bb4        0x2 Drivers/STM32F7xx_HAL_Driver/stm32f7xx_hal_tim.o
                0x08001bb4                HAL_TIM_Base_MspInit
 .text.HAL_TIM_Base_Start_IT
                0x08001bb6       0x18 Drivers/STM32F7xx_HAL_Driver/stm32f7xx_hal_tim.o
                0x08001bb6                HAL_TIM_Base_Start_IT
 .text.HAL_TIM_OC_DelayElapsedCallback
                0x08001bce        0x2 Drivers/STM32F7xx_HAL_Driver/stm32f7xx_hal_tim.o
                0x08001bce                HAL_TIM_OC_DelayElapsedCallback
 .text.HAL_TIM_IC_CaptureCallback
                0x08001bd0        0x2 Drivers/STM32F7xx_HAL_Driver/stm32f7xx_hal_tim.o
                0x08001bd0                HAL_TIM_IC_CaptureCallback
 .text.HAL_TIM_PWM_PulseFinishedCallback
                0x08001bd2        0x2 Drivers/STM32F7xx_HAL_Driver/stm32f7xx_hal_tim.o
                0x08001bd2                HAL_TIM_PWM_PulseFinishedCallback
 .text.HAL_TIM_TriggerCallback
                0x08001bd4        0x2 Drivers/STM32F7xx_HAL_Driver/stm32f7xx_hal_tim.o
                0x08001bd4                HAL_TIM_TriggerCallback
 .text.HAL_TIM_IRQHandler
                0x08001bd6      0x19a Drivers/STM32F7xx_HAL_Driver/stm32f7xx_hal_tim.o
                0x08001bd6                HAL_TIM_IRQHandler
 .text.TIM_Base_SetConfig
                0x08001d70      0x140 Drivers/STM32F7xx_HAL_Driver/stm32f7xx_hal_tim.o
                0x08001d70                TIM_Base_SetConfig
 .text.HAL_TIM_Base_Init
                0x08001eb0       0x32 Drivers/STM32F7xx_HAL_Driver/stm32f7xx_hal_tim.o
                0x08001eb0                HAL_TIM_Base_Init
 .text.HAL_TIMEx_CommutationCallback
                0x08001ee2        0x2 Drivers/STM32F7xx_HAL_Driver/stm32f7xx_hal_tim_ex.o
                0x08001ee2                HAL_TIMEx_CommutationCallback
 .text.HAL_TIMEx_BreakCallback
                0x08001ee4        0x2 Drivers/STM32F7xx_HAL_Driver/stm32f7xx_hal_tim_ex.o
                0x08001ee4                HAL_TIMEx_BreakCallback
 .text.UART_EndTxTransfer
                0x08001ee6       0x12 Drivers/STM32F7xx_HAL_Driver/stm32f7xx_hal_uart.o
 .text.UART_EndRxTransfer
                0x08001ef8       0x1c Drivers/STM32F7xx_HAL_Driver/stm32f7xx_hal_uart.o
 .text.HAL_UART_Receive_DMA
                0x08001f14       0x98 Drivers/STM32F7xx_HAL_Driver/stm32f7xx_hal_uart.o
                0x08001f14                HAL_UART_Receive_DMA
 .text.UART_WaitOnFlagUntilTimeout
                0x08001fac       0x64 Drivers/STM32F7xx_HAL_Driver/stm32f7xx_hal_uart.o
                0x08001fac                UART_WaitOnFlagUntilTimeout
 .text.HAL_UART_Transmit
                0x08002010       0xcc Drivers/STM32F7xx_HAL_Driver/stm32f7xx_hal_uart.o
                0x08002010                HAL_UART_Transmit
 .text.HAL_UART_RxCpltCallback
                0x080020dc        0x2 Drivers/STM32F7xx_HAL_Driver/stm32f7xx_hal_uart.o
                0x080020dc                HAL_UART_RxCpltCallback
 .text.UART_DMAReceiveCplt
                0x080020de       0x40 Drivers/STM32F7xx_HAL_Driver/stm32f7xx_hal_uart.o
 .text.HAL_UART_RxHalfCpltCallback
                0x0800211e        0x2 Drivers/STM32F7xx_HAL_Driver/stm32f7xx_hal_uart.o
                0x0800211e                HAL_UART_RxHalfCpltCallback
 .text.UART_DMARxHalfCplt
                0x08002120        0xa Drivers/STM32F7xx_HAL_Driver/stm32f7xx_hal_uart.o
 .text.HAL_UART_ErrorCallback
                0x0800212a        0x2 Drivers/STM32F7xx_HAL_Driver/stm32f7xx_hal_uart.o
                0x0800212a                HAL_UART_ErrorCallback
 .text.UART_DMAError
                0x0800212c       0x56 Drivers/STM32F7xx_HAL_Driver/stm32f7xx_hal_uart.o
 *fill*         0x08002182        0x2 
 .text.UART_SetConfig
                0x08002184      0x360 Drivers/STM32F7xx_HAL_Driver/stm32f7xx_hal_uart.o
                0x08002184                UART_SetConfig
 .text.UART_AdvFeatureConfig
                0x080024e4       0xca Drivers/STM32F7xx_HAL_Driver/stm32f7xx_hal_uart.o
                0x080024e4                UART_AdvFeatureConfig
 .text.UART_CheckIdleState
                0x080025ae       0x48 Drivers/STM32F7xx_HAL_Driver/stm32f7xx_hal_uart.o
                0x080025ae                UART_CheckIdleState
 .text.HAL_UART_Init
                0x080025f6       0x68 Drivers/STM32F7xx_HAL_Driver/stm32f7xx_hal_uart.o
                0x080025f6                HAL_UART_Init
 .text.makeFreeRtosPriority
                0x0800265e        0xc Middlewares/FreeRTOS/cmsis_os.o
 .text.osKernelStart
                0x0800266a        0xa Middlewares/FreeRTOS/cmsis_os.o
                0x0800266a                osKernelStart
 .text.osThreadCreate
                0x08002674       0x34 Middlewares/FreeRTOS/cmsis_os.o
                0x08002674                osThreadCreate
 .text.osDelay  0x080026a8       0x12 Middlewares/FreeRTOS/cmsis_os.o
                0x080026a8                osDelay
 .text.osMessageCreate
                0x080026ba        0xe Middlewares/FreeRTOS/cmsis_os.o
                0x080026ba                osMessageCreate
 .text.osSystickHandler
                0x080026c8       0x10 Middlewares/FreeRTOS/cmsis_os.o
                0x080026c8                osSystickHandler
 .text.prvHeapInit
                0x080026d8       0x58 Middlewares/FreeRTOS/heap_4.o
 .text.prvInsertBlockIntoFreeList
                0x08002730       0x58 Middlewares/FreeRTOS/heap_4.o
 .text.pvPortMalloc
                0x08002788      0x118 Middlewares/FreeRTOS/heap_4.o
                0x08002788                pvPortMalloc
 .text.vPortFree
                0x080028a0       0x7c Middlewares/FreeRTOS/heap_4.o
                0x080028a0                vPortFree
 .text.vListInitialise
                0x0800291c       0x16 Middlewares/FreeRTOS/list.o
                0x0800291c                vListInitialise
 .text.vListInitialiseItem
                0x08002932        0x6 Middlewares/FreeRTOS/list.o
                0x08002932                vListInitialiseItem
 .text.vListInsertEnd
                0x08002938       0x18 Middlewares/FreeRTOS/list.o
                0x08002938                vListInsertEnd
 .text.vListInsert
                0x08002950       0x34 Middlewares/FreeRTOS/list.o
                0x08002950                vListInsert
 .text.uxListRemove
                0x08002984       0x26 Middlewares/FreeRTOS/list.o
                0x08002984                uxListRemove
 *fill*         0x080029aa        0x2 
 .text.prvTaskExitError
                0x080029ac       0x3c Middlewares/FreeRTOS/port.o
 .text.prvPortStartFirstTask
                0x080029e8       0x20 Middlewares/FreeRTOS/port.o
 .text.vPortEnableVFP
                0x08002a08       0x14 Middlewares/FreeRTOS/port.o
 .text.pxPortInitialiseStack
                0x08002a1c       0x2c Middlewares/FreeRTOS/port.o
                0x08002a1c                pxPortInitialiseStack
 *fill*         0x08002a48        0x8 
 .text.SVC_Handler
                0x08002a50       0x24 Middlewares/FreeRTOS/port.o
                0x08002a50                SVC_Handler
 .text.vPortEnterCritical
                0x08002a74       0x4c Middlewares/FreeRTOS/port.o
                0x08002a74                vPortEnterCritical
 .text.vPortExitCritical
                0x08002ac0       0x30 Middlewares/FreeRTOS/port.o
                0x08002ac0                vPortExitCritical
 .text.PendSV_Handler
                0x08002af0       0x64 Middlewares/FreeRTOS/port.o
                0x08002af0                PendSV_Handler
 .text.xPortSysTickHandler
                0x08002b54       0x30 Middlewares/FreeRTOS/port.o
                0x08002b54                xPortSysTickHandler
 .text.vPortSetupTimerInterrupt
                0x08002b84       0x2c Middlewares/FreeRTOS/port.o
                0x08002b84                vPortSetupTimerInterrupt
 .text.xPortStartScheduler
                0x08002bb0       0xa4 Middlewares/FreeRTOS/port.o
                0x08002bb0                xPortStartScheduler
 .text.xQueueGenericReset
                0x08002c54       0x84 Middlewares/FreeRTOS/queue.o
                0x08002c54                xQueueGenericReset
 .text.prvInitialiseNewQueue
                0x08002cd8       0x1c Middlewares/FreeRTOS/queue.o
 .text.xQueueGenericCreate
                0x08002cf4       0x4c Middlewares/FreeRTOS/queue.o
                0x08002cf4                xQueueGenericCreate
 .text.prvResetNextTaskUnblockTime
                0x08002d40       0x2c Middlewares/FreeRTOS/tasks.o
 .text.prvDeleteTCB
                0x08002d6c       0x12 Middlewares/FreeRTOS/tasks.o
 .text.prvInitialiseNewTask
                0x08002d7e       0x80 Middlewares/FreeRTOS/tasks.o
 *fill*         0x08002dfe        0x2 
 .text.prvInitialiseTaskLists
                0x08002e00       0x58 Middlewares/FreeRTOS/tasks.o
 .text.prvAddNewTaskToReadyList
                0x08002e58       0xac Middlewares/FreeRTOS/tasks.o
 .text.prvAddCurrentTaskToDelayedList
                0x08002f04       0x90 Middlewares/FreeRTOS/tasks.o
 .text.xTaskCreate
                0x08002f94       0x62 Middlewares/FreeRTOS/tasks.o
                0x08002f94                xTaskCreate
 *fill*         0x08002ff6        0x2 
 .text.vTaskStartScheduler
                0x08002ff8       0x7c Middlewares/FreeRTOS/tasks.o
                0x08002ff8                vTaskStartScheduler
 .text.vTaskSuspendAll
                0x08003074       0x14 Middlewares/FreeRTOS/tasks.o
                0x08003074                vTaskSuspendAll
 .text.xTaskIncrementTick
                0x08003088      0x118 Middlewares/FreeRTOS/tasks.o
                0x08003088                xTaskIncrementTick
 .text.xTaskResumeAll
                0x080031a0       0xf8 Middlewares/FreeRTOS/tasks.o
                0x080031a0                xTaskResumeAll
 .text.vTaskDelay
                0x08003298       0x54 Middlewares/FreeRTOS/tasks.o
                0x08003298                vTaskDelay
 .text.prvCheckTasksWaitingTermination
                0x080032ec       0x54 Middlewares/FreeRTOS/tasks.o
 .text.prvIdleTask
                0x08003340       0x28 Middlewares/FreeRTOS/tasks.o
 .text.vTaskSwitchContext
                0x08003368       0x94 Middlewares/FreeRTOS/tasks.o
                0x08003368                vTaskSwitchContext
 .text.xTaskRemoveFromEventList
                0x080033fc       0x88 Middlewares/FreeRTOS/tasks.o
                0x080033fc                xTaskRemoveFromEventList
 .text.xTaskGetSchedulerState
                0x08003484       0x20 Middlewares/FreeRTOS/tasks.o
                0x08003484                xTaskGetSchedulerState
 .text.__libc_init_array
                0x080034a4       0x48 c:/ac6/systemworkbench/plugins/fr.ac6.mcu.externaltools.arm-none.win32_1.15.0.201708311556/tools/compiler/bin/../lib/gcc/arm-none-eabi/6.3.1/../../../../arm-none-eabi/lib/thumb/v7e-m/fpv5/hard\libc_nano.a(lib_a-init.o)
                0x080034a4                __libc_init_array
 .text.memcpy   0x080034ec       0x16 c:/ac6/systemworkbench/plugins/fr.ac6.mcu.externaltools.arm-none.win32_1.15.0.201708311556/tools/compiler/bin/../lib/gcc/arm-none-eabi/6.3.1/../../../../arm-none-eabi/lib/thumb/v7e-m/fpv5/hard\libc_nano.a(lib_a-memcpy-stub.o)
                0x080034ec                memcpy
 *fill*         0x08003502        0x2 
 .text.sprintf  0x08003504       0x48 c:/ac6/systemworkbench/plugins/fr.ac6.mcu.externaltools.arm-none.win32_1.15.0.201708311556/tools/compiler/bin/../lib/gcc/arm-none-eabi/6.3.1/../../../../arm-none-eabi/lib/thumb/v7e-m/fpv5/hard\libc_nano.a(lib_a-sprintf.o)
                0x08003504                siprintf
                0x08003504                sprintf
 .text.__ssputs_r
                0x0800354c       0xb6 c:/ac6/systemworkbench/plugins/fr.ac6.mcu.externaltools.arm-none.win32_1.15.0.201708311556/tools/compiler/bin/../lib/gcc/arm-none-eabi/6.3.1/../../../../arm-none-eabi/lib/thumb/v7e-m/fpv5/hard\libc_nano.a(lib_a-nano-svfprintf.o)
                0x0800354c                __ssputs_r
 *fill*         0x08003602        0x2 
 .text._svfprintf_r
                0x08003604      0x1e8 c:/ac6/systemworkbench/plugins/fr.ac6.mcu.externaltools.arm-none.win32_1.15.0.201708311556/tools/compiler/bin/../lib/gcc/arm-none-eabi/6.3.1/../../../../arm-none-eabi/lib/thumb/v7e-m/fpv5/hard\libc_nano.a(lib_a-nano-svfprintf.o)
                0x08003604                _svfiprintf_r
                0x08003604                _svfprintf_r
 .text._printf_common
                0x080037ec       0xec c:/ac6/systemworkbench/plugins/fr.ac6.mcu.externaltools.arm-none.win32_1.15.0.201708311556/tools/compiler/bin/../lib/gcc/arm-none-eabi/6.3.1/../../../../arm-none-eabi/lib/thumb/v7e-m/fpv5/hard\libc_nano.a(lib_a-nano-vfprintf_i.o)
                0x080037ec                _printf_common
 .text._printf_i
                0x080038d8      0x240 c:/ac6/systemworkbench/plugins/fr.ac6.mcu.externaltools.arm-none.win32_1.15.0.201708311556/tools/compiler/bin/../lib/gcc/arm-none-eabi/6.3.1/../../../../arm-none-eabi/lib/thumb/v7e-m/fpv5/hard\libc_nano.a(lib_a-nano-vfprintf_i.o)
                0x080038d8                _printf_i
 .text.memmove  0x08003b18       0x34 c:/ac6/systemworkbench/plugins/fr.ac6.mcu.externaltools.arm-none.win32_1.15.0.201708311556/tools/compiler/bin/../lib/gcc/arm-none-eabi/6.3.1/../../../../arm-none-eabi/lib/thumb/v7e-m/fpv5/hard\libc_nano.a(lib_a-memmove.o)
                0x08003b18                memmove
 .text._free_r  0x08003b4c       0x9c c:/ac6/systemworkbench/plugins/fr.ac6.mcu.externaltools.arm-none.win32_1.15.0.201708311556/tools/compiler/bin/../lib/gcc/arm-none-eabi/6.3.1/../../../../arm-none-eabi/lib/thumb/v7e-m/fpv5/hard\libc_nano.a(lib_a-nano-freer.o)
                0x08003b4c                _free_r
 .text._malloc_r
                0x08003be8       0xbc c:/ac6/systemworkbench/plugins/fr.ac6.mcu.externaltools.arm-none.win32_1.15.0.201708311556/tools/compiler/bin/../lib/gcc/arm-none-eabi/6.3.1/../../../../arm-none-eabi/lib/thumb/v7e-m/fpv5/hard\libc_nano.a(lib_a-nano-mallocr.o)
                0x08003be8                _malloc_r
 .text._realloc_r
                0x08003ca4       0x4c c:/ac6/systemworkbench/plugins/fr.ac6.mcu.externaltools.arm-none.win32_1.15.0.201708311556/tools/compiler/bin/../lib/gcc/arm-none-eabi/6.3.1/../../../../arm-none-eabi/lib/thumb/v7e-m/fpv5/hard\libc_nano.a(lib_a-nano-reallocr.o)
                0x08003ca4                _realloc_r
 .text._sbrk_r  0x08003cf0       0x20 c:/ac6/systemworkbench/plugins/fr.ac6.mcu.externaltools.arm-none.win32_1.15.0.201708311556/tools/compiler/bin/../lib/gcc/arm-none-eabi/6.3.1/../../../../arm-none-eabi/lib/thumb/v7e-m/fpv5/hard\libc_nano.a(lib_a-sbrkr.o)
                0x08003cf0                _sbrk_r
 .text.__malloc_lock
                0x08003d10        0x2 c:/ac6/systemworkbench/plugins/fr.ac6.mcu.externaltools.arm-none.win32_1.15.0.201708311556/tools/compiler/bin/../lib/gcc/arm-none-eabi/6.3.1/../../../../arm-none-eabi/lib/thumb/v7e-m/fpv5/hard\libc_nano.a(lib_a-mlock.o)
                0x08003d10                __malloc_lock
 .text.__malloc_unlock
                0x08003d12        0x2 c:/ac6/systemworkbench/plugins/fr.ac6.mcu.externaltools.arm-none.win32_1.15.0.201708311556/tools/compiler/bin/../lib/gcc/arm-none-eabi/6.3.1/../../../../arm-none-eabi/lib/thumb/v7e-m/fpv5/hard\libc_nano.a(lib_a-mlock.o)
                0x08003d12                __malloc_unlock
 .text._malloc_usable_size_r
                0x08003d14       0x12 c:/ac6/systemworkbench/plugins/fr.ac6.mcu.externaltools.arm-none.win32_1.15.0.201708311556/tools/compiler/bin/../lib/gcc/arm-none-eabi/6.3.1/../../../../arm-none-eabi/lib/thumb/v7e-m/fpv5/hard\libc_nano.a(lib_a-nano-msizer.o)
                0x08003d14                _malloc_usable_size_r
 *fill*         0x08003d26        0x2 
 .text._sbrk    0x08003d28       0x1c c:/ac6/systemworkbench/plugins/fr.ac6.mcu.externaltools.arm-none.win32_1.15.0.201708311556/tools/compiler/bin/../lib/gcc/arm-none-eabi/6.3.1/../../../../arm-none-eabi/lib/thumb/v7e-m/fpv5/hard\libnosys.a(sbrk.o)
                0x08003d28                _sbrk
 *(.glue_7)
 .glue_7        0x08003d44        0x0 linker stubs
 *(.glue_7t)
 .glue_7t       0x08003d44        0x0 linker stubs
 *(.eh_frame)
 .eh_frame      0x08003d44        0x0 c:/ac6/systemworkbench/plugins/fr.ac6.mcu.externaltools.arm-none.win32_1.15.0.201708311556/tools/compiler/bin/../lib/gcc/arm-none-eabi/6.3.1/thumb/v7e-m/fpv5/hard/crtbegin.o
 *(.init)
 .init          0x08003d44        0x4 c:/ac6/systemworkbench/plugins/fr.ac6.mcu.externaltools.arm-none.win32_1.15.0.201708311556/tools/compiler/bin/../lib/gcc/arm-none-eabi/6.3.1/thumb/v7e-m/fpv5/hard/crti.o
                0x08003d44                _init
 .init          0x08003d48        0x8 c:/ac6/systemworkbench/plugins/fr.ac6.mcu.externaltools.arm-none.win32_1.15.0.201708311556/tools/compiler/bin/../lib/gcc/arm-none-eabi/6.3.1/thumb/v7e-m/fpv5/hard/crtn.o
 *(.fini)
 .fini          0x08003d50        0x4 c:/ac6/systemworkbench/plugins/fr.ac6.mcu.externaltools.arm-none.win32_1.15.0.201708311556/tools/compiler/bin/../lib/gcc/arm-none-eabi/6.3.1/thumb/v7e-m/fpv5/hard/crti.o
                0x08003d50                _fini
 .fini          0x08003d54        0x8 c:/ac6/systemworkbench/plugins/fr.ac6.mcu.externaltools.arm-none.win32_1.15.0.201708311556/tools/compiler/bin/../lib/gcc/arm-none-eabi/6.3.1/thumb/v7e-m/fpv5/hard/crtn.o
                0x08003d5c                . = ALIGN (0x4)
                0x08003d5c                _etext = .

.vfp11_veneer   0x08003d5c        0x0
 .vfp11_veneer  0x08003d5c        0x0 linker stubs

.v4_bx          0x08003d5c        0x0
 .v4_bx         0x08003d5c        0x0 linker stubs

.iplt           0x08003d5c        0x0
 .iplt          0x08003d5c        0x0 c:/ac6/systemworkbench/plugins/fr.ac6.mcu.externaltools.arm-none.win32_1.15.0.201708311556/tools/compiler/bin/../lib/gcc/arm-none-eabi/6.3.1/thumb/v7e-m/fpv5/hard/crtbegin.o

.rodata         0x08003d5c      0x16c
                0x08003d5c                . = ALIGN (0x4)
 *(.rodata)
 .rodata        0x08003d5c       0x44 Application/User/main.o
 .rodata        0x08003da0       0x18 Drivers/CMSIS/system_stm32f7xx.o
                0x08003da0                AHBPrescTable
                0x08003db0                APBPrescTable
 .rodata        0x08003db8        0x8 Drivers/STM32F7xx_HAL_Driver/stm32f7xx_hal_dma.o
 *(.rodata*)
 .rodata.str1.4
                0x08003dc0       0x7c Application/User/main.o
 .rodata.str1.4
                0x08003e3c       0x4d Application/User/stm32f7xx_hal_msp.o
 *fill*         0x08003e89        0x3 
 .rodata.str1.4
                0x08003e8c        0x8 Middlewares/FreeRTOS/tasks.o
                                  0x5 (size before relaxing)
 .rodata._svfprintf_r.str1.1
                0x08003e94       0x11 c:/ac6/systemworkbench/plugins/fr.ac6.mcu.externaltools.arm-none.win32_1.15.0.201708311556/tools/compiler/bin/../lib/gcc/arm-none-eabi/6.3.1/../../../../arm-none-eabi/lib/thumb/v7e-m/fpv5/hard\libc_nano.a(lib_a-nano-svfprintf.o)
 .rodata._printf_i.str1.1
                0x08003ea5       0x22 c:/ac6/systemworkbench/plugins/fr.ac6.mcu.externaltools.arm-none.win32_1.15.0.201708311556/tools/compiler/bin/../lib/gcc/arm-none-eabi/6.3.1/../../../../arm-none-eabi/lib/thumb/v7e-m/fpv5/hard\libc_nano.a(lib_a-nano-vfprintf_i.o)
                0x08003ec8                . = ALIGN (0x4)
 *fill*         0x08003ec7        0x1 

.rel.dyn        0x08003ec8        0x0
 .rel.iplt      0x08003ec8        0x0 c:/ac6/systemworkbench/plugins/fr.ac6.mcu.externaltools.arm-none.win32_1.15.0.201708311556/tools/compiler/bin/../lib/gcc/arm-none-eabi/6.3.1/thumb/v7e-m/fpv5/hard/crtbegin.o

.ARM.extab
 *(.ARM.extab* .gnu.linkonce.armextab.*)

.ARM            0x08003ec8        0x0
                0x08003ec8                __exidx_start = .
 *(.ARM.exidx*)
                0x08003ec8                __exidx_end = .

.preinit_array  0x08003ec8        0x0
                0x08003ec8                PROVIDE (__preinit_array_start, .)
 *(.preinit_array*)
                0x08003ec8                PROVIDE (__preinit_array_end, .)

.init_array     0x08003ec8        0x4
                0x08003ec8                PROVIDE (__init_array_start, .)
 *(SORT(.init_array.*))
 *(.init_array*)
 .init_array    0x08003ec8        0x4 c:/ac6/systemworkbench/plugins/fr.ac6.mcu.externaltools.arm-none.win32_1.15.0.201708311556/tools/compiler/bin/../lib/gcc/arm-none-eabi/6.3.1/thumb/v7e-m/fpv5/hard/crtbegin.o
                0x08003ecc                PROVIDE (__init_array_end, .)

.fini_array     0x08003ecc        0x4
                [!provide]                PROVIDE (__fini_array_start, .)
 *(SORT(.fini_array.*))
 *(.fini_array*)
 .fini_array    0x08003ecc        0x4 c:/ac6/systemworkbench/plugins/fr.ac6.mcu.externaltools.arm-none.win32_1.15.0.201708311556/tools/compiler/bin/../lib/gcc/arm-none-eabi/6.3.1/thumb/v7e-m/fpv5/hard/crtbegin.o
                [!provide]                PROVIDE (__fini_array_end, .)
                0x08003ed0                _sidata = LOADADDR (.data)

.data           0x20000000       0x6c load address 0x08003ed0
                0x20000000                . = ALIGN (0x4)
                0x20000000                _sdata = .
 *(.data)
 .data          0x20000000        0x4 Drivers/CMSIS/system_stm32f7xx.o
                0x20000000                SystemCoreClock
 .data          0x20000004        0x4 Middlewares/FreeRTOS/port.o
 *(.data*)
 .data._impure_ptr
                0x20000008        0x4 c:/ac6/systemworkbench/plugins/fr.ac6.mcu.externaltools.arm-none.win32_1.15.0.201708311556/tools/compiler/bin/../lib/gcc/arm-none-eabi/6.3.1/../../../../arm-none-eabi/lib/thumb/v7e-m/fpv5/hard\libc_nano.a(lib_a-impure.o)
                0x20000008                _impure_ptr
 .data.impure_data
                0x2000000c       0x60 c:/ac6/systemworkbench/plugins/fr.ac6.mcu.externaltools.arm-none.win32_1.15.0.201708311556/tools/compiler/bin/../lib/gcc/arm-none-eabi/6.3.1/../../../../arm-none-eabi/lib/thumb/v7e-m/fpv5/hard\libc_nano.a(lib_a-impure.o)
                0x2000006c                . = ALIGN (0x4)
                0x2000006c                _edata = .

.jcr            0x2000006c        0x0 load address 0x08003f3c
 .jcr           0x2000006c        0x0 c:/ac6/systemworkbench/plugins/fr.ac6.mcu.externaltools.arm-none.win32_1.15.0.201708311556/tools/compiler/bin/../lib/gcc/arm-none-eabi/6.3.1/thumb/v7e-m/fpv5/hard/crtbegin.o

.igot.plt       0x2000006c        0x0 load address 0x08003f3c
 .igot.plt      0x2000006c        0x0 c:/ac6/systemworkbench/plugins/fr.ac6.mcu.externaltools.arm-none.win32_1.15.0.201708311556/tools/compiler/bin/../lib/gcc/arm-none-eabi/6.3.1/thumb/v7e-m/fpv5/hard/crtbegin.o
                0x2000006c                . = ALIGN (0x4)

.bss            0x2000006c     0x3ef8 load address 0x08003f3c
                0x2000006c                _sbss = .
                0x2000006c                __bss_start__ = _sbss
 *(.bss)
 .bss           0x2000006c       0x1c c:/ac6/systemworkbench/plugins/fr.ac6.mcu.externaltools.arm-none.win32_1.15.0.201708311556/tools/compiler/bin/../lib/gcc/arm-none-eabi/6.3.1/thumb/v7e-m/fpv5/hard/crtbegin.o
 .bss           0x20000088       0x10 Application/User/main.o
 .bss           0x20000098     0x3c18 Middlewares/FreeRTOS/heap_4.o
 .bss           0x20003cb0        0x8 Middlewares/FreeRTOS/port.o
 .bss           0x20003cb8      0x12c Middlewares/FreeRTOS/tasks.o
                0x20003db8                pxCurrentTCB
 *(.bss*)
 .bss.__malloc_free_list
                0x20003de4        0x4 c:/ac6/systemworkbench/plugins/fr.ac6.mcu.externaltools.arm-none.win32_1.15.0.201708311556/tools/compiler/bin/../lib/gcc/arm-none-eabi/6.3.1/../../../../arm-none-eabi/lib/thumb/v7e-m/fpv5/hard\libc_nano.a(lib_a-nano-mallocr.o)
                0x20003de4                __malloc_free_list
 .bss.__malloc_sbrk_start
                0x20003de8        0x4 c:/ac6/systemworkbench/plugins/fr.ac6.mcu.externaltools.arm-none.win32_1.15.0.201708311556/tools/compiler/bin/../lib/gcc/arm-none-eabi/6.3.1/../../../../arm-none-eabi/lib/thumb/v7e-m/fpv5/hard\libc_nano.a(lib_a-nano-mallocr.o)
                0x20003de8                __malloc_sbrk_start
 .bss.heap_end.5239
                0x20003dec        0x4 c:/ac6/systemworkbench/plugins/fr.ac6.mcu.externaltools.arm-none.win32_1.15.0.201708311556/tools/compiler/bin/../lib/gcc/arm-none-eabi/6.3.1/../../../../arm-none-eabi/lib/thumb/v7e-m/fpv5/hard\libnosys.a(sbrk.o)
 *(COMMON)
 COMMON         0x20003df0      0x12c Application/User/main.o
                0x20003df0                defaultTaskHandle
                0x20003df4                j
                0x20003df8                hdma_usart3_rx
                0x20003e58                huart3
                0x20003ec8                k
                0x20003ecc                tab
                0x20003f08                i
                0x20003f0c                myTaskLedHandle
                0x20003f10                myTaskUartReceiHandle
                0x20003f14                RxData
                0x20003f18                myQueue01Handle
 COMMON         0x20003f1c       0x40 Application/User/stm32f7xx_hal_timebase_TIM.o
                0x20003f1c                htim1
 COMMON         0x20003f5c        0x4 Drivers/STM32F7xx_HAL_Driver/stm32f7xx_hal.o
                0x20003f5c                uwTick
 COMMON         0x20003f60        0x4 c:/ac6/systemworkbench/plugins/fr.ac6.mcu.externaltools.arm-none.win32_1.15.0.201708311556/tools/compiler/bin/../lib/gcc/arm-none-eabi/6.3.1/../../../../arm-none-eabi/lib/thumb/v7e-m/fpv5/hard\libc_nano.a(lib_a-reent.o)
                0x20003f60                errno
                0x20003f64                . = ALIGN (0x4)
                0x20003f64                _ebss = .
                0x20003f64                __bss_end__ = _ebss

._user_heap_stack
                0x20003f64      0x604 load address 0x08003f3c
                0x20003f68                . = ALIGN (0x8)
 *fill*         0x20003f64        0x4 
                0x20003f68                PROVIDE (end, .)
                [!provide]                PROVIDE (_end, .)
                0x20004168                . = (. + _Min_Heap_Size)
 *fill*         0x20003f68      0x200 
                0x20004568                . = (. + _Min_Stack_Size)
 *fill*         0x20004168      0x400 
                0x20004568                . = ALIGN (0x8)

/DISCARD/
 libc.a(*)
 libm.a(*)
 libgcc.a(*)

.ARM.attributes
                0x00000000       0x2e
 *(.ARM.attributes)
 .ARM.attributes
                0x00000000       0x20 c:/ac6/systemworkbench/plugins/fr.ac6.mcu.externaltools.arm-none.win32_1.15.0.201708311556/tools/compiler/bin/../lib/gcc/arm-none-eabi/6.3.1/thumb/v7e-m/fpv5/hard/crti.o
 .ARM.attributes
                0x00000020       0x32 c:/ac6/systemworkbench/plugins/fr.ac6.mcu.externaltools.arm-none.win32_1.15.0.201708311556/tools/compiler/bin/../lib/gcc/arm-none-eabi/6.3.1/thumb/v7e-m/fpv5/hard/crtbegin.o
 .ARM.attributes
                0x00000052       0x21 Application/SW4STM32/startup_stm32f767xx.o
 .ARM.attributes
                0x00000073       0x37 Application/User/main.o
 .ARM.attributes
                0x000000aa       0x37 Application/User/stm32f7xx_hal_msp.o
 .ARM.attributes
                0x000000e1       0x37 Application/User/stm32f7xx_hal_timebase_TIM.o
 .ARM.attributes
                0x00000118       0x37 Application/User/stm32f7xx_it.o
 .ARM.attributes
                0x0000014f       0x37 Drivers/CMSIS/system_stm32f7xx.o
 .ARM.attributes
                0x00000186       0x37 Drivers/STM32F7xx_HAL_Driver/stm32f7xx_hal.o
 .ARM.attributes
                0x000001bd       0x37 Drivers/STM32F7xx_HAL_Driver/stm32f7xx_hal_cortex.o
 .ARM.attributes
                0x000001f4       0x37 Drivers/STM32F7xx_HAL_Driver/stm32f7xx_hal_dma.o
 .ARM.attributes
                0x0000022b       0x37 Drivers/STM32F7xx_HAL_Driver/stm32f7xx_hal_gpio.o
 .ARM.attributes
                0x00000262       0x37 Drivers/STM32F7xx_HAL_Driver/stm32f7xx_hal_rcc.o
 .ARM.attributes
                0x00000299       0x37 Drivers/STM32F7xx_HAL_Driver/stm32f7xx_hal_rcc_ex.o
 .ARM.attributes
                0x000002d0       0x37 Drivers/STM32F7xx_HAL_Driver/stm32f7xx_hal_tim.o
 .ARM.attributes
                0x00000307       0x37 Drivers/STM32F7xx_HAL_Driver/stm32f7xx_hal_tim_ex.o
 .ARM.attributes
                0x0000033e       0x37 Drivers/STM32F7xx_HAL_Driver/stm32f7xx_hal_uart.o
 .ARM.attributes
                0x00000375       0x37 Middlewares/FreeRTOS/cmsis_os.o
 .ARM.attributes
                0x000003ac       0x37 Middlewares/FreeRTOS/heap_4.o
 .ARM.attributes
                0x000003e3       0x37 Middlewares/FreeRTOS/list.o
 .ARM.attributes
                0x0000041a       0x37 Middlewares/FreeRTOS/port.o
 .ARM.attributes
                0x00000451       0x37 Middlewares/FreeRTOS/queue.o
 .ARM.attributes
                0x00000488       0x37 Middlewares/FreeRTOS/tasks.o
 .ARM.attributes
                0x000004bf       0x32 c:/ac6/systemworkbench/plugins/fr.ac6.mcu.externaltools.arm-none.win32_1.15.0.201708311556/tools/compiler/bin/../lib/gcc/arm-none-eabi/6.3.1/../../../../arm-none-eabi/lib/thumb/v7e-m/fpv5/hard\libc_nano.a(lib_a-impure.o)
 .ARM.attributes
                0x000004f1       0x32 c:/ac6/systemworkbench/plugins/fr.ac6.mcu.externaltools.arm-none.win32_1.15.0.201708311556/tools/compiler/bin/../lib/gcc/arm-none-eabi/6.3.1/../../../../arm-none-eabi/lib/thumb/v7e-m/fpv5/hard\libc_nano.a(lib_a-init.o)
 .ARM.attributes
                0x00000523       0x32 c:/ac6/systemworkbench/plugins/fr.ac6.mcu.externaltools.arm-none.win32_1.15.0.201708311556/tools/compiler/bin/../lib/gcc/arm-none-eabi/6.3.1/../../../../arm-none-eabi/lib/thumb/v7e-m/fpv5/hard\libc_nano.a(lib_a-memcpy-stub.o)
 .ARM.attributes
                0x00000555       0x32 c:/ac6/systemworkbench/plugins/fr.ac6.mcu.externaltools.arm-none.win32_1.15.0.201708311556/tools/compiler/bin/../lib/gcc/arm-none-eabi/6.3.1/../../../../arm-none-eabi/lib/thumb/v7e-m/fpv5/hard\libc_nano.a(lib_a-sprintf.o)
 .ARM.attributes
                0x00000587       0x32 c:/ac6/systemworkbench/plugins/fr.ac6.mcu.externaltools.arm-none.win32_1.15.0.201708311556/tools/compiler/bin/../lib/gcc/arm-none-eabi/6.3.1/../../../../arm-none-eabi/lib/thumb/v7e-m/fpv5/hard\libc_nano.a(lib_a-nano-svfprintf.o)
 .ARM.attributes
                0x000005b9       0x32 c:/ac6/systemworkbench/plugins/fr.ac6.mcu.externaltools.arm-none.win32_1.15.0.201708311556/tools/compiler/bin/../lib/gcc/arm-none-eabi/6.3.1/../../../../arm-none-eabi/lib/thumb/v7e-m/fpv5/hard\libc_nano.a(lib_a-nano-vfprintf_i.o)
 .ARM.attributes
                0x000005eb       0x1e c:/ac6/systemworkbench/plugins/fr.ac6.mcu.externaltools.arm-none.win32_1.15.0.201708311556/tools/compiler/bin/../lib/gcc/arm-none-eabi/6.3.1/../../../../arm-none-eabi/lib/thumb/v7e-m/fpv5/hard\libc_nano.a(lib_a-memchr.o)
 .ARM.attributes
                0x00000609       0x32 c:/ac6/systemworkbench/plugins/fr.ac6.mcu.externaltools.arm-none.win32_1.15.0.201708311556/tools/compiler/bin/../lib/gcc/arm-none-eabi/6.3.1/../../../../arm-none-eabi/lib/thumb/v7e-m/fpv5/hard\libc_nano.a(lib_a-memmove.o)
 .ARM.attributes
                0x0000063b       0x32 c:/ac6/systemworkbench/plugins/fr.ac6.mcu.externaltools.arm-none.win32_1.15.0.201708311556/tools/compiler/bin/../lib/gcc/arm-none-eabi/6.3.1/../../../../arm-none-eabi/lib/thumb/v7e-m/fpv5/hard\libc_nano.a(lib_a-nano-freer.o)
 .ARM.attributes
                0x0000066d       0x32 c:/ac6/systemworkbench/plugins/fr.ac6.mcu.externaltools.arm-none.win32_1.15.0.201708311556/tools/compiler/bin/../lib/gcc/arm-none-eabi/6.3.1/../../../../arm-none-eabi/lib/thumb/v7e-m/fpv5/hard\libc_nano.a(lib_a-nano-mallocr.o)
 .ARM.attributes
                0x0000069f       0x32 c:/ac6/systemworkbench/plugins/fr.ac6.mcu.externaltools.arm-none.win32_1.15.0.201708311556/tools/compiler/bin/../lib/gcc/arm-none-eabi/6.3.1/../../../../arm-none-eabi/lib/thumb/v7e-m/fpv5/hard\libc_nano.a(lib_a-nano-reallocr.o)
 .ARM.attributes
                0x000006d1       0x32 c:/ac6/systemworkbench/plugins/fr.ac6.mcu.externaltools.arm-none.win32_1.15.0.201708311556/tools/compiler/bin/../lib/gcc/arm-none-eabi/6.3.1/../../../../arm-none-eabi/lib/thumb/v7e-m/fpv5/hard\libc_nano.a(lib_a-sbrkr.o)
 .ARM.attributes
                0x00000703       0x32 c:/ac6/systemworkbench/plugins/fr.ac6.mcu.externaltools.arm-none.win32_1.15.0.201708311556/tools/compiler/bin/../lib/gcc/arm-none-eabi/6.3.1/../../../../arm-none-eabi/lib/thumb/v7e-m/fpv5/hard\libc_nano.a(lib_a-mlock.o)
 .ARM.attributes
                0x00000735       0x32 c:/ac6/systemworkbench/plugins/fr.ac6.mcu.externaltools.arm-none.win32_1.15.0.201708311556/tools/compiler/bin/../lib/gcc/arm-none-eabi/6.3.1/../../../../arm-none-eabi/lib/thumb/v7e-m/fpv5/hard\libc_nano.a(lib_a-nano-msizer.o)
 .ARM.attributes
                0x00000767       0x32 c:/ac6/systemworkbench/plugins/fr.ac6.mcu.externaltools.arm-none.win32_1.15.0.201708311556/tools/compiler/bin/../lib/gcc/arm-none-eabi/6.3.1/../../../../arm-none-eabi/lib/thumb/v7e-m/fpv5/hard\libc_nano.a(lib_a-reent.o)
 .ARM.attributes
                0x00000799       0x32 c:/ac6/systemworkbench/plugins/fr.ac6.mcu.externaltools.arm-none.win32_1.15.0.201708311556/tools/compiler/bin/../lib/gcc/arm-none-eabi/6.3.1/../../../../arm-none-eabi/lib/thumb/v7e-m/fpv5/hard\libnosys.a(sbrk.o)
 .ARM.attributes
                0x000007cb       0x20 c:/ac6/systemworkbench/plugins/fr.ac6.mcu.externaltools.arm-none.win32_1.15.0.201708311556/tools/compiler/bin/../lib/gcc/arm-none-eabi/6.3.1/thumb/v7e-m/fpv5/hard/crtn.o
OUTPUT(767ZI_uart_dma_circular_test.elf elf32-littlearm)

.debug_line     0x00000000     0xdf7c
 .debug_line    0x00000000       0xb2 Application/SW4STM32/startup_stm32f767xx.o
 .debug_line    0x000000b2      0xb54 Application/User/main.o
 .debug_line    0x00000c06      0x88b Application/User/stm32f7xx_hal_msp.o
 .debug_line    0x00001491      0x87e Application/User/stm32f7xx_hal_timebase_TIM.o
 .debug_line    0x00001d0f      0xa89 Application/User/stm32f7xx_it.o
 .debug_line    0x00002798      0x875 Drivers/CMSIS/system_stm32f7xx.o
 .debug_line    0x0000300d      0xa41 Drivers/STM32F7xx_HAL_Driver/stm32f7xx_hal.o
 .debug_line    0x00003a4e      0xa62 Drivers/STM32F7xx_HAL_Driver/stm32f7xx_hal_cortex.o
 .debug_line    0x000044b0      0xb6b Drivers/STM32F7xx_HAL_Driver/stm32f7xx_hal_dma.o
 .debug_line    0x0000501b      0x9da Drivers/STM32F7xx_HAL_Driver/stm32f7xx_hal_gpio.o
 .debug_line    0x000059f5      0xaca Drivers/STM32F7xx_HAL_Driver/stm32f7xx_hal_rcc.o
 .debug_line    0x000064bf      0xa1c Drivers/STM32F7xx_HAL_Driver/stm32f7xx_hal_rcc_ex.o
 .debug_line    0x00006edb     0x17e5 Drivers/STM32F7xx_HAL_Driver/stm32f7xx_hal_tim.o
 .debug_line    0x000086c0      0xf8b Drivers/STM32F7xx_HAL_Driver/stm32f7xx_hal_tim_ex.o
 .debug_line    0x0000964b     0x11fe Drivers/STM32F7xx_HAL_Driver/stm32f7xx_hal_uart.o
 .debug_line    0x0000a849      0xc1c Middlewares/FreeRTOS/cmsis_os.o
 .debug_line    0x0000b465      0x67a Middlewares/FreeRTOS/heap_4.o
 .debug_line    0x0000badf      0x5c8 Middlewares/FreeRTOS/list.o
 .debug_line    0x0000c0a7      0x5c4 Middlewares/FreeRTOS/port.o
 .debug_line    0x0000c66b      0xae1 Middlewares/FreeRTOS/queue.o
 .debug_line    0x0000d14c      0xe30 Middlewares/FreeRTOS/tasks.o

.debug_info     0x00000000    0x1dcd9
 .debug_info    0x00000000       0xd9 Application/SW4STM32/startup_stm32f767xx.o
 .debug_info    0x000000d9     0x2325 Application/User/main.o
 .debug_info    0x000023fe     0x1664 Application/User/stm32f7xx_hal_msp.o
 .debug_info    0x00003a62     0x14e9 Application/User/stm32f7xx_hal_timebase_TIM.o
 .debug_info    0x00004f4b      0xedf Application/User/stm32f7xx_it.o
 .debug_info    0x00005e2a      0xf19 Drivers/CMSIS/system_stm32f7xx.o
 .debug_info    0x00006d43     0x1221 Drivers/STM32F7xx_HAL_Driver/stm32f7xx_hal.o
 .debug_info    0x00007f64     0x19be Drivers/STM32F7xx_HAL_Driver/stm32f7xx_hal_cortex.o
 .debug_info    0x00009922     0x127e Drivers/STM32F7xx_HAL_Driver/stm32f7xx_hal_dma.o
 .debug_info    0x0000aba0      0xfcb Drivers/STM32F7xx_HAL_Driver/stm32f7xx_hal_gpio.o
 .debug_info    0x0000bb6b     0x12c6 Drivers/STM32F7xx_HAL_Driver/stm32f7xx_hal_rcc.o
 .debug_info    0x0000ce31      0xf5e Drivers/STM32F7xx_HAL_Driver/stm32f7xx_hal_rcc_ex.o
 .debug_info    0x0000dd8f     0x3722 Drivers/STM32F7xx_HAL_Driver/stm32f7xx_hal_tim.o
 .debug_info    0x000114b1     0x1fbd Drivers/STM32F7xx_HAL_Driver/stm32f7xx_hal_tim_ex.o
 .debug_info    0x0001346e     0x206e Drivers/STM32F7xx_HAL_Driver/stm32f7xx_hal_uart.o
 .debug_info    0x000154dc     0x231d Middlewares/FreeRTOS/cmsis_os.o
 .debug_info    0x000177f9      0xc74 Middlewares/FreeRTOS/heap_4.o
 .debug_info    0x0001846d      0xad0 Middlewares/FreeRTOS/list.o
 .debug_info    0x00018f3d      0x4ec Middlewares/FreeRTOS/port.o
 .debug_info    0x00019429     0x1f92 Middlewares/FreeRTOS/queue.o
 .debug_info    0x0001b3bb     0x291e Middlewares/FreeRTOS/tasks.o

.debug_abbrev   0x00000000     0x398e
 .debug_abbrev  0x00000000       0x12 Application/SW4STM32/startup_stm32f767xx.o
 .debug_abbrev  0x00000012      0x326 Application/User/main.o
 .debug_abbrev  0x00000338      0x25d Application/User/stm32f7xx_hal_msp.o
 .debug_abbrev  0x00000595      0x295 Application/User/stm32f7xx_hal_timebase_TIM.o
 .debug_abbrev  0x0000082a      0x205 Application/User/stm32f7xx_it.o
 .debug_abbrev  0x00000a2f      0x212 Drivers/CMSIS/system_stm32f7xx.o
 .debug_abbrev  0x00000c41      0x2c7 Drivers/STM32F7xx_HAL_Driver/stm32f7xx_hal.o
 .debug_abbrev  0x00000f08      0x3d4 Drivers/STM32F7xx_HAL_Driver/stm32f7xx_hal_cortex.o
 .debug_abbrev  0x000012dc      0x328 Drivers/STM32F7xx_HAL_Driver/stm32f7xx_hal_dma.o
 .debug_abbrev  0x00001604      0x2a5 Drivers/STM32F7xx_HAL_Driver/stm32f7xx_hal_gpio.o
 .debug_abbrev  0x000018a9      0x325 Drivers/STM32F7xx_HAL_Driver/stm32f7xx_hal_rcc.o
 .debug_abbrev  0x00001bce      0x29c Drivers/STM32F7xx_HAL_Driver/stm32f7xx_hal_rcc_ex.o
 .debug_abbrev  0x00001e6a      0x2dc Drivers/STM32F7xx_HAL_Driver/stm32f7xx_hal_tim.o
 .debug_abbrev  0x00002146      0x2dc Drivers/STM32F7xx_HAL_Driver/stm32f7xx_hal_tim_ex.o
 .debug_abbrev  0x00002422      0x312 Drivers/STM32F7xx_HAL_Driver/stm32f7xx_hal_uart.o
 .debug_abbrev  0x00002734      0x3ce Middlewares/FreeRTOS/cmsis_os.o
 .debug_abbrev  0x00002b02      0x316 Middlewares/FreeRTOS/heap_4.o
 .debug_abbrev  0x00002e18      0x21a Middlewares/FreeRTOS/list.o
 .debug_abbrev  0x00003032      0x214 Middlewares/FreeRTOS/port.o
 .debug_abbrev  0x00003246      0x37d Middlewares/FreeRTOS/queue.o
 .debug_abbrev  0x000035c3      0x3cb Middlewares/FreeRTOS/tasks.o

.debug_aranges  0x00000000     0x1050
 .debug_aranges
                0x00000000       0x28 Application/SW4STM32/startup_stm32f767xx.o
 .debug_aranges
                0x00000028       0x68 Application/User/main.o
 .debug_aranges
                0x00000090       0x30 Application/User/stm32f7xx_hal_msp.o
 .debug_aranges
                0x000000c0       0x30 Application/User/stm32f7xx_hal_timebase_TIM.o
 .debug_aranges
                0x000000f0       0x30 Application/User/stm32f7xx_it.o
 .debug_aranges
                0x00000120       0x28 Drivers/CMSIS/system_stm32f7xx.o
 .debug_aranges
                0x00000148       0xf8 Drivers/STM32F7xx_HAL_Driver/stm32f7xx_hal.o
 .debug_aranges
                0x00000240       0xa8 Drivers/STM32F7xx_HAL_Driver/stm32f7xx_hal_cortex.o
 .debug_aranges
                0x000002e8       0x90 Drivers/STM32F7xx_HAL_Driver/stm32f7xx_hal_dma.o
 .debug_aranges
                0x00000378       0x58 Drivers/STM32F7xx_HAL_Driver/stm32f7xx_hal_gpio.o
 .debug_aranges
                0x000003d0       0x88 Drivers/STM32F7xx_HAL_Driver/stm32f7xx_hal_rcc.o
 .debug_aranges
                0x00000458       0x30 Drivers/STM32F7xx_HAL_Driver/stm32f7xx_hal_rcc_ex.o
 .debug_aranges
                0x00000488      0x368 Drivers/STM32F7xx_HAL_Driver/stm32f7xx_hal_tim.o
 .debug_aranges
                0x000007f0      0x178 Drivers/STM32F7xx_HAL_Driver/stm32f7xx_hal_tim_ex.o
 .debug_aranges
                0x00000968      0x190 Drivers/STM32F7xx_HAL_Driver/stm32f7xx_hal_uart.o
 .debug_aranges
                0x00000af8      0x1d8 Middlewares/FreeRTOS/cmsis_os.o
 .debug_aranges
                0x00000cd0       0x50 Middlewares/FreeRTOS/heap_4.o
 .debug_aranges
                0x00000d20       0x40 Middlewares/FreeRTOS/list.o
 .debug_aranges
                0x00000d60       0x80 Middlewares/FreeRTOS/port.o
 .debug_aranges
                0x00000de0       0xe0 Middlewares/FreeRTOS/queue.o
 .debug_aranges
                0x00000ec0      0x190 Middlewares/FreeRTOS/tasks.o

.debug_ranges   0x00000000     0x10a0
 .debug_ranges  0x00000000       0x20 Application/SW4STM32/startup_stm32f767xx.o
 .debug_ranges  0x00000020       0x58 Application/User/main.o
 .debug_ranges  0x00000078       0x20 Application/User/stm32f7xx_hal_msp.o
 .debug_ranges  0x00000098       0x20 Application/User/stm32f7xx_hal_timebase_TIM.o
 .debug_ranges  0x000000b8       0x20 Application/User/stm32f7xx_it.o
 .debug_ranges  0x000000d8       0x18 Drivers/CMSIS/system_stm32f7xx.o
 .debug_ranges  0x000000f0       0xe8 Drivers/STM32F7xx_HAL_Driver/stm32f7xx_hal.o
 .debug_ranges  0x000001d8       0xf8 Drivers/STM32F7xx_HAL_Driver/stm32f7xx_hal_cortex.o
 .debug_ranges  0x000002d0       0x80 Drivers/STM32F7xx_HAL_Driver/stm32f7xx_hal_dma.o
 .debug_ranges  0x00000350       0x48 Drivers/STM32F7xx_HAL_Driver/stm32f7xx_hal_gpio.o
 .debug_ranges  0x00000398       0x78 Drivers/STM32F7xx_HAL_Driver/stm32f7xx_hal_rcc.o
 .debug_ranges  0x00000410       0x20 Drivers/STM32F7xx_HAL_Driver/stm32f7xx_hal_rcc_ex.o
 .debug_ranges  0x00000430      0x358 Drivers/STM32F7xx_HAL_Driver/stm32f7xx_hal_tim.o
 .debug_ranges  0x00000788      0x168 Drivers/STM32F7xx_HAL_Driver/stm32f7xx_hal_tim_ex.o
 .debug_ranges  0x000008f0      0x180 Drivers/STM32F7xx_HAL_Driver/stm32f7xx_hal_uart.o
 .debug_ranges  0x00000a70      0x1c8 Middlewares/FreeRTOS/cmsis_os.o
 .debug_ranges  0x00000c38       0x40 Middlewares/FreeRTOS/heap_4.o
 .debug_ranges  0x00000c78       0x30 Middlewares/FreeRTOS/list.o
 .debug_ranges  0x00000ca8       0x70 Middlewares/FreeRTOS/port.o
 .debug_ranges  0x00000d18      0x180 Middlewares/FreeRTOS/queue.o
 .debug_ranges  0x00000e98      0x208 Middlewares/FreeRTOS/tasks.o

.debug_loc      0x00000000     0xbfc5
 .debug_loc     0x00000000       0xc6 Application/User/main.o
 .debug_loc     0x000000c6       0x4a Application/User/stm32f7xx_hal_msp.o
 .debug_loc     0x00000110       0x79 Application/User/stm32f7xx_hal_timebase_TIM.o
 .debug_loc     0x00000189      0x13e Drivers/CMSIS/system_stm32f7xx.o
 .debug_loc     0x000002c7       0x6a Drivers/STM32F7xx_HAL_Driver/stm32f7xx_hal.o
 .debug_loc     0x00000331      0x5c0 Drivers/STM32F7xx_HAL_Driver/stm32f7xx_hal_cortex.o
 .debug_loc     0x000008f1      0xb75 Drivers/STM32F7xx_HAL_Driver/stm32f7xx_hal_dma.o
 .debug_loc     0x00001466      0x409 Drivers/STM32F7xx_HAL_Driver/stm32f7xx_hal_gpio.o
 .debug_loc     0x0000186f      0x437 Drivers/STM32F7xx_HAL_Driver/stm32f7xx_hal_rcc.o
 .debug_loc     0x00001ca6      0x579 Drivers/STM32F7xx_HAL_Driver/stm32f7xx_hal_rcc_ex.o
 .debug_loc     0x0000221f     0x352a Drivers/STM32F7xx_HAL_Driver/stm32f7xx_hal_tim.o
 .debug_loc     0x00005749     0x1b01 Drivers/STM32F7xx_HAL_Driver/stm32f7xx_hal_tim_ex.o
 .debug_loc     0x0000724a     0x16aa Drivers/STM32F7xx_HAL_Driver/stm32f7xx_hal_uart.o
 .debug_loc     0x000088f4      0xfe2 Middlewares/FreeRTOS/cmsis_os.o
 .debug_loc     0x000098d6      0x291 Middlewares/FreeRTOS/heap_4.o
 .debug_loc     0x00009b67       0x70 Middlewares/FreeRTOS/list.o
 .debug_loc     0x00009bd7       0xdc Middlewares/FreeRTOS/port.o
 .debug_loc     0x00009cb3      0xe4e Middlewares/FreeRTOS/queue.o
 .debug_loc     0x0000ab01     0x14c4 Middlewares/FreeRTOS/tasks.o

.debug_macro    0x00000000    0x27a4a
 .debug_macro   0x00000000      0x3ee Application/User/main.o
 .debug_macro   0x000003ee      0x17f Application/User/main.o
 .debug_macro   0x0000056d       0x2e Application/User/main.o
 .debug_macro   0x0000059b       0x3b Application/User/main.o
 .debug_macro   0x000005d6       0x35 Application/User/main.o
 .debug_macro   0x0000060b       0x50 Application/User/main.o
 .debug_macro   0x0000065b     0x1114 Application/User/main.o
 .debug_macro   0x0000176f    0x19f38 Application/User/main.o
 .debug_macro   0x0001b6a7       0x43 Application/User/main.o
 .debug_macro   0x0001b6ea     0x35c8 Application/User/main.o
 .debug_macro   0x0001ecb2       0x58 Application/User/main.o
 .debug_macro   0x0001ed0a       0x35 Application/User/main.o
 .debug_macro   0x0001ed3f       0x9c Application/User/main.o
 .debug_macro   0x0001eddb       0x16 Application/User/main.o
 .debug_macro   0x0001edf1       0x97 Application/User/main.o
 .debug_macro   0x0001ee88      0x330 Application/User/main.o
 .debug_macro   0x0001f1b8       0xfd Application/User/main.o
 .debug_macro   0x0001f2b5       0x10 Application/User/main.o
 .debug_macro   0x0001f2c5       0x58 Application/User/main.o
 .debug_macro   0x0001f31d       0x1f Application/User/main.o
 .debug_macro   0x0001f33c       0x43 Application/User/main.o
 .debug_macro   0x0001f37f       0x20 Application/User/main.o
 .debug_macro   0x0001f39f      0x187 Application/User/main.o
 .debug_macro   0x0001f526       0x10 Application/User/main.o
 .debug_macro   0x0001f536       0x1c Application/User/main.o
 .debug_macro   0x0001f552       0x52 Application/User/main.o
 .debug_macro   0x0001f5a4       0x40 Application/User/main.o
 .debug_macro   0x0001f5e4       0x10 Application/User/main.o
 .debug_macro   0x0001f5f4       0x40 Application/User/main.o
 .debug_macro   0x0001f634       0xd7 Application/User/main.o
 .debug_macro   0x0001f70b       0x16 Application/User/main.o
 .debug_macro   0x0001f721      0x18b Application/User/main.o
 .debug_macro   0x0001f8ac       0x50 Application/User/main.o
 .debug_macro   0x0001f8fc     0x1add Application/User/main.o
 .debug_macro   0x000213d9      0x6a0 Application/User/main.o
 .debug_macro   0x00021a79      0x11e Application/User/main.o
 .debug_macro   0x00021b97      0x277 Application/User/main.o
 .debug_macro   0x00021e0e       0x27 Application/User/main.o
 .debug_macro   0x00021e35      0x24f Application/User/main.o
 .debug_macro   0x00022084       0x71 Application/User/main.o
 .debug_macro   0x000220f5       0x58 Application/User/main.o
 .debug_macro   0x0002214d      0x23a Application/User/main.o
 .debug_macro   0x00022387      0x156 Application/User/main.o
 .debug_macro   0x000224dd      0x3de Application/User/main.o
 .debug_macro   0x000228bb       0x12 Application/User/main.o
 .debug_macro   0x000228cd      0x202 Application/User/main.o
 .debug_macro   0x00022acf       0x61 Application/User/main.o
 .debug_macro   0x00022b30       0x90 Application/User/main.o
 .debug_macro   0x00022bc0      0x132 Application/User/main.o
 .debug_macro   0x00022cf2      0x10c Application/User/main.o
 .debug_macro   0x00022dfe       0x35 Application/User/main.o
 .debug_macro   0x00022e33      0x685 Application/User/main.o
 .debug_macro   0x000234b8      0x2aa Application/User/main.o
 .debug_macro   0x00023762      0x13f Application/User/main.o
 .debug_macro   0x000238a1      0x4e8 Application/User/main.o
 .debug_macro   0x00023d89       0x47 Application/User/main.o
 .debug_macro   0x00023dd0      0x156 Application/User/main.o
 .debug_macro   0x00023f26       0xd8 Application/User/main.o
 .debug_macro   0x00023ffe       0x91 Application/User/main.o
 .debug_macro   0x0002408f       0x94 Application/User/main.o
 .debug_macro   0x00024123       0x63 Application/User/main.o
 .debug_macro   0x00024186       0x19 Application/User/main.o
 .debug_macro   0x0002419f       0xcf Application/User/main.o
 .debug_macro   0x0002426e      0x330 Application/User/stm32f7xx_hal_msp.o
 .debug_macro   0x0002459e      0x330 Application/User/stm32f7xx_hal_timebase_TIM.o
 .debug_macro   0x000248ce      0x3ee Application/User/stm32f7xx_it.o
 .debug_macro   0x00024cbc      0x336 Drivers/CMSIS/system_stm32f7xx.o
 .debug_macro   0x00024ff2      0x354 Drivers/STM32F7xx_HAL_Driver/stm32f7xx_hal.o
 .debug_macro   0x00025346      0x330 Drivers/STM32F7xx_HAL_Driver/stm32f7xx_hal_cortex.o
 .debug_macro   0x00025676      0x337 Drivers/STM32F7xx_HAL_Driver/stm32f7xx_hal_dma.o
 .debug_macro   0x000259ad      0x368 Drivers/STM32F7xx_HAL_Driver/stm32f7xx_hal_gpio.o
 .debug_macro   0x00025d15      0x354 Drivers/STM32F7xx_HAL_Driver/stm32f7xx_hal_rcc.o
 .debug_macro   0x00026069      0x33c Drivers/STM32F7xx_HAL_Driver/stm32f7xx_hal_rcc_ex.o
 .debug_macro   0x000263a5      0x330 Drivers/STM32F7xx_HAL_Driver/stm32f7xx_hal_tim.o
 .debug_macro   0x000266d5      0x33c Drivers/STM32F7xx_HAL_Driver/stm32f7xx_hal_tim_ex.o
 .debug_macro   0x00026a11      0x338 Drivers/STM32F7xx_HAL_Driver/stm32f7xx_hal_uart.o
 .debug_macro   0x00026d49      0x1f3 Middlewares/FreeRTOS/cmsis_os.o
 .debug_macro   0x00026f3c       0x52 Middlewares/FreeRTOS/cmsis_os.o
 .debug_macro   0x00026f8e       0x8d Middlewares/FreeRTOS/cmsis_os.o
 .debug_macro   0x0002701b       0x57 Middlewares/FreeRTOS/cmsis_os.o
 .debug_macro   0x00027072       0x10 Middlewares/FreeRTOS/cmsis_os.o
 .debug_macro   0x00027082       0x35 Middlewares/FreeRTOS/cmsis_os.o
 .debug_macro   0x000270b7       0x26 Middlewares/FreeRTOS/cmsis_os.o
 .debug_macro   0x000270dd      0x1b2 Middlewares/FreeRTOS/heap_4.o
 .debug_macro   0x0002728f      0x18b Middlewares/FreeRTOS/list.o
 .debug_macro   0x0002741a      0x198 Middlewares/FreeRTOS/port.o
 .debug_macro   0x000275b2      0x207 Middlewares/FreeRTOS/queue.o
 .debug_macro   0x000277b9       0x16 Middlewares/FreeRTOS/queue.o
 .debug_macro   0x000277cf      0x26a Middlewares/FreeRTOS/tasks.o
 .debug_macro   0x00027a39       0x11 Middlewares/FreeRTOS/tasks.o

.debug_str      0x00000000    0xf8553
 .debug_str     0x00000000    0xf2c07 Application/User/main.o
                              0xf305b (size before relaxing)
 .debug_str     0x000f2c07       0xcc Application/User/stm32f7xx_hal_msp.o
                              0xed4aa (size before relaxing)
 .debug_str     0x000f2cd3      0x13c Application/User/stm32f7xx_hal_timebase_TIM.o
                              0xed451 (size before relaxing)
 .debug_str     0x000f2e0f       0xd2 Application/User/stm32f7xx_it.o
                              0xf1e2c (size before relaxing)
 .debug_str     0x000f2ee1      0x1ba Drivers/CMSIS/system_stm32f7xx.o
                              0xec9b6 (size before relaxing)
 .debug_str     0x000f309b      0x359 Drivers/STM32F7xx_HAL_Driver/stm32f7xx_hal.o
                              0xed342 (size before relaxing)
 .debug_str     0x000f33f4      0x35f Drivers/STM32F7xx_HAL_Driver/stm32f7xx_hal_cortex.o
                              0xed3a0 (size before relaxing)
 .debug_str     0x000f3753      0x32b Drivers/STM32F7xx_HAL_Driver/stm32f7xx_hal_dma.o
                              0xecd01 (size before relaxing)
 .debug_str     0x000f3a7e      0x233 Drivers/STM32F7xx_HAL_Driver/stm32f7xx_hal_gpio.o
                              0xecb91 (size before relaxing)
 .debug_str     0x000f3cb1      0x22b Drivers/STM32F7xx_HAL_Driver/stm32f7xx_hal_rcc.o
                              0xeccf7 (size before relaxing)
 .debug_str     0x000f3edc      0x13f Drivers/STM32F7xx_HAL_Driver/stm32f7xx_hal_rcc_ex.o
                              0xecc6e (size before relaxing)
 .debug_str     0x000f401b      0xce3 Drivers/STM32F7xx_HAL_Driver/stm32f7xx_hal_tim.o
                              0xed93e (size before relaxing)
 .debug_str     0x000f4cfe      0x678 Drivers/STM32F7xx_HAL_Driver/stm32f7xx_hal_tim_ex.o
                              0xed4ad (size before relaxing)
 .debug_str     0x000f5376      0x597 Drivers/STM32F7xx_HAL_Driver/stm32f7xx_hal_uart.o
                              0xed3ff (size before relaxing)
 .debug_str     0x000f590d      0x9d9 Middlewares/FreeRTOS/cmsis_os.o
                               0xc323 (size before relaxing)
 .debug_str     0x000f62e6      0x3c7 Middlewares/FreeRTOS/heap_4.o
                               0x9d00 (size before relaxing)
 .debug_str     0x000f66ad      0x16f Middlewares/FreeRTOS/list.o
                               0x95c0 (size before relaxing)
 .debug_str     0x000f681c      0x7c1 Middlewares/FreeRTOS/port.o
                               0x75b7 (size before relaxing)
 .debug_str     0x000f6fdd      0x6a3 Middlewares/FreeRTOS/queue.o
                               0xabf6 (size before relaxing)
 .debug_str     0x000f7680      0xed3 Middlewares/FreeRTOS/tasks.o
                               0xb646 (size before relaxing)

.comment        0x00000000       0x7f
 .comment       0x00000000       0x7f Application/User/main.o
                                 0x80 (size before relaxing)
 .comment       0x0000007f       0x80 Application/User/stm32f7xx_hal_msp.o
 .comment       0x0000007f       0x80 Application/User/stm32f7xx_hal_timebase_TIM.o
 .comment       0x0000007f       0x80 Application/User/stm32f7xx_it.o
 .comment       0x0000007f       0x80 Drivers/CMSIS/system_stm32f7xx.o
 .comment       0x0000007f       0x80 Drivers/STM32F7xx_HAL_Driver/stm32f7xx_hal.o
 .comment       0x0000007f       0x80 Drivers/STM32F7xx_HAL_Driver/stm32f7xx_hal_cortex.o
 .comment       0x0000007f       0x80 Drivers/STM32F7xx_HAL_Driver/stm32f7xx_hal_dma.o
 .comment       0x0000007f       0x80 Drivers/STM32F7xx_HAL_Driver/stm32f7xx_hal_gpio.o
 .comment       0x0000007f       0x80 Drivers/STM32F7xx_HAL_Driver/stm32f7xx_hal_rcc.o
 .comment       0x0000007f       0x80 Drivers/STM32F7xx_HAL_Driver/stm32f7xx_hal_rcc_ex.o
 .comment       0x0000007f       0x80 Drivers/STM32F7xx_HAL_Driver/stm32f7xx_hal_tim.o
 .comment       0x0000007f       0x80 Drivers/STM32F7xx_HAL_Driver/stm32f7xx_hal_tim_ex.o
 .comment       0x0000007f       0x80 Drivers/STM32F7xx_HAL_Driver/stm32f7xx_hal_uart.o
 .comment       0x0000007f       0x80 Middlewares/FreeRTOS/cmsis_os.o
 .comment       0x0000007f       0x80 Middlewares/FreeRTOS/heap_4.o
 .comment       0x0000007f       0x80 Middlewares/FreeRTOS/list.o
 .comment       0x0000007f       0x80 Middlewares/FreeRTOS/port.o
 .comment       0x0000007f       0x80 Middlewares/FreeRTOS/queue.o
 .comment       0x0000007f       0x80 Middlewares/FreeRTOS/tasks.o

.debug_frame    0x00000000     0x2f50
 .debug_frame   0x00000000      0x110 Application/User/main.o
 .debug_frame   0x00000110       0x60 Application/User/stm32f7xx_hal_msp.o
 .debug_frame   0x00000170       0x50 Application/User/stm32f7xx_hal_timebase_TIM.o
 .debug_frame   0x000001c0       0x58 Application/User/stm32f7xx_it.o
 .debug_frame   0x00000218       0x3c Drivers/CMSIS/system_stm32f7xx.o
 .debug_frame   0x00000254      0x1f8 Drivers/STM32F7xx_HAL_Driver/stm32f7xx_hal.o
 .debug_frame   0x0000044c      0x15c Drivers/STM32F7xx_HAL_Driver/stm32f7xx_hal_cortex.o
 .debug_frame   0x000005a8      0x17c Drivers/STM32F7xx_HAL_Driver/stm32f7xx_hal_dma.o
 .debug_frame   0x00000724       0xd0 Drivers/STM32F7xx_HAL_Driver/stm32f7xx_hal_gpio.o
 .debug_frame   0x000007f4      0x164 Drivers/STM32F7xx_HAL_Driver/stm32f7xx_hal_rcc.o
 .debug_frame   0x00000958       0x64 Drivers/STM32F7xx_HAL_Driver/stm32f7xx_hal_rcc_ex.o
 .debug_frame   0x000009bc      0x9f8 Drivers/STM32F7xx_HAL_Driver/stm32f7xx_hal_tim.o
 .debug_frame   0x000013b4      0x478 Drivers/STM32F7xx_HAL_Driver/stm32f7xx_hal_tim_ex.o
 .debug_frame   0x0000182c      0x488 Drivers/STM32F7xx_HAL_Driver/stm32f7xx_hal_uart.o
 .debug_frame   0x00001cb4      0x584 Middlewares/FreeRTOS/cmsis_os.o
 .debug_frame   0x00002238       0xac Middlewares/FreeRTOS/heap_4.o
 .debug_frame   0x000022e4       0x6c Middlewares/FreeRTOS/list.o
 .debug_frame   0x00002350       0xf0 Middlewares/FreeRTOS/port.o
 .debug_frame   0x00002440      0x2b4 Middlewares/FreeRTOS/queue.o
 .debug_frame   0x000026f4      0x4e8 Middlewares/FreeRTOS/tasks.o
 .debug_frame   0x00002bdc       0x2c c:/ac6/systemworkbench/plugins/fr.ac6.mcu.externaltools.arm-none.win32_1.15.0.201708311556/tools/compiler/bin/../lib/gcc/arm-none-eabi/6.3.1/../../../../arm-none-eabi/lib/thumb/v7e-m/fpv5/hard\libc_nano.a(lib_a-init.o)
 .debug_frame   0x00002c08       0x28 c:/ac6/systemworkbench/plugins/fr.ac6.mcu.externaltools.arm-none.win32_1.15.0.201708311556/tools/compiler/bin/../lib/gcc/arm-none-eabi/6.3.1/../../../../arm-none-eabi/lib/thumb/v7e-m/fpv5/hard\libc_nano.a(lib_a-memcpy-stub.o)
 .debug_frame   0x00002c30       0x70 c:/ac6/systemworkbench/plugins/fr.ac6.mcu.externaltools.arm-none.win32_1.15.0.201708311556/tools/compiler/bin/../lib/gcc/arm-none-eabi/6.3.1/../../../../arm-none-eabi/lib/thumb/v7e-m/fpv5/hard\libc_nano.a(lib_a-sprintf.o)
 .debug_frame   0x00002ca0       0x90 c:/ac6/systemworkbench/plugins/fr.ac6.mcu.externaltools.arm-none.win32_1.15.0.201708311556/tools/compiler/bin/../lib/gcc/arm-none-eabi/6.3.1/../../../../arm-none-eabi/lib/thumb/v7e-m/fpv5/hard\libc_nano.a(lib_a-nano-svfprintf.o)
 .debug_frame   0x00002d30       0x60 c:/ac6/systemworkbench/plugins/fr.ac6.mcu.externaltools.arm-none.win32_1.15.0.201708311556/tools/compiler/bin/../lib/gcc/arm-none-eabi/6.3.1/../../../../arm-none-eabi/lib/thumb/v7e-m/fpv5/hard\libc_nano.a(lib_a-nano-vfprintf_i.o)
 .debug_frame   0x00002d90       0x28 c:/ac6/systemworkbench/plugins/fr.ac6.mcu.externaltools.arm-none.win32_1.15.0.201708311556/tools/compiler/bin/../lib/gcc/arm-none-eabi/6.3.1/../../../../arm-none-eabi/lib/thumb/v7e-m/fpv5/hard\libc_nano.a(lib_a-memmove.o)
 .debug_frame   0x00002db8       0x38 c:/ac6/systemworkbench/plugins/fr.ac6.mcu.externaltools.arm-none.win32_1.15.0.201708311556/tools/compiler/bin/../lib/gcc/arm-none-eabi/6.3.1/../../../../arm-none-eabi/lib/thumb/v7e-m/fpv5/hard\libc_nano.a(lib_a-nano-freer.o)
 .debug_frame   0x00002df0       0x2c c:/ac6/systemworkbench/plugins/fr.ac6.mcu.externaltools.arm-none.win32_1.15.0.201708311556/tools/compiler/bin/../lib/gcc/arm-none-eabi/6.3.1/../../../../arm-none-eabi/lib/thumb/v7e-m/fpv5/hard\libc_nano.a(lib_a-nano-mallocr.o)
 .debug_frame   0x00002e1c       0x3c c:/ac6/systemworkbench/plugins/fr.ac6.mcu.externaltools.arm-none.win32_1.15.0.201708311556/tools/compiler/bin/../lib/gcc/arm-none-eabi/6.3.1/../../../../arm-none-eabi/lib/thumb/v7e-m/fpv5/hard\libc_nano.a(lib_a-nano-reallocr.o)
 .debug_frame   0x00002e58       0x2c c:/ac6/systemworkbench/plugins/fr.ac6.mcu.externaltools.arm-none.win32_1.15.0.201708311556/tools/compiler/bin/../lib/gcc/arm-none-eabi/6.3.1/../../../../arm-none-eabi/lib/thumb/v7e-m/fpv5/hard\libc_nano.a(lib_a-sbrkr.o)
 .debug_frame   0x00002e84       0x30 c:/ac6/systemworkbench/plugins/fr.ac6.mcu.externaltools.arm-none.win32_1.15.0.201708311556/tools/compiler/bin/../lib/gcc/arm-none-eabi/6.3.1/../../../../arm-none-eabi/lib/thumb/v7e-m/fpv5/hard\libc_nano.a(lib_a-mlock.o)
 .debug_frame   0x00002eb4       0x20 c:/ac6/systemworkbench/plugins/fr.ac6.mcu.externaltools.arm-none.win32_1.15.0.201708311556/tools/compiler/bin/../lib/gcc/arm-none-eabi/6.3.1/../../../../arm-none-eabi/lib/thumb/v7e-m/fpv5/hard\libc_nano.a(lib_a-nano-msizer.o)
 .debug_frame   0x00002ed4       0x5c c:/ac6/systemworkbench/plugins/fr.ac6.mcu.externaltools.arm-none.win32_1.15.0.201708311556/tools/compiler/bin/../lib/gcc/arm-none-eabi/6.3.1/../../../../arm-none-eabi/lib/thumb/v7e-m/fpv5/hard\libc_nano.a(lib_a-reent.o)
 .debug_frame   0x00002f30       0x20 c:/ac6/systemworkbench/plugins/fr.ac6.mcu.externaltools.arm-none.win32_1.15.0.201708311556/tools/compiler/bin/../lib/gcc/arm-none-eabi/6.3.1/../../../../arm-none-eabi/lib/thumb/v7e-m/fpv5/hard\libnosys.a(sbrk.o)
