14:58:08 **** Incremental Build of configuration Debug for project 767uart ****
make all 
Building file: C:/PM/PM/stm32workspace/767uart/Src/main.c
Invoking: MCU GCC Compiler
C:\PM\PM\stm32workspace\767uart\SW4STM32\767uart\Debug
arm-none-eabi-gcc -mcpu=cortex-m7 -mthumb -mfloat-abi=hard -mfpu=fpv5-d16 '-D__weak=__attribute__((weak))' '-D__packed=__attribute__((__packed__))' -DUSE_HAL_DRIVER -DSTM32F767xx -I"C:/PM/PM/stm32workspace/767uart/Inc" -I"C:/PM/PM/stm32workspace/767uart/Drivers/STM32F7xx_HAL_Driver/Inc" -I"C:/PM/PM/stm32workspace/767uart/Drivers/STM32F7xx_HAL_Driver/Inc/Legacy" -I"C:/PM/PM/stm32workspace/767uart/Drivers/CMSIS/Device/ST/STM32F7xx/Include" -I"C:/PM/PM/stm32workspace/767uart/Drivers/CMSIS/Include"  -Og -g3 -Wall -fmessage-length=0 -ffunction-sections -c -fmessage-length=0 -MMD -MP -MF"Application/User/main.d" -MT"Application/User/main.o" -o "Application/User/main.o" "C:/PM/PM/stm32workspace/767uart/Src/main.c"
C:/PM/PM/stm32workspace/767uart/Src/main.c: In function 'main':
C:/PM/PM/stm32workspace/767uart/Src/main.c:164:15: warning: pointer targets in passing argument 1 of 'sprintf' differ in signedness [-Wpointer-sign]
     j=sprintf(tab,"CAN 1 send %5i\n",i);
               ^~~
In file included from c:\ac6\systemworkbench\plugins\fr.ac6.mcu.externaltools.arm-none.win32_1.15.0.201708311556\tools\compiler\arm-none-eabi\include\stdio.h:29:0,
                 from C:/PM/PM/stm32workspace/767uart/Drivers/STM32F7xx_HAL_Driver/Inc/stm32f7xx_hal_def.h:48,
                 from C:/PM/PM/stm32workspace/767uart/Drivers/STM32F7xx_HAL_Driver/Inc/stm32f7xx_hal_rcc.h:45,
                 from C:/PM/PM/stm32workspace/767uart/Inc/stm32f7xx_hal_conf.h:244,
                 from C:/PM/PM/stm32workspace/767uart/Drivers/STM32F7xx_HAL_Driver/Inc/stm32f7xx_hal.h:46,
                 from C:/PM/PM/stm32workspace/767uart/Src/main.c:41:
c:\ac6\systemworkbench\plugins\fr.ac6.mcu.externaltools.arm-none.win32_1.15.0.201708311556\tools\compiler\arm-none-eabi\include\stdio.h:244:5: note: expected 'char * restrict' but argument is of type 'unsigned char *'
 int _EXFUN(sprintf, (char *__restrict, const char *__restrict, ...)
     ^
C:/PM/PM/stm32workspace/767uart/Src/main.c:171:16: warning: pointer targets in passing argument 1 of 'sprintf' differ in signedness [-Wpointer-sign]
      j=sprintf(tab,"!!! CAN 1 Not send !!!\n"); if(HAL_UART_Transmit(&huart3, (uint8_t *)&tab,j,5000)!= HAL_OK) Error_Handler();
                ^~~
In file included from c:\ac6\systemworkbench\plugins\fr.ac6.mcu.externaltools.arm-none.win32_1.15.0.201708311556\tools\compiler\arm-none-eabi\include\stdio.h:29:0,
                 from C:/PM/PM/stm32workspace/767uart/Drivers/STM32F7xx_HAL_Driver/Inc/stm32f7xx_hal_def.h:48,
                 from C:/PM/PM/stm32workspace/767uart/Drivers/STM32F7xx_HAL_Driver/Inc/stm32f7xx_hal_rcc.h:45,
                 from C:/PM/PM/stm32workspace/767uart/Inc/stm32f7xx_hal_conf.h:244,
                 from C:/PM/PM/stm32workspace/767uart/Drivers/STM32F7xx_HAL_Driver/Inc/stm32f7xx_hal.h:46,
                 from C:/PM/PM/stm32workspace/767uart/Src/main.c:41:
c:\ac6\systemworkbench\plugins\fr.ac6.mcu.externaltools.arm-none.win32_1.15.0.201708311556\tools\compiler\arm-none-eabi\include\stdio.h:244:5: note: expected 'char * restrict' but argument is of type 'unsigned char *'
 int _EXFUN(sprintf, (char *__restrict, const char *__restrict, ...)
     ^
C:/PM/PM/stm32workspace/767uart/Src/main.c:179:15: warning: pointer targets in passing argument 1 of 'sprintf' differ in signedness [-Wpointer-sign]
     j=sprintf(tab,"CAN 2 rece %5i\n",hcan2.pRxMsg->Data[0]);
               ^~~
In file included from c:\ac6\systemworkbench\plugins\fr.ac6.mcu.externaltools.arm-none.win32_1.15.0.201708311556\tools\compiler\arm-none-eabi\include\stdio.h:29:0,
                 from C:/PM/PM/stm32workspace/767uart/Drivers/STM32F7xx_HAL_Driver/Inc/stm32f7xx_hal_def.h:48,
                 from C:/PM/PM/stm32workspace/767uart/Drivers/STM32F7xx_HAL_Driver/Inc/stm32f7xx_hal_rcc.h:45,
                 from C:/PM/PM/stm32workspace/767uart/Inc/stm32f7xx_hal_conf.h:244,
                 from C:/PM/PM/stm32workspace/767uart/Drivers/STM32F7xx_HAL_Driver/Inc/stm32f7xx_hal.h:46,
                 from C:/PM/PM/stm32workspace/767uart/Src/main.c:41:
c:\ac6\systemworkbench\plugins\fr.ac6.mcu.externaltools.arm-none.win32_1.15.0.201708311556\tools\compiler\arm-none-eabi\include\stdio.h:244:5: note: expected 'char * restrict' but argument is of type 'unsigned char *'
 int _EXFUN(sprintf, (char *__restrict, const char *__restrict, ...)
     ^
C:/PM/PM/stm32workspace/767uart/Src/main.c:186:15: warning: pointer targets in passing argument 1 of 'sprintf' differ in signedness [-Wpointer-sign]
     j=sprintf(tab,"!!! CAN 2 receive error !!!\n"); if(HAL_UART_Transmit(&huart3, (uint8_t *)&tab,j,5000)!= HAL_OK) Error_Handler();
               ^~~
In file included from c:\ac6\systemworkbench\plugins\fr.ac6.mcu.externaltools.arm-none.win32_1.15.0.201708311556\tools\compiler\arm-none-eabi\include\stdio.h:29:0,
                 from C:/PM/PM/stm32workspace/767uart/Drivers/STM32F7xx_HAL_Driver/Inc/stm32f7xx_hal_def.h:48,
                 from C:/PM/PM/stm32workspace/767uart/Drivers/STM32F7xx_HAL_Driver/Inc/stm32f7xx_hal_rcc.h:45,
                 from C:/PM/PM/stm32workspace/767uart/Inc/stm32f7xx_hal_conf.h:244,
                 from C:/PM/PM/stm32workspace/767uart/Drivers/STM32F7xx_HAL_Driver/Inc/stm32f7xx_hal.h:46,
                 from C:/PM/PM/stm32workspace/767uart/Src/main.c:41:
c:\ac6\systemworkbench\plugins\fr.ac6.mcu.externaltools.arm-none.win32_1.15.0.201708311556\tools\compiler\arm-none-eabi\include\stdio.h:244:5: note: expected 'char * restrict' but argument is of type 'unsigned char *'
 int _EXFUN(sprintf, (char *__restrict, const char *__restrict, ...)
     ^
Finished building: C:/PM/PM/stm32workspace/767uart/Src/main.c
 
Building target: 767uart.elf
Invoking: MCU GCC Linker
arm-none-eabi-gcc -mcpu=cortex-m7 -mthumb -mfloat-abi=hard -mfpu=fpv5-d16 -specs=nosys.specs -specs=nano.specs -T"../STM32F767ZITx_FLASH.ld" -Wl,-Map=output.map -Wl,--gc-sections -o "767uart.elf" @"objects.list"   -lm
Finished building target: 767uart.elf
 
make --no-print-directory post-build
Generating binary and Printing size information:
arm-none-eabi-objcopy -O binary "767uart.elf" "767uart.bin"
arm-none-eabi-size "767uart.elf"
   text	   data	    bss	    dec	    hex	filename
  12316	    112	   2040	  14468	   3884	767uart.elf
 

14:58:12 Build Finished (took 3s.712ms)

