07:48:47 **** Build of configuration Debug for project CAN_F3 ****
make all 
Building file: C:/PM/PM/stm32workspace/CAN_F3/Drivers/STM32F3xx_HAL_Driver/Src/stm32f3xx_hal.c
Invoking: MCU GCC Compiler
C:\PM\PM\stm32workspace\CAN_F3\SW4STM32\CAN_F3\Debug
arm-none-eabi-gcc -mcpu=cortex-m4 -mthumb -mfloat-abi=hard -mfpu=fpv4-sp-d16 '-D__weak=__attribute__((weak))' '-D__packed=__attribute__((__packed__))' -DUSE_HAL_DRIVER -DSTM32F303xE -I"C:/PM/PM/stm32workspace/CAN_F3/Inc" -I"C:/PM/PM/stm32workspace/CAN_F3/Drivers/STM32F3xx_HAL_Driver/Inc" -I"C:/PM/PM/stm32workspace/CAN_F3/Drivers/STM32F3xx_HAL_Driver/Inc/Legacy" -I"C:/PM/PM/stm32workspace/CAN_F3/Drivers/CMSIS/Device/ST/STM32F3xx/Include" -I"C:/PM/PM/stm32workspace/CAN_F3/Drivers/CMSIS/Include"  -Og -g3 -Wall -fmessage-length=0 -ffunction-sections -c -fmessage-length=0 -MMD -MP -MF"Drivers/STM32F3xx_HAL_Driver/stm32f3xx_hal.d" -MT"Drivers/STM32F3xx_HAL_Driver/stm32f3xx_hal.o" -o "Drivers/STM32F3xx_HAL_Driver/stm32f3xx_hal.o" "C:/PM/PM/stm32workspace/CAN_F3/Drivers/STM32F3xx_HAL_Driver/Src/stm32f3xx_hal.c"
Finished building: C:/PM/PM/stm32workspace/CAN_F3/Drivers/STM32F3xx_HAL_Driver/Src/stm32f3xx_hal.c
 
Building file: C:/PM/PM/stm32workspace/CAN_F3/Drivers/STM32F3xx_HAL_Driver/Src/stm32f3xx_hal_can.c
Invoking: MCU GCC Compiler
C:\PM\PM\stm32workspace\CAN_F3\SW4STM32\CAN_F3\Debug
arm-none-eabi-gcc -mcpu=cortex-m4 -mthumb -mfloat-abi=hard -mfpu=fpv4-sp-d16 '-D__weak=__attribute__((weak))' '-D__packed=__attribute__((__packed__))' -DUSE_HAL_DRIVER -DSTM32F303xE -I"C:/PM/PM/stm32workspace/CAN_F3/Inc" -I"C:/PM/PM/stm32workspace/CAN_F3/Drivers/STM32F3xx_HAL_Driver/Inc" -I"C:/PM/PM/stm32workspace/CAN_F3/Drivers/STM32F3xx_HAL_Driver/Inc/Legacy" -I"C:/PM/PM/stm32workspace/CAN_F3/Drivers/CMSIS/Device/ST/STM32F3xx/Include" -I"C:/PM/PM/stm32workspace/CAN_F3/Drivers/CMSIS/Include"  -Og -g3 -Wall -fmessage-length=0 -ffunction-sections -c -fmessage-length=0 -MMD -MP -MF"Drivers/STM32F3xx_HAL_Driver/stm32f3xx_hal_can.d" -MT"Drivers/STM32F3xx_HAL_Driver/stm32f3xx_hal_can.o" -o "Drivers/STM32F3xx_HAL_Driver/stm32f3xx_hal_can.o" "C:/PM/PM/stm32workspace/CAN_F3/Drivers/STM32F3xx_HAL_Driver/Src/stm32f3xx_hal_can.c"
Finished building: C:/PM/PM/stm32workspace/CAN_F3/Drivers/STM32F3xx_HAL_Driver/Src/stm32f3xx_hal_can.c
 
Building file: C:/PM/PM/stm32workspace/CAN_F3/Drivers/STM32F3xx_HAL_Driver/Src/stm32f3xx_hal_cortex.c
Invoking: MCU GCC Compiler
C:\PM\PM\stm32workspace\CAN_F3\SW4STM32\CAN_F3\Debug
arm-none-eabi-gcc -mcpu=cortex-m4 -mthumb -mfloat-abi=hard -mfpu=fpv4-sp-d16 '-D__weak=__attribute__((weak))' '-D__packed=__attribute__((__packed__))' -DUSE_HAL_DRIVER -DSTM32F303xE -I"C:/PM/PM/stm32workspace/CAN_F3/Inc" -I"C:/PM/PM/stm32workspace/CAN_F3/Drivers/STM32F3xx_HAL_Driver/Inc" -I"C:/PM/PM/stm32workspace/CAN_F3/Drivers/STM32F3xx_HAL_Driver/Inc/Legacy" -I"C:/PM/PM/stm32workspace/CAN_F3/Drivers/CMSIS/Device/ST/STM32F3xx/Include" -I"C:/PM/PM/stm32workspace/CAN_F3/Drivers/CMSIS/Include"  -Og -g3 -Wall -fmessage-length=0 -ffunction-sections -c -fmessage-length=0 -MMD -MP -MF"Drivers/STM32F3xx_HAL_Driver/stm32f3xx_hal_cortex.d" -MT"Drivers/STM32F3xx_HAL_Driver/stm32f3xx_hal_cortex.o" -o "Drivers/STM32F3xx_HAL_Driver/stm32f3xx_hal_cortex.o" "C:/PM/PM/stm32workspace/CAN_F3/Drivers/STM32F3xx_HAL_Driver/Src/stm32f3xx_hal_cortex.c"
Finished building: C:/PM/PM/stm32workspace/CAN_F3/Drivers/STM32F3xx_HAL_Driver/Src/stm32f3xx_hal_cortex.c
 
Building file: C:/PM/PM/stm32workspace/CAN_F3/Drivers/STM32F3xx_HAL_Driver/Src/stm32f3xx_hal_dma.c
Invoking: MCU GCC Compiler
C:\PM\PM\stm32workspace\CAN_F3\SW4STM32\CAN_F3\Debug
arm-none-eabi-gcc -mcpu=cortex-m4 -mthumb -mfloat-abi=hard -mfpu=fpv4-sp-d16 '-D__weak=__attribute__((weak))' '-D__packed=__attribute__((__packed__))' -DUSE_HAL_DRIVER -DSTM32F303xE -I"C:/PM/PM/stm32workspace/CAN_F3/Inc" -I"C:/PM/PM/stm32workspace/CAN_F3/Drivers/STM32F3xx_HAL_Driver/Inc" -I"C:/PM/PM/stm32workspace/CAN_F3/Drivers/STM32F3xx_HAL_Driver/Inc/Legacy" -I"C:/PM/PM/stm32workspace/CAN_F3/Drivers/CMSIS/Device/ST/STM32F3xx/Include" -I"C:/PM/PM/stm32workspace/CAN_F3/Drivers/CMSIS/Include"  -Og -g3 -Wall -fmessage-length=0 -ffunction-sections -c -fmessage-length=0 -MMD -MP -MF"Drivers/STM32F3xx_HAL_Driver/stm32f3xx_hal_dma.d" -MT"Drivers/STM32F3xx_HAL_Driver/stm32f3xx_hal_dma.o" -o "Drivers/STM32F3xx_HAL_Driver/stm32f3xx_hal_dma.o" "C:/PM/PM/stm32workspace/CAN_F3/Drivers/STM32F3xx_HAL_Driver/Src/stm32f3xx_hal_dma.c"
Finished building: C:/PM/PM/stm32workspace/CAN_F3/Drivers/STM32F3xx_HAL_Driver/Src/stm32f3xx_hal_dma.c
 
Building file: C:/PM/PM/stm32workspace/CAN_F3/Drivers/STM32F3xx_HAL_Driver/Src/stm32f3xx_hal_flash.c
Invoking: MCU GCC Compiler
C:\PM\PM\stm32workspace\CAN_F3\SW4STM32\CAN_F3\Debug
arm-none-eabi-gcc -mcpu=cortex-m4 -mthumb -mfloat-abi=hard -mfpu=fpv4-sp-d16 '-D__weak=__attribute__((weak))' '-D__packed=__attribute__((__packed__))' -DUSE_HAL_DRIVER -DSTM32F303xE -I"C:/PM/PM/stm32workspace/CAN_F3/Inc" -I"C:/PM/PM/stm32workspace/CAN_F3/Drivers/STM32F3xx_HAL_Driver/Inc" -I"C:/PM/PM/stm32workspace/CAN_F3/Drivers/STM32F3xx_HAL_Driver/Inc/Legacy" -I"C:/PM/PM/stm32workspace/CAN_F3/Drivers/CMSIS/Device/ST/STM32F3xx/Include" -I"C:/PM/PM/stm32workspace/CAN_F3/Drivers/CMSIS/Include"  -Og -g3 -Wall -fmessage-length=0 -ffunction-sections -c -fmessage-length=0 -MMD -MP -MF"Drivers/STM32F3xx_HAL_Driver/stm32f3xx_hal_flash.d" -MT"Drivers/STM32F3xx_HAL_Driver/stm32f3xx_hal_flash.o" -o "Drivers/STM32F3xx_HAL_Driver/stm32f3xx_hal_flash.o" "C:/PM/PM/stm32workspace/CAN_F3/Drivers/STM32F3xx_HAL_Driver/Src/stm32f3xx_hal_flash.c"
Finished building: C:/PM/PM/stm32workspace/CAN_F3/Drivers/STM32F3xx_HAL_Driver/Src/stm32f3xx_hal_flash.c
 
Building file: C:/PM/PM/stm32workspace/CAN_F3/Drivers/STM32F3xx_HAL_Driver/Src/stm32f3xx_hal_flash_ex.c
Invoking: MCU GCC Compiler
C:\PM\PM\stm32workspace\CAN_F3\SW4STM32\CAN_F3\Debug
arm-none-eabi-gcc -mcpu=cortex-m4 -mthumb -mfloat-abi=hard -mfpu=fpv4-sp-d16 '-D__weak=__attribute__((weak))' '-D__packed=__attribute__((__packed__))' -DUSE_HAL_DRIVER -DSTM32F303xE -I"C:/PM/PM/stm32workspace/CAN_F3/Inc" -I"C:/PM/PM/stm32workspace/CAN_F3/Drivers/STM32F3xx_HAL_Driver/Inc" -I"C:/PM/PM/stm32workspace/CAN_F3/Drivers/STM32F3xx_HAL_Driver/Inc/Legacy" -I"C:/PM/PM/stm32workspace/CAN_F3/Drivers/CMSIS/Device/ST/STM32F3xx/Include" -I"C:/PM/PM/stm32workspace/CAN_F3/Drivers/CMSIS/Include"  -Og -g3 -Wall -fmessage-length=0 -ffunction-sections -c -fmessage-length=0 -MMD -MP -MF"Drivers/STM32F3xx_HAL_Driver/stm32f3xx_hal_flash_ex.d" -MT"Drivers/STM32F3xx_HAL_Driver/stm32f3xx_hal_flash_ex.o" -o "Drivers/STM32F3xx_HAL_Driver/stm32f3xx_hal_flash_ex.o" "C:/PM/PM/stm32workspace/CAN_F3/Drivers/STM32F3xx_HAL_Driver/Src/stm32f3xx_hal_flash_ex.c"
Finished building: C:/PM/PM/stm32workspace/CAN_F3/Drivers/STM32F3xx_HAL_Driver/Src/stm32f3xx_hal_flash_ex.c
 
Building file: C:/PM/PM/stm32workspace/CAN_F3/Drivers/STM32F3xx_HAL_Driver/Src/stm32f3xx_hal_gpio.c
Invoking: MCU GCC Compiler
C:\PM\PM\stm32workspace\CAN_F3\SW4STM32\CAN_F3\Debug
arm-none-eabi-gcc -mcpu=cortex-m4 -mthumb -mfloat-abi=hard -mfpu=fpv4-sp-d16 '-D__weak=__attribute__((weak))' '-D__packed=__attribute__((__packed__))' -DUSE_HAL_DRIVER -DSTM32F303xE -I"C:/PM/PM/stm32workspace/CAN_F3/Inc" -I"C:/PM/PM/stm32workspace/CAN_F3/Drivers/STM32F3xx_HAL_Driver/Inc" -I"C:/PM/PM/stm32workspace/CAN_F3/Drivers/STM32F3xx_HAL_Driver/Inc/Legacy" -I"C:/PM/PM/stm32workspace/CAN_F3/Drivers/CMSIS/Device/ST/STM32F3xx/Include" -I"C:/PM/PM/stm32workspace/CAN_F3/Drivers/CMSIS/Include"  -Og -g3 -Wall -fmessage-length=0 -ffunction-sections -c -fmessage-length=0 -MMD -MP -MF"Drivers/STM32F3xx_HAL_Driver/stm32f3xx_hal_gpio.d" -MT"Drivers/STM32F3xx_HAL_Driver/stm32f3xx_hal_gpio.o" -o "Drivers/STM32F3xx_HAL_Driver/stm32f3xx_hal_gpio.o" "C:/PM/PM/stm32workspace/CAN_F3/Drivers/STM32F3xx_HAL_Driver/Src/stm32f3xx_hal_gpio.c"
Finished building: C:/PM/PM/stm32workspace/CAN_F3/Drivers/STM32F3xx_HAL_Driver/Src/stm32f3xx_hal_gpio.c
 
Building file: C:/PM/PM/stm32workspace/CAN_F3/Drivers/STM32F3xx_HAL_Driver/Src/stm32f3xx_hal_i2c.c
Invoking: MCU GCC Compiler
C:\PM\PM\stm32workspace\CAN_F3\SW4STM32\CAN_F3\Debug
arm-none-eabi-gcc -mcpu=cortex-m4 -mthumb -mfloat-abi=hard -mfpu=fpv4-sp-d16 '-D__weak=__attribute__((weak))' '-D__packed=__attribute__((__packed__))' -DUSE_HAL_DRIVER -DSTM32F303xE -I"C:/PM/PM/stm32workspace/CAN_F3/Inc" -I"C:/PM/PM/stm32workspace/CAN_F3/Drivers/STM32F3xx_HAL_Driver/Inc" -I"C:/PM/PM/stm32workspace/CAN_F3/Drivers/STM32F3xx_HAL_Driver/Inc/Legacy" -I"C:/PM/PM/stm32workspace/CAN_F3/Drivers/CMSIS/Device/ST/STM32F3xx/Include" -I"C:/PM/PM/stm32workspace/CAN_F3/Drivers/CMSIS/Include"  -Og -g3 -Wall -fmessage-length=0 -ffunction-sections -c -fmessage-length=0 -MMD -MP -MF"Drivers/STM32F3xx_HAL_Driver/stm32f3xx_hal_i2c.d" -MT"Drivers/STM32F3xx_HAL_Driver/stm32f3xx_hal_i2c.o" -o "Drivers/STM32F3xx_HAL_Driver/stm32f3xx_hal_i2c.o" "C:/PM/PM/stm32workspace/CAN_F3/Drivers/STM32F3xx_HAL_Driver/Src/stm32f3xx_hal_i2c.c"
Finished building: C:/PM/PM/stm32workspace/CAN_F3/Drivers/STM32F3xx_HAL_Driver/Src/stm32f3xx_hal_i2c.c
 
Building file: C:/PM/PM/stm32workspace/CAN_F3/Drivers/STM32F3xx_HAL_Driver/Src/stm32f3xx_hal_i2c_ex.c
Invoking: MCU GCC Compiler
C:\PM\PM\stm32workspace\CAN_F3\SW4STM32\CAN_F3\Debug
arm-none-eabi-gcc -mcpu=cortex-m4 -mthumb -mfloat-abi=hard -mfpu=fpv4-sp-d16 '-D__weak=__attribute__((weak))' '-D__packed=__attribute__((__packed__))' -DUSE_HAL_DRIVER -DSTM32F303xE -I"C:/PM/PM/stm32workspace/CAN_F3/Inc" -I"C:/PM/PM/stm32workspace/CAN_F3/Drivers/STM32F3xx_HAL_Driver/Inc" -I"C:/PM/PM/stm32workspace/CAN_F3/Drivers/STM32F3xx_HAL_Driver/Inc/Legacy" -I"C:/PM/PM/stm32workspace/CAN_F3/Drivers/CMSIS/Device/ST/STM32F3xx/Include" -I"C:/PM/PM/stm32workspace/CAN_F3/Drivers/CMSIS/Include"  -Og -g3 -Wall -fmessage-length=0 -ffunction-sections -c -fmessage-length=0 -MMD -MP -MF"Drivers/STM32F3xx_HAL_Driver/stm32f3xx_hal_i2c_ex.d" -MT"Drivers/STM32F3xx_HAL_Driver/stm32f3xx_hal_i2c_ex.o" -o "Drivers/STM32F3xx_HAL_Driver/stm32f3xx_hal_i2c_ex.o" "C:/PM/PM/stm32workspace/CAN_F3/Drivers/STM32F3xx_HAL_Driver/Src/stm32f3xx_hal_i2c_ex.c"
Finished building: C:/PM/PM/stm32workspace/CAN_F3/Drivers/STM32F3xx_HAL_Driver/Src/stm32f3xx_hal_i2c_ex.c
 
Building file: C:/PM/PM/stm32workspace/CAN_F3/Drivers/STM32F3xx_HAL_Driver/Src/stm32f3xx_hal_pwr.c
Invoking: MCU GCC Compiler
C:\PM\PM\stm32workspace\CAN_F3\SW4STM32\CAN_F3\Debug
arm-none-eabi-gcc -mcpu=cortex-m4 -mthumb -mfloat-abi=hard -mfpu=fpv4-sp-d16 '-D__weak=__attribute__((weak))' '-D__packed=__attribute__((__packed__))' -DUSE_HAL_DRIVER -DSTM32F303xE -I"C:/PM/PM/stm32workspace/CAN_F3/Inc" -I"C:/PM/PM/stm32workspace/CAN_F3/Drivers/STM32F3xx_HAL_Driver/Inc" -I"C:/PM/PM/stm32workspace/CAN_F3/Drivers/STM32F3xx_HAL_Driver/Inc/Legacy" -I"C:/PM/PM/stm32workspace/CAN_F3/Drivers/CMSIS/Device/ST/STM32F3xx/Include" -I"C:/PM/PM/stm32workspace/CAN_F3/Drivers/CMSIS/Include"  -Og -g3 -Wall -fmessage-length=0 -ffunction-sections -c -fmessage-length=0 -MMD -MP -MF"Drivers/STM32F3xx_HAL_Driver/stm32f3xx_hal_pwr.d" -MT"Drivers/STM32F3xx_HAL_Driver/stm32f3xx_hal_pwr.o" -o "Drivers/STM32F3xx_HAL_Driver/stm32f3xx_hal_pwr.o" "C:/PM/PM/stm32workspace/CAN_F3/Drivers/STM32F3xx_HAL_Driver/Src/stm32f3xx_hal_pwr.c"
Finished building: C:/PM/PM/stm32workspace/CAN_F3/Drivers/STM32F3xx_HAL_Driver/Src/stm32f3xx_hal_pwr.c
 
Building file: C:/PM/PM/stm32workspace/CAN_F3/Drivers/STM32F3xx_HAL_Driver/Src/stm32f3xx_hal_pwr_ex.c
Invoking: MCU GCC Compiler
C:\PM\PM\stm32workspace\CAN_F3\SW4STM32\CAN_F3\Debug
arm-none-eabi-gcc -mcpu=cortex-m4 -mthumb -mfloat-abi=hard -mfpu=fpv4-sp-d16 '-D__weak=__attribute__((weak))' '-D__packed=__attribute__((__packed__))' -DUSE_HAL_DRIVER -DSTM32F303xE -I"C:/PM/PM/stm32workspace/CAN_F3/Inc" -I"C:/PM/PM/stm32workspace/CAN_F3/Drivers/STM32F3xx_HAL_Driver/Inc" -I"C:/PM/PM/stm32workspace/CAN_F3/Drivers/STM32F3xx_HAL_Driver/Inc/Legacy" -I"C:/PM/PM/stm32workspace/CAN_F3/Drivers/CMSIS/Device/ST/STM32F3xx/Include" -I"C:/PM/PM/stm32workspace/CAN_F3/Drivers/CMSIS/Include"  -Og -g3 -Wall -fmessage-length=0 -ffunction-sections -c -fmessage-length=0 -MMD -MP -MF"Drivers/STM32F3xx_HAL_Driver/stm32f3xx_hal_pwr_ex.d" -MT"Drivers/STM32F3xx_HAL_Driver/stm32f3xx_hal_pwr_ex.o" -o "Drivers/STM32F3xx_HAL_Driver/stm32f3xx_hal_pwr_ex.o" "C:/PM/PM/stm32workspace/CAN_F3/Drivers/STM32F3xx_HAL_Driver/Src/stm32f3xx_hal_pwr_ex.c"
Finished building: C:/PM/PM/stm32workspace/CAN_F3/Drivers/STM32F3xx_HAL_Driver/Src/stm32f3xx_hal_pwr_ex.c
 
Building file: C:/PM/PM/stm32workspace/CAN_F3/Drivers/STM32F3xx_HAL_Driver/Src/stm32f3xx_hal_rcc.c
Invoking: MCU GCC Compiler
C:\PM\PM\stm32workspace\CAN_F3\SW4STM32\CAN_F3\Debug
arm-none-eabi-gcc -mcpu=cortex-m4 -mthumb -mfloat-abi=hard -mfpu=fpv4-sp-d16 '-D__weak=__attribute__((weak))' '-D__packed=__attribute__((__packed__))' -DUSE_HAL_DRIVER -DSTM32F303xE -I"C:/PM/PM/stm32workspace/CAN_F3/Inc" -I"C:/PM/PM/stm32workspace/CAN_F3/Drivers/STM32F3xx_HAL_Driver/Inc" -I"C:/PM/PM/stm32workspace/CAN_F3/Drivers/STM32F3xx_HAL_Driver/Inc/Legacy" -I"C:/PM/PM/stm32workspace/CAN_F3/Drivers/CMSIS/Device/ST/STM32F3xx/Include" -I"C:/PM/PM/stm32workspace/CAN_F3/Drivers/CMSIS/Include"  -Og -g3 -Wall -fmessage-length=0 -ffunction-sections -c -fmessage-length=0 -MMD -MP -MF"Drivers/STM32F3xx_HAL_Driver/stm32f3xx_hal_rcc.d" -MT"Drivers/STM32F3xx_HAL_Driver/stm32f3xx_hal_rcc.o" -o "Drivers/STM32F3xx_HAL_Driver/stm32f3xx_hal_rcc.o" "C:/PM/PM/stm32workspace/CAN_F3/Drivers/STM32F3xx_HAL_Driver/Src/stm32f3xx_hal_rcc.c"
Finished building: C:/PM/PM/stm32workspace/CAN_F3/Drivers/STM32F3xx_HAL_Driver/Src/stm32f3xx_hal_rcc.c
 
Building file: C:/PM/PM/stm32workspace/CAN_F3/Drivers/STM32F3xx_HAL_Driver/Src/stm32f3xx_hal_rcc_ex.c
Invoking: MCU GCC Compiler
C:\PM\PM\stm32workspace\CAN_F3\SW4STM32\CAN_F3\Debug
arm-none-eabi-gcc -mcpu=cortex-m4 -mthumb -mfloat-abi=hard -mfpu=fpv4-sp-d16 '-D__weak=__attribute__((weak))' '-D__packed=__attribute__((__packed__))' -DUSE_HAL_DRIVER -DSTM32F303xE -I"C:/PM/PM/stm32workspace/CAN_F3/Inc" -I"C:/PM/PM/stm32workspace/CAN_F3/Drivers/STM32F3xx_HAL_Driver/Inc" -I"C:/PM/PM/stm32workspace/CAN_F3/Drivers/STM32F3xx_HAL_Driver/Inc/Legacy" -I"C:/PM/PM/stm32workspace/CAN_F3/Drivers/CMSIS/Device/ST/STM32F3xx/Include" -I"C:/PM/PM/stm32workspace/CAN_F3/Drivers/CMSIS/Include"  -Og -g3 -Wall -fmessage-length=0 -ffunction-sections -c -fmessage-length=0 -MMD -MP -MF"Drivers/STM32F3xx_HAL_Driver/stm32f3xx_hal_rcc_ex.d" -MT"Drivers/STM32F3xx_HAL_Driver/stm32f3xx_hal_rcc_ex.o" -o "Drivers/STM32F3xx_HAL_Driver/stm32f3xx_hal_rcc_ex.o" "C:/PM/PM/stm32workspace/CAN_F3/Drivers/STM32F3xx_HAL_Driver/Src/stm32f3xx_hal_rcc_ex.c"
Finished building: C:/PM/PM/stm32workspace/CAN_F3/Drivers/STM32F3xx_HAL_Driver/Src/stm32f3xx_hal_rcc_ex.c
 
Building file: C:/PM/PM/stm32workspace/CAN_F3/Drivers/STM32F3xx_HAL_Driver/Src/stm32f3xx_hal_tim.c
Invoking: MCU GCC Compiler
C:\PM\PM\stm32workspace\CAN_F3\SW4STM32\CAN_F3\Debug
arm-none-eabi-gcc -mcpu=cortex-m4 -mthumb -mfloat-abi=hard -mfpu=fpv4-sp-d16 '-D__weak=__attribute__((weak))' '-D__packed=__attribute__((__packed__))' -DUSE_HAL_DRIVER -DSTM32F303xE -I"C:/PM/PM/stm32workspace/CAN_F3/Inc" -I"C:/PM/PM/stm32workspace/CAN_F3/Drivers/STM32F3xx_HAL_Driver/Inc" -I"C:/PM/PM/stm32workspace/CAN_F3/Drivers/STM32F3xx_HAL_Driver/Inc/Legacy" -I"C:/PM/PM/stm32workspace/CAN_F3/Drivers/CMSIS/Device/ST/STM32F3xx/Include" -I"C:/PM/PM/stm32workspace/CAN_F3/Drivers/CMSIS/Include"  -Og -g3 -Wall -fmessage-length=0 -ffunction-sections -c -fmessage-length=0 -MMD -MP -MF"Drivers/STM32F3xx_HAL_Driver/stm32f3xx_hal_tim.d" -MT"Drivers/STM32F3xx_HAL_Driver/stm32f3xx_hal_tim.o" -o "Drivers/STM32F3xx_HAL_Driver/stm32f3xx_hal_tim.o" "C:/PM/PM/stm32workspace/CAN_F3/Drivers/STM32F3xx_HAL_Driver/Src/stm32f3xx_hal_tim.c"
Finished building: C:/PM/PM/stm32workspace/CAN_F3/Drivers/STM32F3xx_HAL_Driver/Src/stm32f3xx_hal_tim.c
 
Building file: C:/PM/PM/stm32workspace/CAN_F3/Drivers/STM32F3xx_HAL_Driver/Src/stm32f3xx_hal_tim_ex.c
Invoking: MCU GCC Compiler
C:\PM\PM\stm32workspace\CAN_F3\SW4STM32\CAN_F3\Debug
arm-none-eabi-gcc -mcpu=cortex-m4 -mthumb -mfloat-abi=hard -mfpu=fpv4-sp-d16 '-D__weak=__attribute__((weak))' '-D__packed=__attribute__((__packed__))' -DUSE_HAL_DRIVER -DSTM32F303xE -I"C:/PM/PM/stm32workspace/CAN_F3/Inc" -I"C:/PM/PM/stm32workspace/CAN_F3/Drivers/STM32F3xx_HAL_Driver/Inc" -I"C:/PM/PM/stm32workspace/CAN_F3/Drivers/STM32F3xx_HAL_Driver/Inc/Legacy" -I"C:/PM/PM/stm32workspace/CAN_F3/Drivers/CMSIS/Device/ST/STM32F3xx/Include" -I"C:/PM/PM/stm32workspace/CAN_F3/Drivers/CMSIS/Include"  -Og -g3 -Wall -fmessage-length=0 -ffunction-sections -c -fmessage-length=0 -MMD -MP -MF"Drivers/STM32F3xx_HAL_Driver/stm32f3xx_hal_tim_ex.d" -MT"Drivers/STM32F3xx_HAL_Driver/stm32f3xx_hal_tim_ex.o" -o "Drivers/STM32F3xx_HAL_Driver/stm32f3xx_hal_tim_ex.o" "C:/PM/PM/stm32workspace/CAN_F3/Drivers/STM32F3xx_HAL_Driver/Src/stm32f3xx_hal_tim_ex.c"
Finished building: C:/PM/PM/stm32workspace/CAN_F3/Drivers/STM32F3xx_HAL_Driver/Src/stm32f3xx_hal_tim_ex.c
 
Building file: C:/PM/PM/stm32workspace/CAN_F3/Drivers/STM32F3xx_HAL_Driver/Src/stm32f3xx_hal_uart.c
Invoking: MCU GCC Compiler
C:\PM\PM\stm32workspace\CAN_F3\SW4STM32\CAN_F3\Debug
arm-none-eabi-gcc -mcpu=cortex-m4 -mthumb -mfloat-abi=hard -mfpu=fpv4-sp-d16 '-D__weak=__attribute__((weak))' '-D__packed=__attribute__((__packed__))' -DUSE_HAL_DRIVER -DSTM32F303xE -I"C:/PM/PM/stm32workspace/CAN_F3/Inc" -I"C:/PM/PM/stm32workspace/CAN_F3/Drivers/STM32F3xx_HAL_Driver/Inc" -I"C:/PM/PM/stm32workspace/CAN_F3/Drivers/STM32F3xx_HAL_Driver/Inc/Legacy" -I"C:/PM/PM/stm32workspace/CAN_F3/Drivers/CMSIS/Device/ST/STM32F3xx/Include" -I"C:/PM/PM/stm32workspace/CAN_F3/Drivers/CMSIS/Include"  -Og -g3 -Wall -fmessage-length=0 -ffunction-sections -c -fmessage-length=0 -MMD -MP -MF"Drivers/STM32F3xx_HAL_Driver/stm32f3xx_hal_uart.d" -MT"Drivers/STM32F3xx_HAL_Driver/stm32f3xx_hal_uart.o" -o "Drivers/STM32F3xx_HAL_Driver/stm32f3xx_hal_uart.o" "C:/PM/PM/stm32workspace/CAN_F3/Drivers/STM32F3xx_HAL_Driver/Src/stm32f3xx_hal_uart.c"
Finished building: C:/PM/PM/stm32workspace/CAN_F3/Drivers/STM32F3xx_HAL_Driver/Src/stm32f3xx_hal_uart.c
 
Building file: C:/PM/PM/stm32workspace/CAN_F3/Drivers/STM32F3xx_HAL_Driver/Src/stm32f3xx_hal_uart_ex.c
Invoking: MCU GCC Compiler
C:\PM\PM\stm32workspace\CAN_F3\SW4STM32\CAN_F3\Debug
arm-none-eabi-gcc -mcpu=cortex-m4 -mthumb -mfloat-abi=hard -mfpu=fpv4-sp-d16 '-D__weak=__attribute__((weak))' '-D__packed=__attribute__((__packed__))' -DUSE_HAL_DRIVER -DSTM32F303xE -I"C:/PM/PM/stm32workspace/CAN_F3/Inc" -I"C:/PM/PM/stm32workspace/CAN_F3/Drivers/STM32F3xx_HAL_Driver/Inc" -I"C:/PM/PM/stm32workspace/CAN_F3/Drivers/STM32F3xx_HAL_Driver/Inc/Legacy" -I"C:/PM/PM/stm32workspace/CAN_F3/Drivers/CMSIS/Device/ST/STM32F3xx/Include" -I"C:/PM/PM/stm32workspace/CAN_F3/Drivers/CMSIS/Include"  -Og -g3 -Wall -fmessage-length=0 -ffunction-sections -c -fmessage-length=0 -MMD -MP -MF"Drivers/STM32F3xx_HAL_Driver/stm32f3xx_hal_uart_ex.d" -MT"Drivers/STM32F3xx_HAL_Driver/stm32f3xx_hal_uart_ex.o" -o "Drivers/STM32F3xx_HAL_Driver/stm32f3xx_hal_uart_ex.o" "C:/PM/PM/stm32workspace/CAN_F3/Drivers/STM32F3xx_HAL_Driver/Src/stm32f3xx_hal_uart_ex.c"
Finished building: C:/PM/PM/stm32workspace/CAN_F3/Drivers/STM32F3xx_HAL_Driver/Src/stm32f3xx_hal_uart_ex.c
 
Building file: C:/PM/PM/stm32workspace/CAN_F3/Src/system_stm32f3xx.c
Invoking: MCU GCC Compiler
C:\PM\PM\stm32workspace\CAN_F3\SW4STM32\CAN_F3\Debug
arm-none-eabi-gcc -mcpu=cortex-m4 -mthumb -mfloat-abi=hard -mfpu=fpv4-sp-d16 '-D__weak=__attribute__((weak))' '-D__packed=__attribute__((__packed__))' -DUSE_HAL_DRIVER -DSTM32F303xE -I"C:/PM/PM/stm32workspace/CAN_F3/Inc" -I"C:/PM/PM/stm32workspace/CAN_F3/Drivers/STM32F3xx_HAL_Driver/Inc" -I"C:/PM/PM/stm32workspace/CAN_F3/Drivers/STM32F3xx_HAL_Driver/Inc/Legacy" -I"C:/PM/PM/stm32workspace/CAN_F3/Drivers/CMSIS/Device/ST/STM32F3xx/Include" -I"C:/PM/PM/stm32workspace/CAN_F3/Drivers/CMSIS/Include"  -Og -g3 -Wall -fmessage-length=0 -ffunction-sections -c -fmessage-length=0 -MMD -MP -MF"Drivers/CMSIS/system_stm32f3xx.d" -MT"Drivers/CMSIS/system_stm32f3xx.o" -o "Drivers/CMSIS/system_stm32f3xx.o" "C:/PM/PM/stm32workspace/CAN_F3/Src/system_stm32f3xx.c"
Finished building: C:/PM/PM/stm32workspace/CAN_F3/Src/system_stm32f3xx.c
 
Building file: C:/PM/PM/stm32workspace/CAN_F3/Src/main.c
Invoking: MCU GCC Compiler
C:\PM\PM\stm32workspace\CAN_F3\SW4STM32\CAN_F3\Debug
arm-none-eabi-gcc -mcpu=cortex-m4 -mthumb -mfloat-abi=hard -mfpu=fpv4-sp-d16 '-D__weak=__attribute__((weak))' '-D__packed=__attribute__((__packed__))' -DUSE_HAL_DRIVER -DSTM32F303xE -I"C:/PM/PM/stm32workspace/CAN_F3/Inc" -I"C:/PM/PM/stm32workspace/CAN_F3/Drivers/STM32F3xx_HAL_Driver/Inc" -I"C:/PM/PM/stm32workspace/CAN_F3/Drivers/STM32F3xx_HAL_Driver/Inc/Legacy" -I"C:/PM/PM/stm32workspace/CAN_F3/Drivers/CMSIS/Device/ST/STM32F3xx/Include" -I"C:/PM/PM/stm32workspace/CAN_F3/Drivers/CMSIS/Include"  -Og -g3 -Wall -fmessage-length=0 -ffunction-sections -c -fmessage-length=0 -MMD -MP -MF"Application/User/main.d" -MT"Application/User/main.o" -o "Application/User/main.o" "C:/PM/PM/stm32workspace/CAN_F3/Src/main.c"
C:/PM/PM/stm32workspace/CAN_F3/Src/main.c: In function 'CAN_Rx':
C:/PM/PM/stm32workspace/CAN_F3/Src/main.c:77:8: warning: suggest parentheses around operand of '!' or change '&' to '&&' or '!' to '~' [-Wparentheses]
  while(!CAN->RF0R&3);
        ^~~~~~~~~~
C:/PM/PM/stm32workspace/CAN_F3/Src/main.c: In function 'main':
C:/PM/PM/stm32workspace/CAN_F3/Src/main.c:133:13: warning: pointer targets in passing argument 1 of 'sprintf' differ in signedness [-Wpointer-sign]
   j=sprintf(tab,"START\n",i); if(HAL_UART_Transmit(&huart2, (uint8_t *)&tab,j,5000)!= HAL_OK) Error_Handler();
             ^~~
In file included from c:\ac6\systemworkbench\plugins\fr.ac6.mcu.externaltools.arm-none.win32_1.15.0.201708311556\tools\compiler\arm-none-eabi\include\stdio.h:29:0,
                 from C:/PM/PM/stm32workspace/CAN_F3/Drivers/STM32F3xx_HAL_Driver/Inc/stm32f3xx_hal_def.h:50,
                 from C:/PM/PM/stm32workspace/CAN_F3/Drivers/STM32F3xx_HAL_Driver/Inc/stm32f3xx_hal_rcc.h:45,
                 from C:/PM/PM/stm32workspace/CAN_F3/Inc/stm32f3xx_hal_conf.h:196,
                 from C:/PM/PM/stm32workspace/CAN_F3/Drivers/STM32F3xx_HAL_Driver/Inc/stm32f3xx_hal.h:46,
                 from C:/PM/PM/stm32workspace/CAN_F3/Src/main.c:41:
c:\ac6\systemworkbench\plugins\fr.ac6.mcu.externaltools.arm-none.win32_1.15.0.201708311556\tools\compiler\arm-none-eabi\include\stdio.h:244:5: note: expected 'char * restrict' but argument is of type 'unsigned char *'
 int _EXFUN(sprintf, (char *__restrict, const char *__restrict, ...)
     ^
C:/PM/PM/stm32workspace/CAN_F3/Src/main.c:133:17: warning: too many arguments for format [-Wformat-extra-args]
   j=sprintf(tab,"START\n",i); if(HAL_UART_Transmit(&huart2, (uint8_t *)&tab,j,5000)!= HAL_OK) Error_Handler();
                 ^~~~~~~~~
C:/PM/PM/stm32workspace/CAN_F3/Src/main.c:139:13: warning: pointer targets in passing argument 1 of 'sprintf' differ in signedness [-Wpointer-sign]
   j=sprintf(tab,"1\n",i); if(HAL_UART_Transmit(&huart2, (uint8_t *)&tab,j,5000)!= HAL_OK) Error_Handler();
             ^~~
In file included from c:\ac6\systemworkbench\plugins\fr.ac6.mcu.externaltools.arm-none.win32_1.15.0.201708311556\tools\compiler\arm-none-eabi\include\stdio.h:29:0,
                 from C:/PM/PM/stm32workspace/CAN_F3/Drivers/STM32F3xx_HAL_Driver/Inc/stm32f3xx_hal_def.h:50,
                 from C:/PM/PM/stm32workspace/CAN_F3/Drivers/STM32F3xx_HAL_Driver/Inc/stm32f3xx_hal_rcc.h:45,
                 from C:/PM/PM/stm32workspace/CAN_F3/Inc/stm32f3xx_hal_conf.h:196,
                 from C:/PM/PM/stm32workspace/CAN_F3/Drivers/STM32F3xx_HAL_Driver/Inc/stm32f3xx_hal.h:46,
                 from C:/PM/PM/stm32workspace/CAN_F3/Src/main.c:41:
c:\ac6\systemworkbench\plugins\fr.ac6.mcu.externaltools.arm-none.win32_1.15.0.201708311556\tools\compiler\arm-none-eabi\include\stdio.h:244:5: note: expected 'char * restrict' but argument is of type 'unsigned char *'
 int _EXFUN(sprintf, (char *__restrict, const char *__restrict, ...)
     ^
C:/PM/PM/stm32workspace/CAN_F3/Src/main.c:139:17: warning: too many arguments for format [-Wformat-extra-args]
   j=sprintf(tab,"1\n",i); if(HAL_UART_Transmit(&huart2, (uint8_t *)&tab,j,5000)!= HAL_OK) Error_Handler();
                 ^~~~~
C:/PM/PM/stm32workspace/CAN_F3/Src/main.c:158:13: warning: pointer targets in passing argument 1 of 'sprintf' differ in signedness [-Wpointer-sign]
   j=sprintf(tab,"2\n",i); if(HAL_UART_Transmit(&huart2, (uint8_t *)&tab,j,5000)!= HAL_OK) Error_Handler();
             ^~~
In file included from c:\ac6\systemworkbench\plugins\fr.ac6.mcu.externaltools.arm-none.win32_1.15.0.201708311556\tools\compiler\arm-none-eabi\include\stdio.h:29:0,
                 from C:/PM/PM/stm32workspace/CAN_F3/Drivers/STM32F3xx_HAL_Driver/Inc/stm32f3xx_hal_def.h:50,
                 from C:/PM/PM/stm32workspace/CAN_F3/Drivers/STM32F3xx_HAL_Driver/Inc/stm32f3xx_hal_rcc.h:45,
                 from C:/PM/PM/stm32workspace/CAN_F3/Inc/stm32f3xx_hal_conf.h:196,
                 from C:/PM/PM/stm32workspace/CAN_F3/Drivers/STM32F3xx_HAL_Driver/Inc/stm32f3xx_hal.h:46,
                 from C:/PM/PM/stm32workspace/CAN_F3/Src/main.c:41:
c:\ac6\systemworkbench\plugins\fr.ac6.mcu.externaltools.arm-none.win32_1.15.0.201708311556\tools\compiler\arm-none-eabi\include\stdio.h:244:5: note: expected 'char * restrict' but argument is of type 'unsigned char *'
 int _EXFUN(sprintf, (char *__restrict, const char *__restrict, ...)
     ^
C:/PM/PM/stm32workspace/CAN_F3/Src/main.c:158:17: warning: too many arguments for format [-Wformat-extra-args]
   j=sprintf(tab,"2\n",i); if(HAL_UART_Transmit(&huart2, (uint8_t *)&tab,j,5000)!= HAL_OK) Error_Handler();
                 ^~~~~
C:/PM/PM/stm32workspace/CAN_F3/Src/main.c:163:14: warning: pointer targets in passing argument 1 of 'sprintf' differ in signedness [-Wpointer-sign]
    j=sprintf(tab,"error\n",i); if(HAL_UART_Transmit(&huart2, (uint8_t *)&tab,j,5000)!= HAL_OK) Error_Handler();
              ^~~
In file included from c:\ac6\systemworkbench\plugins\fr.ac6.mcu.externaltools.arm-none.win32_1.15.0.201708311556\tools\compiler\arm-none-eabi\include\stdio.h:29:0,
                 from C:/PM/PM/stm32workspace/CAN_F3/Drivers/STM32F3xx_HAL_Driver/Inc/stm32f3xx_hal_def.h:50,
                 from C:/PM/PM/stm32workspace/CAN_F3/Drivers/STM32F3xx_HAL_Driver/Inc/stm32f3xx_hal_rcc.h:45,
                 from C:/PM/PM/stm32workspace/CAN_F3/Inc/stm32f3xx_hal_conf.h:196,
                 from C:/PM/PM/stm32workspace/CAN_F3/Drivers/STM32F3xx_HAL_Driver/Inc/stm32f3xx_hal.h:46,
                 from C:/PM/PM/stm32workspace/CAN_F3/Src/main.c:41:
c:\ac6\systemworkbench\plugins\fr.ac6.mcu.externaltools.arm-none.win32_1.15.0.201708311556\tools\compiler\arm-none-eabi\include\stdio.h:244:5: note: expected 'char * restrict' but argument is of type 'unsigned char *'
 int _EXFUN(sprintf, (char *__restrict, const char *__restrict, ...)
     ^
C:/PM/PM/stm32workspace/CAN_F3/Src/main.c:163:18: warning: too many arguments for format [-Wformat-extra-args]
    j=sprintf(tab,"error\n",i); if(HAL_UART_Transmit(&huart2, (uint8_t *)&tab,j,5000)!= HAL_OK) Error_Handler();
                  ^~~~~~~~~
C:/PM/PM/stm32workspace/CAN_F3/Src/main.c:166:13: warning: pointer targets in passing argument 1 of 'sprintf' differ in signedness [-Wpointer-sign]
   j=sprintf(tab,"3\n",i); if(HAL_UART_Transmit(&huart2, (uint8_t *)&tab,j,5000)!= HAL_OK) Error_Handler();
             ^~~
In file included from c:\ac6\systemworkbench\plugins\fr.ac6.mcu.externaltools.arm-none.win32_1.15.0.201708311556\tools\compiler\arm-none-eabi\include\stdio.h:29:0,
                 from C:/PM/PM/stm32workspace/CAN_F3/Drivers/STM32F3xx_HAL_Driver/Inc/stm32f3xx_hal_def.h:50,
                 from C:/PM/PM/stm32workspace/CAN_F3/Drivers/STM32F3xx_HAL_Driver/Inc/stm32f3xx_hal_rcc.h:45,
                 from C:/PM/PM/stm32workspace/CAN_F3/Inc/stm32f3xx_hal_conf.h:196,
                 from C:/PM/PM/stm32workspace/CAN_F3/Drivers/STM32F3xx_HAL_Driver/Inc/stm32f3xx_hal.h:46,
                 from C:/PM/PM/stm32workspace/CAN_F3/Src/main.c:41:
c:\ac6\systemworkbench\plugins\fr.ac6.mcu.externaltools.arm-none.win32_1.15.0.201708311556\tools\compiler\arm-none-eabi\include\stdio.h:244:5: note: expected 'char * restrict' but argument is of type 'unsigned char *'
 int _EXFUN(sprintf, (char *__restrict, const char *__restrict, ...)
     ^
C:/PM/PM/stm32workspace/CAN_F3/Src/main.c:166:17: warning: too many arguments for format [-Wformat-extra-args]
   j=sprintf(tab,"3\n",i); if(HAL_UART_Transmit(&huart2, (uint8_t *)&tab,j,5000)!= HAL_OK) Error_Handler();
                 ^~~~~
C:/PM/PM/stm32workspace/CAN_F3/Src/main.c:183:13: warning: pointer targets in passing argument 1 of 'sprintf' differ in signedness [-Wpointer-sign]
   j=sprintf(tab,"4\n",i); if(HAL_UART_Transmit(&huart2, (uint8_t *)&tab,j,5000)!= HAL_OK) Error_Handler();
             ^~~
In file included from c:\ac6\systemworkbench\plugins\fr.ac6.mcu.externaltools.arm-none.win32_1.15.0.201708311556\tools\compiler\arm-none-eabi\include\stdio.h:29:0,
                 from C:/PM/PM/stm32workspace/CAN_F3/Drivers/STM32F3xx_HAL_Driver/Inc/stm32f3xx_hal_def.h:50,
                 from C:/PM/PM/stm32workspace/CAN_F3/Drivers/STM32F3xx_HAL_Driver/Inc/stm32f3xx_hal_rcc.h:45,
                 from C:/PM/PM/stm32workspace/CAN_F3/Inc/stm32f3xx_hal_conf.h:196,
                 from C:/PM/PM/stm32workspace/CAN_F3/Drivers/STM32F3xx_HAL_Driver/Inc/stm32f3xx_hal.h:46,
                 from C:/PM/PM/stm32workspace/CAN_F3/Src/main.c:41:
c:\ac6\systemworkbench\plugins\fr.ac6.mcu.externaltools.arm-none.win32_1.15.0.201708311556\tools\compiler\arm-none-eabi\include\stdio.h:244:5: note: expected 'char * restrict' but argument is of type 'unsigned char *'
 int _EXFUN(sprintf, (char *__restrict, const char *__restrict, ...)
     ^
C:/PM/PM/stm32workspace/CAN_F3/Src/main.c:183:17: warning: too many arguments for format [-Wformat-extra-args]
   j=sprintf(tab,"4\n",i); if(HAL_UART_Transmit(&huart2, (uint8_t *)&tab,j,5000)!= HAL_OK) Error_Handler();
                 ^~~~~
C:/PM/PM/stm32workspace/CAN_F3/Src/main.c:188:14: warning: pointer targets in passing argument 1 of 'sprintf' differ in signedness [-Wpointer-sign]
    j=sprintf(tab,"error\n",i); if(HAL_UART_Transmit(&huart2, (uint8_t *)&tab,j,5000)!= HAL_OK) Error_Handler();
              ^~~
In file included from c:\ac6\systemworkbench\plugins\fr.ac6.mcu.externaltools.arm-none.win32_1.15.0.201708311556\tools\compiler\arm-none-eabi\include\stdio.h:29:0,
                 from C:/PM/PM/stm32workspace/CAN_F3/Drivers/STM32F3xx_HAL_Driver/Inc/stm32f3xx_hal_def.h:50,
                 from C:/PM/PM/stm32workspace/CAN_F3/Drivers/STM32F3xx_HAL_Driver/Inc/stm32f3xx_hal_rcc.h:45,
                 from C:/PM/PM/stm32workspace/CAN_F3/Inc/stm32f3xx_hal_conf.h:196,
                 from C:/PM/PM/stm32workspace/CAN_F3/Drivers/STM32F3xx_HAL_Driver/Inc/stm32f3xx_hal.h:46,
                 from C:/PM/PM/stm32workspace/CAN_F3/Src/main.c:41:
c:\ac6\systemworkbench\plugins\fr.ac6.mcu.externaltools.arm-none.win32_1.15.0.201708311556\tools\compiler\arm-none-eabi\include\stdio.h:244:5: note: expected 'char * restrict' but argument is of type 'unsigned char *'
 int _EXFUN(sprintf, (char *__restrict, const char *__restrict, ...)
     ^
C:/PM/PM/stm32workspace/CAN_F3/Src/main.c:188:18: warning: too many arguments for format [-Wformat-extra-args]
    j=sprintf(tab,"error\n",i); if(HAL_UART_Transmit(&huart2, (uint8_t *)&tab,j,5000)!= HAL_OK) Error_Handler();
                  ^~~~~~~~~
C:/PM/PM/stm32workspace/CAN_F3/Src/main.c:191:13: warning: pointer targets in passing argument 1 of 'sprintf' differ in signedness [-Wpointer-sign]
   j=sprintf(tab,"5\n",i); if(HAL_UART_Transmit(&huart2, (uint8_t *)&tab,j,5000)!= HAL_OK) Error_Handler();
             ^~~
In file included from c:\ac6\systemworkbench\plugins\fr.ac6.mcu.externaltools.arm-none.win32_1.15.0.201708311556\tools\compiler\arm-none-eabi\include\stdio.h:29:0,
                 from C:/PM/PM/stm32workspace/CAN_F3/Drivers/STM32F3xx_HAL_Driver/Inc/stm32f3xx_hal_def.h:50,
                 from C:/PM/PM/stm32workspace/CAN_F3/Drivers/STM32F3xx_HAL_Driver/Inc/stm32f3xx_hal_rcc.h:45,
                 from C:/PM/PM/stm32workspace/CAN_F3/Inc/stm32f3xx_hal_conf.h:196,
                 from C:/PM/PM/stm32workspace/CAN_F3/Drivers/STM32F3xx_HAL_Driver/Inc/stm32f3xx_hal.h:46,
                 from C:/PM/PM/stm32workspace/CAN_F3/Src/main.c:41:
c:\ac6\systemworkbench\plugins\fr.ac6.mcu.externaltools.arm-none.win32_1.15.0.201708311556\tools\compiler\arm-none-eabi\include\stdio.h:244:5: note: expected 'char * restrict' but argument is of type 'unsigned char *'
 int _EXFUN(sprintf, (char *__restrict, const char *__restrict, ...)
     ^
C:/PM/PM/stm32workspace/CAN_F3/Src/main.c:191:17: warning: too many arguments for format [-Wformat-extra-args]
   j=sprintf(tab,"5\n",i); if(HAL_UART_Transmit(&huart2, (uint8_t *)&tab,j,5000)!= HAL_OK) Error_Handler();
                 ^~~~~
C:/PM/PM/stm32workspace/CAN_F3/Src/main.c:204:13: warning: pointer targets in passing argument 1 of 'sprintf' differ in signedness [-Wpointer-sign]
   j=sprintf(tab,"6\n",i); if(HAL_UART_Transmit(&huart2, (uint8_t *)&tab,j,5000)!= HAL_OK) Error_Handler();
             ^~~
In file included from c:\ac6\systemworkbench\plugins\fr.ac6.mcu.externaltools.arm-none.win32_1.15.0.201708311556\tools\compiler\arm-none-eabi\include\stdio.h:29:0,
                 from C:/PM/PM/stm32workspace/CAN_F3/Drivers/STM32F3xx_HAL_Driver/Inc/stm32f3xx_hal_def.h:50,
                 from C:/PM/PM/stm32workspace/CAN_F3/Drivers/STM32F3xx_HAL_Driver/Inc/stm32f3xx_hal_rcc.h:45,
                 from C:/PM/PM/stm32workspace/CAN_F3/Inc/stm32f3xx_hal_conf.h:196,
                 from C:/PM/PM/stm32workspace/CAN_F3/Drivers/STM32F3xx_HAL_Driver/Inc/stm32f3xx_hal.h:46,
                 from C:/PM/PM/stm32workspace/CAN_F3/Src/main.c:41:
c:\ac6\systemworkbench\plugins\fr.ac6.mcu.externaltools.arm-none.win32_1.15.0.201708311556\tools\compiler\arm-none-eabi\include\stdio.h:244:5: note: expected 'char * restrict' but argument is of type 'unsigned char *'
 int _EXFUN(sprintf, (char *__restrict, const char *__restrict, ...)
     ^
C:/PM/PM/stm32workspace/CAN_F3/Src/main.c:204:17: warning: too many arguments for format [-Wformat-extra-args]
   j=sprintf(tab,"6\n",i); if(HAL_UART_Transmit(&huart2, (uint8_t *)&tab,j,5000)!= HAL_OK) Error_Handler();
                 ^~~~~
C:/PM/PM/stm32workspace/CAN_F3/Src/main.c:209:14: warning: pointer targets in passing argument 1 of 'sprintf' differ in signedness [-Wpointer-sign]
    j=sprintf(tab,"error\n",i); if(HAL_UART_Transmit(&huart2, (uint8_t *)&tab,j,5000)!= HAL_OK) Error_Handler();
              ^~~
In file included from c:\ac6\systemworkbench\plugins\fr.ac6.mcu.externaltools.arm-none.win32_1.15.0.201708311556\tools\compiler\arm-none-eabi\include\stdio.h:29:0,
                 from C:/PM/PM/stm32workspace/CAN_F3/Drivers/STM32F3xx_HAL_Driver/Inc/stm32f3xx_hal_def.h:50,
                 from C:/PM/PM/stm32workspace/CAN_F3/Drivers/STM32F3xx_HAL_Driver/Inc/stm32f3xx_hal_rcc.h:45,
                 from C:/PM/PM/stm32workspace/CAN_F3/Inc/stm32f3xx_hal_conf.h:196,
                 from C:/PM/PM/stm32workspace/CAN_F3/Drivers/STM32F3xx_HAL_Driver/Inc/stm32f3xx_hal.h:46,
                 from C:/PM/PM/stm32workspace/CAN_F3/Src/main.c:41:
c:\ac6\systemworkbench\plugins\fr.ac6.mcu.externaltools.arm-none.win32_1.15.0.201708311556\tools\compiler\arm-none-eabi\include\stdio.h:244:5: note: expected 'char * restrict' but argument is of type 'unsigned char *'
 int _EXFUN(sprintf, (char *__restrict, const char *__restrict, ...)
     ^
C:/PM/PM/stm32workspace/CAN_F3/Src/main.c:209:18: warning: too many arguments for format [-Wformat-extra-args]
    j=sprintf(tab,"error\n",i); if(HAL_UART_Transmit(&huart2, (uint8_t *)&tab,j,5000)!= HAL_OK) Error_Handler();
                  ^~~~~~~~~
C:/PM/PM/stm32workspace/CAN_F3/Src/main.c:212:13: warning: pointer targets in passing argument 1 of 'sprintf' differ in signedness [-Wpointer-sign]
   j=sprintf(tab,"7\n",i); if(HAL_UART_Transmit(&huart2, (uint8_t *)&tab,j,5000)!= HAL_OK) Error_Handler();
             ^~~
In file included from c:\ac6\systemworkbench\plugins\fr.ac6.mcu.externaltools.arm-none.win32_1.15.0.201708311556\tools\compiler\arm-none-eabi\include\stdio.h:29:0,
                 from C:/PM/PM/stm32workspace/CAN_F3/Drivers/STM32F3xx_HAL_Driver/Inc/stm32f3xx_hal_def.h:50,
                 from C:/PM/PM/stm32workspace/CAN_F3/Drivers/STM32F3xx_HAL_Driver/Inc/stm32f3xx_hal_rcc.h:45,
                 from C:/PM/PM/stm32workspace/CAN_F3/Inc/stm32f3xx_hal_conf.h:196,
                 from C:/PM/PM/stm32workspace/CAN_F3/Drivers/STM32F3xx_HAL_Driver/Inc/stm32f3xx_hal.h:46,
                 from C:/PM/PM/stm32workspace/CAN_F3/Src/main.c:41:
c:\ac6\systemworkbench\plugins\fr.ac6.mcu.externaltools.arm-none.win32_1.15.0.201708311556\tools\compiler\arm-none-eabi\include\stdio.h:244:5: note: expected 'char * restrict' but argument is of type 'unsigned char *'
 int _EXFUN(sprintf, (char *__restrict, const char *__restrict, ...)
     ^
C:/PM/PM/stm32workspace/CAN_F3/Src/main.c:212:17: warning: too many arguments for format [-Wformat-extra-args]
   j=sprintf(tab,"7\n",i); if(HAL_UART_Transmit(&huart2, (uint8_t *)&tab,j,5000)!= HAL_OK) Error_Handler();
                 ^~~~~
C:/PM/PM/stm32workspace/CAN_F3/Src/main.c:216:14: warning: pointer targets in passing argument 1 of 'sprintf' differ in signedness [-Wpointer-sign]
    j=sprintf(tab,"error\n",i); if(HAL_UART_Transmit(&huart2, (uint8_t *)&tab,j,5000)!= HAL_OK) Error_Handler();
              ^~~
In file included from c:\ac6\systemworkbench\plugins\fr.ac6.mcu.externaltools.arm-none.win32_1.15.0.201708311556\tools\compiler\arm-none-eabi\include\stdio.h:29:0,
                 from C:/PM/PM/stm32workspace/CAN_F3/Drivers/STM32F3xx_HAL_Driver/Inc/stm32f3xx_hal_def.h:50,
                 from C:/PM/PM/stm32workspace/CAN_F3/Drivers/STM32F3xx_HAL_Driver/Inc/stm32f3xx_hal_rcc.h:45,
                 from C:/PM/PM/stm32workspace/CAN_F3/Inc/stm32f3xx_hal_conf.h:196,
                 from C:/PM/PM/stm32workspace/CAN_F3/Drivers/STM32F3xx_HAL_Driver/Inc/stm32f3xx_hal.h:46,
                 from C:/PM/PM/stm32workspace/CAN_F3/Src/main.c:41:
c:\ac6\systemworkbench\plugins\fr.ac6.mcu.externaltools.arm-none.win32_1.15.0.201708311556\tools\compiler\arm-none-eabi\include\stdio.h:244:5: note: expected 'char * restrict' but argument is of type 'unsigned char *'
 int _EXFUN(sprintf, (char *__restrict, const char *__restrict, ...)
     ^
C:/PM/PM/stm32workspace/CAN_F3/Src/main.c:216:18: warning: too many arguments for format [-Wformat-extra-args]
    j=sprintf(tab,"error\n",i); if(HAL_UART_Transmit(&huart2, (uint8_t *)&tab,j,5000)!= HAL_OK) Error_Handler();
                  ^~~~~~~~~
C:/PM/PM/stm32workspace/CAN_F3/Src/main.c:223:14: warning: pointer targets in passing argument 1 of 'sprintf' differ in signedness [-Wpointer-sign]
    j=sprintf(tab,"error\n",i); if(HAL_UART_Transmit(&huart2, (uint8_t *)&tab,j,5000)!= HAL_OK) Error_Handler();
              ^~~
In file included from c:\ac6\systemworkbench\plugins\fr.ac6.mcu.externaltools.arm-none.win32_1.15.0.201708311556\tools\compiler\arm-none-eabi\include\stdio.h:29:0,
                 from C:/PM/PM/stm32workspace/CAN_F3/Drivers/STM32F3xx_HAL_Driver/Inc/stm32f3xx_hal_def.h:50,
                 from C:/PM/PM/stm32workspace/CAN_F3/Drivers/STM32F3xx_HAL_Driver/Inc/stm32f3xx_hal_rcc.h:45,
                 from C:/PM/PM/stm32workspace/CAN_F3/Inc/stm32f3xx_hal_conf.h:196,
                 from C:/PM/PM/stm32workspace/CAN_F3/Drivers/STM32F3xx_HAL_Driver/Inc/stm32f3xx_hal.h:46,
                 from C:/PM/PM/stm32workspace/CAN_F3/Src/main.c:41:
c:\ac6\systemworkbench\plugins\fr.ac6.mcu.externaltools.arm-none.win32_1.15.0.201708311556\tools\compiler\arm-none-eabi\include\stdio.h:244:5: note: expected 'char * restrict' but argument is of type 'unsigned char *'
 int _EXFUN(sprintf, (char *__restrict, const char *__restrict, ...)
     ^
C:/PM/PM/stm32workspace/CAN_F3/Src/main.c:223:18: warning: too many arguments for format [-Wformat-extra-args]
    j=sprintf(tab,"error\n",i); if(HAL_UART_Transmit(&huart2, (uint8_t *)&tab,j,5000)!= HAL_OK) Error_Handler();
                  ^~~~~~~~~
C:/PM/PM/stm32workspace/CAN_F3/Src/main.c:226:13: warning: pointer targets in passing argument 1 of 'sprintf' differ in signedness [-Wpointer-sign]
   j=sprintf(tab,"odebrano\n",i); if(HAL_UART_Transmit(&huart2, (uint8_t *)&tab,j,5000)!= HAL_OK) Error_Handler();
             ^~~
In file included from c:\ac6\systemworkbench\plugins\fr.ac6.mcu.externaltools.arm-none.win32_1.15.0.201708311556\tools\compiler\arm-none-eabi\include\stdio.h:29:0,
                 from C:/PM/PM/stm32workspace/CAN_F3/Drivers/STM32F3xx_HAL_Driver/Inc/stm32f3xx_hal_def.h:50,
                 from C:/PM/PM/stm32workspace/CAN_F3/Drivers/STM32F3xx_HAL_Driver/Inc/stm32f3xx_hal_rcc.h:45,
                 from C:/PM/PM/stm32workspace/CAN_F3/Inc/stm32f3xx_hal_conf.h:196,
                 from C:/PM/PM/stm32workspace/CAN_F3/Drivers/STM32F3xx_HAL_Driver/Inc/stm32f3xx_hal.h:46,
                 from C:/PM/PM/stm32workspace/CAN_F3/Src/main.c:41:
c:\ac6\systemworkbench\plugins\fr.ac6.mcu.externaltools.arm-none.win32_1.15.0.201708311556\tools\compiler\arm-none-eabi\include\stdio.h:244:5: note: expected 'char * restrict' but argument is of type 'unsigned char *'
 int _EXFUN(sprintf, (char *__restrict, const char *__restrict, ...)
     ^
C:/PM/PM/stm32workspace/CAN_F3/Src/main.c:226:17: warning: too many arguments for format [-Wformat-extra-args]
   j=sprintf(tab,"odebrano\n",i); if(HAL_UART_Transmit(&huart2, (uint8_t *)&tab,j,5000)!= HAL_OK) Error_Handler();
                 ^~~~~~~~~~~~
C:/PM/PM/stm32workspace/CAN_F3/Src/main.c:230:14: warning: pointer targets in passing argument 1 of 'sprintf' differ in signedness [-Wpointer-sign]
    j=sprintf(tab,"error\n",i); if(HAL_UART_Transmit(&huart2, (uint8_t *)&tab,j,5000)!= HAL_OK) Error_Handler();
              ^~~
In file included from c:\ac6\systemworkbench\plugins\fr.ac6.mcu.externaltools.arm-none.win32_1.15.0.201708311556\tools\compiler\arm-none-eabi\include\stdio.h:29:0,
                 from C:/PM/PM/stm32workspace/CAN_F3/Drivers/STM32F3xx_HAL_Driver/Inc/stm32f3xx_hal_def.h:50,
                 from C:/PM/PM/stm32workspace/CAN_F3/Drivers/STM32F3xx_HAL_Driver/Inc/stm32f3xx_hal_rcc.h:45,
                 from C:/PM/PM/stm32workspace/CAN_F3/Inc/stm32f3xx_hal_conf.h:196,
                 from C:/PM/PM/stm32workspace/CAN_F3/Drivers/STM32F3xx_HAL_Driver/Inc/stm32f3xx_hal.h:46,
                 from C:/PM/PM/stm32workspace/CAN_F3/Src/main.c:41:
c:\ac6\systemworkbench\plugins\fr.ac6.mcu.externaltools.arm-none.win32_1.15.0.201708311556\tools\compiler\arm-none-eabi\include\stdio.h:244:5: note: expected 'char * restrict' but argument is of type 'unsigned char *'
 int _EXFUN(sprintf, (char *__restrict, const char *__restrict, ...)
     ^
C:/PM/PM/stm32workspace/CAN_F3/Src/main.c:230:18: warning: too many arguments for format [-Wformat-extra-args]
    j=sprintf(tab,"error\n",i); if(HAL_UART_Transmit(&huart2, (uint8_t *)&tab,j,5000)!= HAL_OK) Error_Handler();
                  ^~~~~~~~~
C:/PM/PM/stm32workspace/CAN_F3/Src/main.c:235:14: warning: pointer targets in passing argument 1 of 'sprintf' differ in signedness [-Wpointer-sign]
    j=sprintf(tab,"error\n",i); if(HAL_UART_Transmit(&huart2, (uint8_t *)&tab,j,5000)!= HAL_OK) Error_Handler();
              ^~~
In file included from c:\ac6\systemworkbench\plugins\fr.ac6.mcu.externaltools.arm-none.win32_1.15.0.201708311556\tools\compiler\arm-none-eabi\include\stdio.h:29:0,
                 from C:/PM/PM/stm32workspace/CAN_F3/Drivers/STM32F3xx_HAL_Driver/Inc/stm32f3xx_hal_def.h:50,
                 from C:/PM/PM/stm32workspace/CAN_F3/Drivers/STM32F3xx_HAL_Driver/Inc/stm32f3xx_hal_rcc.h:45,
                 from C:/PM/PM/stm32workspace/CAN_F3/Inc/stm32f3xx_hal_conf.h:196,
                 from C:/PM/PM/stm32workspace/CAN_F3/Drivers/STM32F3xx_HAL_Driver/Inc/stm32f3xx_hal.h:46,
                 from C:/PM/PM/stm32workspace/CAN_F3/Src/main.c:41:
c:\ac6\systemworkbench\plugins\fr.ac6.mcu.externaltools.arm-none.win32_1.15.0.201708311556\tools\compiler\arm-none-eabi\include\stdio.h:244:5: note: expected 'char * restrict' but argument is of type 'unsigned char *'
 int _EXFUN(sprintf, (char *__restrict, const char *__restrict, ...)
     ^
C:/PM/PM/stm32workspace/CAN_F3/Src/main.c:235:18: warning: too many arguments for format [-Wformat-extra-args]
    j=sprintf(tab,"error\n",i); if(HAL_UART_Transmit(&huart2, (uint8_t *)&tab,j,5000)!= HAL_OK) Error_Handler();
                  ^~~~~~~~~
C:/PM/PM/stm32workspace/CAN_F3/Src/main.c:240:14: warning: pointer targets in passing argument 1 of 'sprintf' differ in signedness [-Wpointer-sign]
    j=sprintf(tab,"error\n",i); if(HAL_UART_Transmit(&huart2, (uint8_t *)&tab,j,5000)!= HAL_OK) Error_Handler();
              ^~~
In file included from c:\ac6\systemworkbench\plugins\fr.ac6.mcu.externaltools.arm-none.win32_1.15.0.201708311556\tools\compiler\arm-none-eabi\include\stdio.h:29:0,
                 from C:/PM/PM/stm32workspace/CAN_F3/Drivers/STM32F3xx_HAL_Driver/Inc/stm32f3xx_hal_def.h:50,
                 from C:/PM/PM/stm32workspace/CAN_F3/Drivers/STM32F3xx_HAL_Driver/Inc/stm32f3xx_hal_rcc.h:45,
                 from C:/PM/PM/stm32workspace/CAN_F3/Inc/stm32f3xx_hal_conf.h:196,
                 from C:/PM/PM/stm32workspace/CAN_F3/Drivers/STM32F3xx_HAL_Driver/Inc/stm32f3xx_hal.h:46,
                 from C:/PM/PM/stm32workspace/CAN_F3/Src/main.c:41:
c:\ac6\systemworkbench\plugins\fr.ac6.mcu.externaltools.arm-none.win32_1.15.0.201708311556\tools\compiler\arm-none-eabi\include\stdio.h:244:5: note: expected 'char * restrict' but argument is of type 'unsigned char *'
 int _EXFUN(sprintf, (char *__restrict, const char *__restrict, ...)
     ^
C:/PM/PM/stm32workspace/CAN_F3/Src/main.c:240:18: warning: too many arguments for format [-Wformat-extra-args]
    j=sprintf(tab,"error\n",i); if(HAL_UART_Transmit(&huart2, (uint8_t *)&tab,j,5000)!= HAL_OK) Error_Handler();
                  ^~~~~~~~~
C:/PM/PM/stm32workspace/CAN_F3/Src/main.c:245:14: warning: pointer targets in passing argument 1 of 'sprintf' differ in signedness [-Wpointer-sign]
    j=sprintf(tab,"error\n",i); if(HAL_UART_Transmit(&huart2, (uint8_t *)&tab,j,5000)!= HAL_OK) Error_Handler();
              ^~~
In file included from c:\ac6\systemworkbench\plugins\fr.ac6.mcu.externaltools.arm-none.win32_1.15.0.201708311556\tools\compiler\arm-none-eabi\include\stdio.h:29:0,
                 from C:/PM/PM/stm32workspace/CAN_F3/Drivers/STM32F3xx_HAL_Driver/Inc/stm32f3xx_hal_def.h:50,
                 from C:/PM/PM/stm32workspace/CAN_F3/Drivers/STM32F3xx_HAL_Driver/Inc/stm32f3xx_hal_rcc.h:45,
                 from C:/PM/PM/stm32workspace/CAN_F3/Inc/stm32f3xx_hal_conf.h:196,
                 from C:/PM/PM/stm32workspace/CAN_F3/Drivers/STM32F3xx_HAL_Driver/Inc/stm32f3xx_hal.h:46,
                 from C:/PM/PM/stm32workspace/CAN_F3/Src/main.c:41:
c:\ac6\systemworkbench\plugins\fr.ac6.mcu.externaltools.arm-none.win32_1.15.0.201708311556\tools\compiler\arm-none-eabi\include\stdio.h:244:5: note: expected 'char * restrict' but argument is of type 'unsigned char *'
 int _EXFUN(sprintf, (char *__restrict, const char *__restrict, ...)
     ^
C:/PM/PM/stm32workspace/CAN_F3/Src/main.c:245:18: warning: too many arguments for format [-Wformat-extra-args]
    j=sprintf(tab,"error\n",i); if(HAL_UART_Transmit(&huart2, (uint8_t *)&tab,j,5000)!= HAL_OK) Error_Handler();
                  ^~~~~~~~~
C:/PM/PM/stm32workspace/CAN_F3/Src/main.c:248:13: warning: pointer targets in passing argument 1 of 'sprintf' differ in signedness [-Wpointer-sign]
   j=sprintf(tab,"9\n",i); if(HAL_UART_Transmit(&huart2, (uint8_t *)&tab,j,5000)!= HAL_OK) Error_Handler();
             ^~~
In file included from c:\ac6\systemworkbench\plugins\fr.ac6.mcu.externaltools.arm-none.win32_1.15.0.201708311556\tools\compiler\arm-none-eabi\include\stdio.h:29:0,
                 from C:/PM/PM/stm32workspace/CAN_F3/Drivers/STM32F3xx_HAL_Driver/Inc/stm32f3xx_hal_def.h:50,
                 from C:/PM/PM/stm32workspace/CAN_F3/Drivers/STM32F3xx_HAL_Driver/Inc/stm32f3xx_hal_rcc.h:45,
                 from C:/PM/PM/stm32workspace/CAN_F3/Inc/stm32f3xx_hal_conf.h:196,
                 from C:/PM/PM/stm32workspace/CAN_F3/Drivers/STM32F3xx_HAL_Driver/Inc/stm32f3xx_hal.h:46,
                 from C:/PM/PM/stm32workspace/CAN_F3/Src/main.c:41:
c:\ac6\systemworkbench\plugins\fr.ac6.mcu.externaltools.arm-none.win32_1.15.0.201708311556\tools\compiler\arm-none-eabi\include\stdio.h:244:5: note: expected 'char * restrict' but argument is of type 'unsigned char *'
 int _EXFUN(sprintf, (char *__restrict, const char *__restrict, ...)
     ^
C:/PM/PM/stm32workspace/CAN_F3/Src/main.c:248:17: warning: too many arguments for format [-Wformat-extra-args]
   j=sprintf(tab,"9\n",i); if(HAL_UART_Transmit(&huart2, (uint8_t *)&tab,j,5000)!= HAL_OK) Error_Handler();
                 ^~~~~
C:/PM/PM/stm32workspace/CAN_F3/Src/main.c:254:14: warning: pointer targets in passing argument 1 of 'sprintf' differ in signedness [-Wpointer-sign]
    j=sprintf(tab,"can[0]=%i can[1]=%i\n",RxMessage.Data[0],RxMessage.Data[1]); if(HAL_UART_Transmit(&huart2, (uint8_t *)&tab,j,5000)!= HAL_OK) Error_Handler();
              ^~~
In file included from c:\ac6\systemworkbench\plugins\fr.ac6.mcu.externaltools.arm-none.win32_1.15.0.201708311556\tools\compiler\arm-none-eabi\include\stdio.h:29:0,
                 from C:/PM/PM/stm32workspace/CAN_F3/Drivers/STM32F3xx_HAL_Driver/Inc/stm32f3xx_hal_def.h:50,
                 from C:/PM/PM/stm32workspace/CAN_F3/Drivers/STM32F3xx_HAL_Driver/Inc/stm32f3xx_hal_rcc.h:45,
                 from C:/PM/PM/stm32workspace/CAN_F3/Inc/stm32f3xx_hal_conf.h:196,
                 from C:/PM/PM/stm32workspace/CAN_F3/Drivers/STM32F3xx_HAL_Driver/Inc/stm32f3xx_hal.h:46,
                 from C:/PM/PM/stm32workspace/CAN_F3/Src/main.c:41:
c:\ac6\systemworkbench\plugins\fr.ac6.mcu.externaltools.arm-none.win32_1.15.0.201708311556\tools\compiler\arm-none-eabi\include\stdio.h:244:5: note: expected 'char * restrict' but argument is of type 'unsigned char *'
 int _EXFUN(sprintf, (char *__restrict, const char *__restrict, ...)
     ^
C:/PM/PM/stm32workspace/CAN_F3/Src/main.c:257:13: warning: pointer targets in passing argument 1 of 'sprintf' differ in signedness [-Wpointer-sign]
   j=sprintf(tab,"Koniec!\n",i); if(HAL_UART_Transmit(&huart2, (uint8_t *)&tab,j,5000)!= HAL_OK) Error_Handler();
             ^~~
In file included from c:\ac6\systemworkbench\plugins\fr.ac6.mcu.externaltools.arm-none.win32_1.15.0.201708311556\tools\compiler\arm-none-eabi\include\stdio.h:29:0,
                 from C:/PM/PM/stm32workspace/CAN_F3/Drivers/STM32F3xx_HAL_Driver/Inc/stm32f3xx_hal_def.h:50,
                 from C:/PM/PM/stm32workspace/CAN_F3/Drivers/STM32F3xx_HAL_Driver/Inc/stm32f3xx_hal_rcc.h:45,
                 from C:/PM/PM/stm32workspace/CAN_F3/Inc/stm32f3xx_hal_conf.h:196,
                 from C:/PM/PM/stm32workspace/CAN_F3/Drivers/STM32F3xx_HAL_Driver/Inc/stm32f3xx_hal.h:46,
                 from C:/PM/PM/stm32workspace/CAN_F3/Src/main.c:41:
c:\ac6\systemworkbench\plugins\fr.ac6.mcu.externaltools.arm-none.win32_1.15.0.201708311556\tools\compiler\arm-none-eabi\include\stdio.h:244:5: note: expected 'char * restrict' but argument is of type 'unsigned char *'
 int _EXFUN(sprintf, (char *__restrict, const char *__restrict, ...)
     ^
C:/PM/PM/stm32workspace/CAN_F3/Src/main.c:257:17: warning: too many arguments for format [-Wformat-extra-args]
   j=sprintf(tab,"Koniec!\n",i); if(HAL_UART_Transmit(&huart2, (uint8_t *)&tab,j,5000)!= HAL_OK) Error_Handler();
                 ^~~~~~~~~~~
C:/PM/PM/stm32workspace/CAN_F3/Src/main.c:273:14: warning: pointer targets in passing argument 1 of 'sprintf' differ in signedness [-Wpointer-sign]
    j=sprintf(tab,"Send: %i\n",i); if(HAL_UART_Transmit(&huart2, (uint8_t *)&tab,j,5000)!= HAL_OK) Error_Handler();
              ^~~
In file included from c:\ac6\systemworkbench\plugins\fr.ac6.mcu.externaltools.arm-none.win32_1.15.0.201708311556\tools\compiler\arm-none-eabi\include\stdio.h:29:0,
                 from C:/PM/PM/stm32workspace/CAN_F3/Drivers/STM32F3xx_HAL_Driver/Inc/stm32f3xx_hal_def.h:50,
                 from C:/PM/PM/stm32workspace/CAN_F3/Drivers/STM32F3xx_HAL_Driver/Inc/stm32f3xx_hal_rcc.h:45,
                 from C:/PM/PM/stm32workspace/CAN_F3/Inc/stm32f3xx_hal_conf.h:196,
                 from C:/PM/PM/stm32workspace/CAN_F3/Drivers/STM32F3xx_HAL_Driver/Inc/stm32f3xx_hal.h:46,
                 from C:/PM/PM/stm32workspace/CAN_F3/Src/main.c:41:
c:\ac6\systemworkbench\plugins\fr.ac6.mcu.externaltools.arm-none.win32_1.15.0.201708311556\tools\compiler\arm-none-eabi\include\stdio.h:244:5: note: expected 'char * restrict' but argument is of type 'unsigned char *'
 int _EXFUN(sprintf, (char *__restrict, const char *__restrict, ...)
     ^
C:/PM/PM/stm32workspace/CAN_F3/Src/main.c:276:14: warning: pointer targets in passing argument 1 of 'sprintf' differ in signedness [-Wpointer-sign]
    j=sprintf(tab,"CANval: %i \n",RxData); if(HAL_UART_Transmit(&huart2, (uint8_t *)&tab,j,5000)!= HAL_OK) Error_Handler();
              ^~~
In file included from c:\ac6\systemworkbench\plugins\fr.ac6.mcu.externaltools.arm-none.win32_1.15.0.201708311556\tools\compiler\arm-none-eabi\include\stdio.h:29:0,
                 from C:/PM/PM/stm32workspace/CAN_F3/Drivers/STM32F3xx_HAL_Driver/Inc/stm32f3xx_hal_def.h:50,
                 from C:/PM/PM/stm32workspace/CAN_F3/Drivers/STM32F3xx_HAL_Driver/Inc/stm32f3xx_hal_rcc.h:45,
                 from C:/PM/PM/stm32workspace/CAN_F3/Inc/stm32f3xx_hal_conf.h:196,
                 from C:/PM/PM/stm32workspace/CAN_F3/Drivers/STM32F3xx_HAL_Driver/Inc/stm32f3xx_hal.h:46,
                 from C:/PM/PM/stm32workspace/CAN_F3/Src/main.c:41:
c:\ac6\systemworkbench\plugins\fr.ac6.mcu.externaltools.arm-none.win32_1.15.0.201708311556\tools\compiler\arm-none-eabi\include\stdio.h:244:5: note: expected 'char * restrict' but argument is of type 'unsigned char *'
 int _EXFUN(sprintf, (char *__restrict, const char *__restrict, ...)
     ^
Finished building: C:/PM/PM/stm32workspace/CAN_F3/Src/main.c
 
Building file: C:/PM/PM/stm32workspace/CAN_F3/Src/stm32f3xx_hal_msp.c
Invoking: MCU GCC Compiler
C:\PM\PM\stm32workspace\CAN_F3\SW4STM32\CAN_F3\Debug
arm-none-eabi-gcc -mcpu=cortex-m4 -mthumb -mfloat-abi=hard -mfpu=fpv4-sp-d16 '-D__weak=__attribute__((weak))' '-D__packed=__attribute__((__packed__))' -DUSE_HAL_DRIVER -DSTM32F303xE -I"C:/PM/PM/stm32workspace/CAN_F3/Inc" -I"C:/PM/PM/stm32workspace/CAN_F3/Drivers/STM32F3xx_HAL_Driver/Inc" -I"C:/PM/PM/stm32workspace/CAN_F3/Drivers/STM32F3xx_HAL_Driver/Inc/Legacy" -I"C:/PM/PM/stm32workspace/CAN_F3/Drivers/CMSIS/Device/ST/STM32F3xx/Include" -I"C:/PM/PM/stm32workspace/CAN_F3/Drivers/CMSIS/Include"  -Og -g3 -Wall -fmessage-length=0 -ffunction-sections -c -fmessage-length=0 -MMD -MP -MF"Application/User/stm32f3xx_hal_msp.d" -MT"Application/User/stm32f3xx_hal_msp.o" -o "Application/User/stm32f3xx_hal_msp.o" "C:/PM/PM/stm32workspace/CAN_F3/Src/stm32f3xx_hal_msp.c"
Finished building: C:/PM/PM/stm32workspace/CAN_F3/Src/stm32f3xx_hal_msp.c
 
Building file: C:/PM/PM/stm32workspace/CAN_F3/Src/stm32f3xx_it.c
Invoking: MCU GCC Compiler
C:\PM\PM\stm32workspace\CAN_F3\SW4STM32\CAN_F3\Debug
arm-none-eabi-gcc -mcpu=cortex-m4 -mthumb -mfloat-abi=hard -mfpu=fpv4-sp-d16 '-D__weak=__attribute__((weak))' '-D__packed=__attribute__((__packed__))' -DUSE_HAL_DRIVER -DSTM32F303xE -I"C:/PM/PM/stm32workspace/CAN_F3/Inc" -I"C:/PM/PM/stm32workspace/CAN_F3/Drivers/STM32F3xx_HAL_Driver/Inc" -I"C:/PM/PM/stm32workspace/CAN_F3/Drivers/STM32F3xx_HAL_Driver/Inc/Legacy" -I"C:/PM/PM/stm32workspace/CAN_F3/Drivers/CMSIS/Device/ST/STM32F3xx/Include" -I"C:/PM/PM/stm32workspace/CAN_F3/Drivers/CMSIS/Include"  -Og -g3 -Wall -fmessage-length=0 -ffunction-sections -c -fmessage-length=0 -MMD -MP -MF"Application/User/stm32f3xx_it.d" -MT"Application/User/stm32f3xx_it.o" -o "Application/User/stm32f3xx_it.o" "C:/PM/PM/stm32workspace/CAN_F3/Src/stm32f3xx_it.c"
Finished building: C:/PM/PM/stm32workspace/CAN_F3/Src/stm32f3xx_it.c
 
Building file: C:/PM/PM/stm32workspace/CAN_F3/SW4STM32/startup_stm32f303xe.s
Invoking: MCU GCC Assembler
C:\PM\PM\stm32workspace\CAN_F3\SW4STM32\CAN_F3\Debug
arm-none-eabi-as -mcpu=cortex-m4 -mthumb -mfloat-abi=hard -mfpu=fpv4-sp-d16 -g -o "Application/SW4STM32/startup_stm32f303xe.o" "C:/PM/PM/stm32workspace/CAN_F3/SW4STM32/startup_stm32f303xe.s"
Finished building: C:/PM/PM/stm32workspace/CAN_F3/SW4STM32/startup_stm32f303xe.s
 
Building target: CAN_F3.elf
Invoking: MCU GCC Linker
arm-none-eabi-gcc -mcpu=cortex-m4 -mthumb -mfloat-abi=hard -mfpu=fpv4-sp-d16 -specs=nosys.specs -specs=nano.specs -T"../STM32F303RETx_FLASH.ld" -Wl,-Map=output.map -Wl,--gc-sections -o "CAN_F3.elf" @"objects.list"   -lm
Finished building target: CAN_F3.elf
 
make --no-print-directory post-build
Generating binary and Printing size information:
arm-none-eabi-objcopy -O binary "CAN_F3.elf" "CAN_F3.bin"
arm-none-eabi-size "CAN_F3.elf"
   text	   data	    bss	    dec	    hex	filename
  12572	    112	   1896	  14580	   38f4	CAN_F3.elf
 
07:52:45 **** Incremental Build of configuration Debug for project CAN_F3 ****
make all 
Building file: C:/PM/PM/stm32workspace/CAN_F3/Src/main.c
Invoking: MCU GCC Compiler
C:\PM\PM\stm32workspace\CAN_F3\SW4STM32\CAN_F3\Debug
arm-none-eabi-gcc -mcpu=cortex-m4 -mthumb -mfloat-abi=hard -mfpu=fpv4-sp-d16 '-D__weak=__attribute__((weak))' '-D__packed=__attribute__((__packed__))' -DUSE_HAL_DRIVER -DSTM32F303xE -I"C:/PM/PM/stm32workspace/CAN_F3/Inc" -I"C:/PM/PM/stm32workspace/CAN_F3/Drivers/STM32F3xx_HAL_Driver/Inc" -I"C:/PM/PM/stm32workspace/CAN_F3/Drivers/STM32F3xx_HAL_Driver/Inc/Legacy" -I"C:/PM/PM/stm32workspace/CAN_F3/Drivers/CMSIS/Device/ST/STM32F3xx/Include" -I"C:/PM/PM/stm32workspace/CAN_F3/Drivers/CMSIS/Include"  -Og -g3 -Wall -fmessage-length=0 -ffunction-sections -c -fmessage-length=0 -MMD -MP -MF"Application/User/main.d" -MT"Application/User/main.o" -o "Application/User/main.o" "C:/PM/PM/stm32workspace/CAN_F3/Src/main.c"
C:/PM/PM/stm32workspace/CAN_F3/Src/main.c: In function 'CAN_Rx':
C:/PM/PM/stm32workspace/CAN_F3/Src/main.c:77:8: warning: suggest parentheses around operand of '!' or change '&' to '&&' or '!' to '~' [-Wparentheses]
  while(!CAN->RF0R&3);
        ^~~~~~~~~~
C:/PM/PM/stm32workspace/CAN_F3/Src/main.c: In function 'main':
C:/PM/PM/stm32workspace/CAN_F3/Src/main.c:133:13: warning: pointer targets in passing argument 1 of 'sprintf' differ in signedness [-Wpointer-sign]
   j=sprintf(tab,"START\n",i); if(HAL_UART_Transmit(&huart2, (uint8_t *)&tab,j,5000)!= HAL_OK) Error_Handler();
             ^~~
In file included from c:\ac6\systemworkbench\plugins\fr.ac6.mcu.externaltools.arm-none.win32_1.15.0.201708311556\tools\compiler\arm-none-eabi\include\stdio.h:29:0,
                 from C:/PM/PM/stm32workspace/CAN_F3/Drivers/STM32F3xx_HAL_Driver/Inc/stm32f3xx_hal_def.h:50,
                 from C:/PM/PM/stm32workspace/CAN_F3/Drivers/STM32F3xx_HAL_Driver/Inc/stm32f3xx_hal_rcc.h:45,
                 from C:/PM/PM/stm32workspace/CAN_F3/Inc/stm32f3xx_hal_conf.h:196,
                 from C:/PM/PM/stm32workspace/CAN_F3/Drivers/STM32F3xx_HAL_Driver/Inc/stm32f3xx_hal.h:46,
                 from C:/PM/PM/stm32workspace/CAN_F3/Src/main.c:41:
c:\ac6\systemworkbench\plugins\fr.ac6.mcu.externaltools.arm-none.win32_1.15.0.201708311556\tools\compiler\arm-none-eabi\include\stdio.h:244:5: note: expected 'char * restrict' but argument is of type 'unsigned char *'
 int _EXFUN(sprintf, (char *__restrict, const char *__restrict, ...)
     ^
C:/PM/PM/stm32workspace/CAN_F3/Src/main.c:133:17: warning: too many arguments for format [-Wformat-extra-args]
   j=sprintf(tab,"START\n",i); if(HAL_UART_Transmit(&huart2, (uint8_t *)&tab,j,5000)!= HAL_OK) Error_Handler();
                 ^~~~~~~~~
C:/PM/PM/stm32workspace/CAN_F3/Src/main.c:139:13: warning: pointer targets in passing argument 1 of 'sprintf' differ in signedness [-Wpointer-sign]
   j=sprintf(tab,"1\n",i); if(HAL_UART_Transmit(&huart2, (uint8_t *)&tab,j,5000)!= HAL_OK) Error_Handler();
             ^~~
In file included from c:\ac6\systemworkbench\plugins\fr.ac6.mcu.externaltools.arm-none.win32_1.15.0.201708311556\tools\compiler\arm-none-eabi\include\stdio.h:29:0,
                 from C:/PM/PM/stm32workspace/CAN_F3/Drivers/STM32F3xx_HAL_Driver/Inc/stm32f3xx_hal_def.h:50,
                 from C:/PM/PM/stm32workspace/CAN_F3/Drivers/STM32F3xx_HAL_Driver/Inc/stm32f3xx_hal_rcc.h:45,
                 from C:/PM/PM/stm32workspace/CAN_F3/Inc/stm32f3xx_hal_conf.h:196,
                 from C:/PM/PM/stm32workspace/CAN_F3/Drivers/STM32F3xx_HAL_Driver/Inc/stm32f3xx_hal.h:46,
                 from C:/PM/PM/stm32workspace/CAN_F3/Src/main.c:41:
c:\ac6\systemworkbench\plugins\fr.ac6.mcu.externaltools.arm-none.win32_1.15.0.201708311556\tools\compiler\arm-none-eabi\include\stdio.h:244:5: note: expected 'char * restrict' but argument is of type 'unsigned char *'
 int _EXFUN(sprintf, (char *__restrict, const char *__restrict, ...)
     ^
C:/PM/PM/stm32workspace/CAN_F3/Src/main.c:139:17: warning: too many arguments for format [-Wformat-extra-args]
   j=sprintf(tab,"1\n",i); if(HAL_UART_Transmit(&huart2, (uint8_t *)&tab,j,5000)!= HAL_OK) Error_Handler();
                 ^~~~~
C:/PM/PM/stm32workspace/CAN_F3/Src/main.c:158:13: warning: pointer targets in passing argument 1 of 'sprintf' differ in signedness [-Wpointer-sign]
   j=sprintf(tab,"2\n",i); if(HAL_UART_Transmit(&huart2, (uint8_t *)&tab,j,5000)!= HAL_OK) Error_Handler();
             ^~~
In file included from c:\ac6\systemworkbench\plugins\fr.ac6.mcu.externaltools.arm-none.win32_1.15.0.201708311556\tools\compiler\arm-none-eabi\include\stdio.h:29:0,
                 from C:/PM/PM/stm32workspace/CAN_F3/Drivers/STM32F3xx_HAL_Driver/Inc/stm32f3xx_hal_def.h:50,
                 from C:/PM/PM/stm32workspace/CAN_F3/Drivers/STM32F3xx_HAL_Driver/Inc/stm32f3xx_hal_rcc.h:45,
                 from C:/PM/PM/stm32workspace/CAN_F3/Inc/stm32f3xx_hal_conf.h:196,
                 from C:/PM/PM/stm32workspace/CAN_F3/Drivers/STM32F3xx_HAL_Driver/Inc/stm32f3xx_hal.h:46,
                 from C:/PM/PM/stm32workspace/CAN_F3/Src/main.c:41:
c:\ac6\systemworkbench\plugins\fr.ac6.mcu.externaltools.arm-none.win32_1.15.0.201708311556\tools\compiler\arm-none-eabi\include\stdio.h:244:5: note: expected 'char * restrict' but argument is of type 'unsigned char *'
 int _EXFUN(sprintf, (char *__restrict, const char *__restrict, ...)
     ^
C:/PM/PM/stm32workspace/CAN_F3/Src/main.c:158:17: warning: too many arguments for format [-Wformat-extra-args]
   j=sprintf(tab,"2\n",i); if(HAL_UART_Transmit(&huart2, (uint8_t *)&tab,j,5000)!= HAL_OK) Error_Handler();
                 ^~~~~
C:/PM/PM/stm32workspace/CAN_F3/Src/main.c:163:14: warning: pointer targets in passing argument 1 of 'sprintf' differ in signedness [-Wpointer-sign]
    j=sprintf(tab,"error\n",i); if(HAL_UART_Transmit(&huart2, (uint8_t *)&tab,j,5000)!= HAL_OK) Error_Handler();
              ^~~
In file included from c:\ac6\systemworkbench\plugins\fr.ac6.mcu.externaltools.arm-none.win32_1.15.0.201708311556\tools\compiler\arm-none-eabi\include\stdio.h:29:0,
                 from C:/PM/PM/stm32workspace/CAN_F3/Drivers/STM32F3xx_HAL_Driver/Inc/stm32f3xx_hal_def.h:50,
                 from C:/PM/PM/stm32workspace/CAN_F3/Drivers/STM32F3xx_HAL_Driver/Inc/stm32f3xx_hal_rcc.h:45,
                 from C:/PM/PM/stm32workspace/CAN_F3/Inc/stm32f3xx_hal_conf.h:196,
                 from C:/PM/PM/stm32workspace/CAN_F3/Drivers/STM32F3xx_HAL_Driver/Inc/stm32f3xx_hal.h:46,
                 from C:/PM/PM/stm32workspace/CAN_F3/Src/main.c:41:
c:\ac6\systemworkbench\plugins\fr.ac6.mcu.externaltools.arm-none.win32_1.15.0.201708311556\tools\compiler\arm-none-eabi\include\stdio.h:244:5: note: expected 'char * restrict' but argument is of type 'unsigned char *'
 int _EXFUN(sprintf, (char *__restrict, const char *__restrict, ...)
     ^
C:/PM/PM/stm32workspace/CAN_F3/Src/main.c:163:18: warning: too many arguments for format [-Wformat-extra-args]
    j=sprintf(tab,"error\n",i); if(HAL_UART_Transmit(&huart2, (uint8_t *)&tab,j,5000)!= HAL_OK) Error_Handler();
                  ^~~~~~~~~
C:/PM/PM/stm32workspace/CAN_F3/Src/main.c:166:13: warning: pointer targets in passing argument 1 of 'sprintf' differ in signedness [-Wpointer-sign]
   j=sprintf(tab,"3\n",i); if(HAL_UART_Transmit(&huart2, (uint8_t *)&tab,j,5000)!= HAL_OK) Error_Handler();
             ^~~
In file included from c:\ac6\systemworkbench\plugins\fr.ac6.mcu.externaltools.arm-none.win32_1.15.0.201708311556\tools\compiler\arm-none-eabi\include\stdio.h:29:0,
                 from C:/PM/PM/stm32workspace/CAN_F3/Drivers/STM32F3xx_HAL_Driver/Inc/stm32f3xx_hal_def.h:50,
                 from C:/PM/PM/stm32workspace/CAN_F3/Drivers/STM32F3xx_HAL_Driver/Inc/stm32f3xx_hal_rcc.h:45,
                 from C:/PM/PM/stm32workspace/CAN_F3/Inc/stm32f3xx_hal_conf.h:196,
                 from C:/PM/PM/stm32workspace/CAN_F3/Drivers/STM32F3xx_HAL_Driver/Inc/stm32f3xx_hal.h:46,
                 from C:/PM/PM/stm32workspace/CAN_F3/Src/main.c:41:
c:\ac6\systemworkbench\plugins\fr.ac6.mcu.externaltools.arm-none.win32_1.15.0.201708311556\tools\compiler\arm-none-eabi\include\stdio.h:244:5: note: expected 'char * restrict' but argument is of type 'unsigned char *'
 int _EXFUN(sprintf, (char *__restrict, const char *__restrict, ...)
     ^
C:/PM/PM/stm32workspace/CAN_F3/Src/main.c:166:17: warning: too many arguments for format [-Wformat-extra-args]
   j=sprintf(tab,"3\n",i); if(HAL_UART_Transmit(&huart2, (uint8_t *)&tab,j,5000)!= HAL_OK) Error_Handler();
                 ^~~~~
C:/PM/PM/stm32workspace/CAN_F3/Src/main.c:183:13: warning: pointer targets in passing argument 1 of 'sprintf' differ in signedness [-Wpointer-sign]
   j=sprintf(tab,"4\n",i); if(HAL_UART_Transmit(&huart2, (uint8_t *)&tab,j,5000)!= HAL_OK) Error_Handler();
             ^~~
In file included from c:\ac6\systemworkbench\plugins\fr.ac6.mcu.externaltools.arm-none.win32_1.15.0.201708311556\tools\compiler\arm-none-eabi\include\stdio.h:29:0,
                 from C:/PM/PM/stm32workspace/CAN_F3/Drivers/STM32F3xx_HAL_Driver/Inc/stm32f3xx_hal_def.h:50,
                 from C:/PM/PM/stm32workspace/CAN_F3/Drivers/STM32F3xx_HAL_Driver/Inc/stm32f3xx_hal_rcc.h:45,
                 from C:/PM/PM/stm32workspace/CAN_F3/Inc/stm32f3xx_hal_conf.h:196,
                 from C:/PM/PM/stm32workspace/CAN_F3/Drivers/STM32F3xx_HAL_Driver/Inc/stm32f3xx_hal.h:46,
                 from C:/PM/PM/stm32workspace/CAN_F3/Src/main.c:41:
c:\ac6\systemworkbench\plugins\fr.ac6.mcu.externaltools.arm-none.win32_1.15.0.201708311556\tools\compiler\arm-none-eabi\include\stdio.h:244:5: note: expected 'char * restrict' but argument is of type 'unsigned char *'
 int _EXFUN(sprintf, (char *__restrict, const char *__restrict, ...)
     ^
C:/PM/PM/stm32workspace/CAN_F3/Src/main.c:183:17: warning: too many arguments for format [-Wformat-extra-args]
   j=sprintf(tab,"4\n",i); if(HAL_UART_Transmit(&huart2, (uint8_t *)&tab,j,5000)!= HAL_OK) Error_Handler();
                 ^~~~~
C:/PM/PM/stm32workspace/CAN_F3/Src/main.c:188:14: warning: pointer targets in passing argument 1 of 'sprintf' differ in signedness [-Wpointer-sign]
    j=sprintf(tab,"error\n",i); if(HAL_UART_Transmit(&huart2, (uint8_t *)&tab,j,5000)!= HAL_OK) Error_Handler();
              ^~~
In file included from c:\ac6\systemworkbench\plugins\fr.ac6.mcu.externaltools.arm-none.win32_1.15.0.201708311556\tools\compiler\arm-none-eabi\include\stdio.h:29:0,
                 from C:/PM/PM/stm32workspace/CAN_F3/Drivers/STM32F3xx_HAL_Driver/Inc/stm32f3xx_hal_def.h:50,
                 from C:/PM/PM/stm32workspace/CAN_F3/Drivers/STM32F3xx_HAL_Driver/Inc/stm32f3xx_hal_rcc.h:45,
                 from C:/PM/PM/stm32workspace/CAN_F3/Inc/stm32f3xx_hal_conf.h:196,
                 from C:/PM/PM/stm32workspace/CAN_F3/Drivers/STM32F3xx_HAL_Driver/Inc/stm32f3xx_hal.h:46,
                 from C:/PM/PM/stm32workspace/CAN_F3/Src/main.c:41:
c:\ac6\systemworkbench\plugins\fr.ac6.mcu.externaltools.arm-none.win32_1.15.0.201708311556\tools\compiler\arm-none-eabi\include\stdio.h:244:5: note: expected 'char * restrict' but argument is of type 'unsigned char *'
 int _EXFUN(sprintf, (char *__restrict, const char *__restrict, ...)
     ^
C:/PM/PM/stm32workspace/CAN_F3/Src/main.c:188:18: warning: too many arguments for format [-Wformat-extra-args]
    j=sprintf(tab,"error\n",i); if(HAL_UART_Transmit(&huart2, (uint8_t *)&tab,j,5000)!= HAL_OK) Error_Handler();
                  ^~~~~~~~~
C:/PM/PM/stm32workspace/CAN_F3/Src/main.c:191:13: warning: pointer targets in passing argument 1 of 'sprintf' differ in signedness [-Wpointer-sign]
   j=sprintf(tab,"5\n",i); if(HAL_UART_Transmit(&huart2, (uint8_t *)&tab,j,5000)!= HAL_OK) Error_Handler();
             ^~~
In file included from c:\ac6\systemworkbench\plugins\fr.ac6.mcu.externaltools.arm-none.win32_1.15.0.201708311556\tools\compiler\arm-none-eabi\include\stdio.h:29:0,
                 from C:/PM/PM/stm32workspace/CAN_F3/Drivers/STM32F3xx_HAL_Driver/Inc/stm32f3xx_hal_def.h:50,
                 from C:/PM/PM/stm32workspace/CAN_F3/Drivers/STM32F3xx_HAL_Driver/Inc/stm32f3xx_hal_rcc.h:45,
                 from C:/PM/PM/stm32workspace/CAN_F3/Inc/stm32f3xx_hal_conf.h:196,
                 from C:/PM/PM/stm32workspace/CAN_F3/Drivers/STM32F3xx_HAL_Driver/Inc/stm32f3xx_hal.h:46,
                 from C:/PM/PM/stm32workspace/CAN_F3/Src/main.c:41:
c:\ac6\systemworkbench\plugins\fr.ac6.mcu.externaltools.arm-none.win32_1.15.0.201708311556\tools\compiler\arm-none-eabi\include\stdio.h:244:5: note: expected 'char * restrict' but argument is of type 'unsigned char *'
 int _EXFUN(sprintf, (char *__restrict, const char *__restrict, ...)
     ^
C:/PM/PM/stm32workspace/CAN_F3/Src/main.c:191:17: warning: too many arguments for format [-Wformat-extra-args]
   j=sprintf(tab,"5\n",i); if(HAL_UART_Transmit(&huart2, (uint8_t *)&tab,j,5000)!= HAL_OK) Error_Handler();
                 ^~~~~
C:/PM/PM/stm32workspace/CAN_F3/Src/main.c:204:13: warning: pointer targets in passing argument 1 of 'sprintf' differ in signedness [-Wpointer-sign]
   j=sprintf(tab,"6\n",i); if(HAL_UART_Transmit(&huart2, (uint8_t *)&tab,j,5000)!= HAL_OK) Error_Handler();
             ^~~
In file included from c:\ac6\systemworkbench\plugins\fr.ac6.mcu.externaltools.arm-none.win32_1.15.0.201708311556\tools\compiler\arm-none-eabi\include\stdio.h:29:0,
                 from C:/PM/PM/stm32workspace/CAN_F3/Drivers/STM32F3xx_HAL_Driver/Inc/stm32f3xx_hal_def.h:50,
                 from C:/PM/PM/stm32workspace/CAN_F3/Drivers/STM32F3xx_HAL_Driver/Inc/stm32f3xx_hal_rcc.h:45,
                 from C:/PM/PM/stm32workspace/CAN_F3/Inc/stm32f3xx_hal_conf.h:196,
                 from C:/PM/PM/stm32workspace/CAN_F3/Drivers/STM32F3xx_HAL_Driver/Inc/stm32f3xx_hal.h:46,
                 from C:/PM/PM/stm32workspace/CAN_F3/Src/main.c:41:
c:\ac6\systemworkbench\plugins\fr.ac6.mcu.externaltools.arm-none.win32_1.15.0.201708311556\tools\compiler\arm-none-eabi\include\stdio.h:244:5: note: expected 'char * restrict' but argument is of type 'unsigned char *'
 int _EXFUN(sprintf, (char *__restrict, const char *__restrict, ...)
     ^
C:/PM/PM/stm32workspace/CAN_F3/Src/main.c:204:17: warning: too many arguments for format [-Wformat-extra-args]
   j=sprintf(tab,"6\n",i); if(HAL_UART_Transmit(&huart2, (uint8_t *)&tab,j,5000)!= HAL_OK) Error_Handler();
                 ^~~~~
C:/PM/PM/stm32workspace/CAN_F3/Src/main.c:209:14: warning: pointer targets in passing argument 1 of 'sprintf' differ in signedness [-Wpointer-sign]
    j=sprintf(tab,"error\n",i); if(HAL_UART_Transmit(&huart2, (uint8_t *)&tab,j,5000)!= HAL_OK) Error_Handler();
              ^~~
In file included from c:\ac6\systemworkbench\plugins\fr.ac6.mcu.externaltools.arm-none.win32_1.15.0.201708311556\tools\compiler\arm-none-eabi\include\stdio.h:29:0,
                 from C:/PM/PM/stm32workspace/CAN_F3/Drivers/STM32F3xx_HAL_Driver/Inc/stm32f3xx_hal_def.h:50,
                 from C:/PM/PM/stm32workspace/CAN_F3/Drivers/STM32F3xx_HAL_Driver/Inc/stm32f3xx_hal_rcc.h:45,
                 from C:/PM/PM/stm32workspace/CAN_F3/Inc/stm32f3xx_hal_conf.h:196,
                 from C:/PM/PM/stm32workspace/CAN_F3/Drivers/STM32F3xx_HAL_Driver/Inc/stm32f3xx_hal.h:46,
                 from C:/PM/PM/stm32workspace/CAN_F3/Src/main.c:41:
c:\ac6\systemworkbench\plugins\fr.ac6.mcu.externaltools.arm-none.win32_1.15.0.201708311556\tools\compiler\arm-none-eabi\include\stdio.h:244:5: note: expected 'char * restrict' but argument is of type 'unsigned char *'
 int _EXFUN(sprintf, (char *__restrict, const char *__restrict, ...)
     ^
C:/PM/PM/stm32workspace/CAN_F3/Src/main.c:209:18: warning: too many arguments for format [-Wformat-extra-args]
    j=sprintf(tab,"error\n",i); if(HAL_UART_Transmit(&huart2, (uint8_t *)&tab,j,5000)!= HAL_OK) Error_Handler();
                  ^~~~~~~~~
C:/PM/PM/stm32workspace/CAN_F3/Src/main.c:212:13: warning: pointer targets in passing argument 1 of 'sprintf' differ in signedness [-Wpointer-sign]
   j=sprintf(tab,"7\n",i); if(HAL_UART_Transmit(&huart2, (uint8_t *)&tab,j,5000)!= HAL_OK) Error_Handler();
             ^~~
In file included from c:\ac6\systemworkbench\plugins\fr.ac6.mcu.externaltools.arm-none.win32_1.15.0.201708311556\tools\compiler\arm-none-eabi\include\stdio.h:29:0,
                 from C:/PM/PM/stm32workspace/CAN_F3/Drivers/STM32F3xx_HAL_Driver/Inc/stm32f3xx_hal_def.h:50,
                 from C:/PM/PM/stm32workspace/CAN_F3/Drivers/STM32F3xx_HAL_Driver/Inc/stm32f3xx_hal_rcc.h:45,
                 from C:/PM/PM/stm32workspace/CAN_F3/Inc/stm32f3xx_hal_conf.h:196,
                 from C:/PM/PM/stm32workspace/CAN_F3/Drivers/STM32F3xx_HAL_Driver/Inc/stm32f3xx_hal.h:46,
                 from C:/PM/PM/stm32workspace/CAN_F3/Src/main.c:41:
c:\ac6\systemworkbench\plugins\fr.ac6.mcu.externaltools.arm-none.win32_1.15.0.201708311556\tools\compiler\arm-none-eabi\include\stdio.h:244:5: note: expected 'char * restrict' but argument is of type 'unsigned char *'
 int _EXFUN(sprintf, (char *__restrict, const char *__restrict, ...)
     ^
C:/PM/PM/stm32workspace/CAN_F3/Src/main.c:212:17: warning: too many arguments for format [-Wformat-extra-args]
   j=sprintf(tab,"7\n",i); if(HAL_UART_Transmit(&huart2, (uint8_t *)&tab,j,5000)!= HAL_OK) Error_Handler();
                 ^~~~~
C:/PM/PM/stm32workspace/CAN_F3/Src/main.c:216:14: warning: pointer targets in passing argument 1 of 'sprintf' differ in signedness [-Wpointer-sign]
    j=sprintf(tab,"error\n",i); if(HAL_UART_Transmit(&huart2, (uint8_t *)&tab,j,5000)!= HAL_OK) Error_Handler();
              ^~~
In file included from c:\ac6\systemworkbench\plugins\fr.ac6.mcu.externaltools.arm-none.win32_1.15.0.201708311556\tools\compiler\arm-none-eabi\include\stdio.h:29:0,
                 from C:/PM/PM/stm32workspace/CAN_F3/Drivers/STM32F3xx_HAL_Driver/Inc/stm32f3xx_hal_def.h:50,
                 from C:/PM/PM/stm32workspace/CAN_F3/Drivers/STM32F3xx_HAL_Driver/Inc/stm32f3xx_hal_rcc.h:45,
                 from C:/PM/PM/stm32workspace/CAN_F3/Inc/stm32f3xx_hal_conf.h:196,
                 from C:/PM/PM/stm32workspace/CAN_F3/Drivers/STM32F3xx_HAL_Driver/Inc/stm32f3xx_hal.h:46,
                 from C:/PM/PM/stm32workspace/CAN_F3/Src/main.c:41:
c:\ac6\systemworkbench\plugins\fr.ac6.mcu.externaltools.arm-none.win32_1.15.0.201708311556\tools\compiler\arm-none-eabi\include\stdio.h:244:5: note: expected 'char * restrict' but argument is of type 'unsigned char *'
 int _EXFUN(sprintf, (char *__restrict, const char *__restrict, ...)
     ^
C:/PM/PM/stm32workspace/CAN_F3/Src/main.c:216:18: warning: too many arguments for format [-Wformat-extra-args]
    j=sprintf(tab,"error\n",i); if(HAL_UART_Transmit(&huart2, (uint8_t *)&tab,j,5000)!= HAL_OK) Error_Handler();
                  ^~~~~~~~~
C:/PM/PM/stm32workspace/CAN_F3/Src/main.c:223:14: warning: pointer targets in passing argument 1 of 'sprintf' differ in signedness [-Wpointer-sign]
    j=sprintf(tab,"error\n",i); if(HAL_UART_Transmit(&huart2, (uint8_t *)&tab,j,5000)!= HAL_OK) Error_Handler();
              ^~~
In file included from c:\ac6\systemworkbench\plugins\fr.ac6.mcu.externaltools.arm-none.win32_1.15.0.201708311556\tools\compiler\arm-none-eabi\include\stdio.h:29:0,
                 from C:/PM/PM/stm32workspace/CAN_F3/Drivers/STM32F3xx_HAL_Driver/Inc/stm32f3xx_hal_def.h:50,
                 from C:/PM/PM/stm32workspace/CAN_F3/Drivers/STM32F3xx_HAL_Driver/Inc/stm32f3xx_hal_rcc.h:45,
                 from C:/PM/PM/stm32workspace/CAN_F3/Inc/stm32f3xx_hal_conf.h:196,
                 from C:/PM/PM/stm32workspace/CAN_F3/Drivers/STM32F3xx_HAL_Driver/Inc/stm32f3xx_hal.h:46,
                 from C:/PM/PM/stm32workspace/CAN_F3/Src/main.c:41:
c:\ac6\systemworkbench\plugins\fr.ac6.mcu.externaltools.arm-none.win32_1.15.0.201708311556\tools\compiler\arm-none-eabi\include\stdio.h:244:5: note: expected 'char * restrict' but argument is of type 'unsigned char *'
 int _EXFUN(sprintf, (char *__restrict, const char *__restrict, ...)
     ^
C:/PM/PM/stm32workspace/CAN_F3/Src/main.c:223:18: warning: too many arguments for format [-Wformat-extra-args]
    j=sprintf(tab,"error\n",i); if(HAL_UART_Transmit(&huart2, (uint8_t *)&tab,j,5000)!= HAL_OK) Error_Handler();
                  ^~~~~~~~~
C:/PM/PM/stm32workspace/CAN_F3/Src/main.c:226:13: warning: pointer targets in passing argument 1 of 'sprintf' differ in signedness [-Wpointer-sign]
   j=sprintf(tab,"odebrano\n",i); if(HAL_UART_Transmit(&huart2, (uint8_t *)&tab,j,5000)!= HAL_OK) Error_Handler();
             ^~~
In file included from c:\ac6\systemworkbench\plugins\fr.ac6.mcu.externaltools.arm-none.win32_1.15.0.201708311556\tools\compiler\arm-none-eabi\include\stdio.h:29:0,
                 from C:/PM/PM/stm32workspace/CAN_F3/Drivers/STM32F3xx_HAL_Driver/Inc/stm32f3xx_hal_def.h:50,
                 from C:/PM/PM/stm32workspace/CAN_F3/Drivers/STM32F3xx_HAL_Driver/Inc/stm32f3xx_hal_rcc.h:45,
                 from C:/PM/PM/stm32workspace/CAN_F3/Inc/stm32f3xx_hal_conf.h:196,
                 from C:/PM/PM/stm32workspace/CAN_F3/Drivers/STM32F3xx_HAL_Driver/Inc/stm32f3xx_hal.h:46,
                 from C:/PM/PM/stm32workspace/CAN_F3/Src/main.c:41:
c:\ac6\systemworkbench\plugins\fr.ac6.mcu.externaltools.arm-none.win32_1.15.0.201708311556\tools\compiler\arm-none-eabi\include\stdio.h:244:5: note: expected 'char * restrict' but argument is of type 'unsigned char *'
 int _EXFUN(sprintf, (char *__restrict, const char *__restrict, ...)
     ^
C:/PM/PM/stm32workspace/CAN_F3/Src/main.c:226:17: warning: too many arguments for format [-Wformat-extra-args]
   j=sprintf(tab,"odebrano\n",i); if(HAL_UART_Transmit(&huart2, (uint8_t *)&tab,j,5000)!= HAL_OK) Error_Handler();
                 ^~~~~~~~~~~~
C:/PM/PM/stm32workspace/CAN_F3/Src/main.c:230:14: warning: pointer targets in passing argument 1 of 'sprintf' differ in signedness [-Wpointer-sign]
    j=sprintf(tab,"error\n",i); if(HAL_UART_Transmit(&huart2, (uint8_t *)&tab,j,5000)!= HAL_OK) Error_Handler();
              ^~~
In file included from c:\ac6\systemworkbench\plugins\fr.ac6.mcu.externaltools.arm-none.win32_1.15.0.201708311556\tools\compiler\arm-none-eabi\include\stdio.h:29:0,
                 from C:/PM/PM/stm32workspace/CAN_F3/Drivers/STM32F3xx_HAL_Driver/Inc/stm32f3xx_hal_def.h:50,
                 from C:/PM/PM/stm32workspace/CAN_F3/Drivers/STM32F3xx_HAL_Driver/Inc/stm32f3xx_hal_rcc.h:45,
                 from C:/PM/PM/stm32workspace/CAN_F3/Inc/stm32f3xx_hal_conf.h:196,
                 from C:/PM/PM/stm32workspace/CAN_F3/Drivers/STM32F3xx_HAL_Driver/Inc/stm32f3xx_hal.h:46,
                 from C:/PM/PM/stm32workspace/CAN_F3/Src/main.c:41:
[...]
 
16:55:26 **** Incremental Build of configuration Debug for project CAN_F302R8 ****
make all 
Building file: C:/PM/PM/stm32workspace/CAN_F302R8/Src/main.c
Invoking: MCU GCC Compiler
C:\PM\PM\stm32workspace\CAN_F302R8\SW4STM32\CAN_F302R8\Debug
arm-none-eabi-gcc -mcpu=cortex-m4 -mthumb -mfloat-abi=hard -mfpu=fpv4-sp-d16 '-D__weak=__attribute__((weak))' '-D__packed=__attribute__((__packed__))' -DUSE_HAL_DRIVER -DSTM32F302x8 -I"C:/PM/PM/stm32workspace/CAN_F302R8/Inc" -I"C:/PM/PM/stm32workspace/CAN_F302R8/Drivers/STM32F3xx_HAL_Driver/Inc" -I"C:/PM/PM/stm32workspace/CAN_F302R8/Drivers/STM32F3xx_HAL_Driver/Inc/Legacy" -I"C:/PM/PM/stm32workspace/CAN_F302R8/Drivers/CMSIS/Device/ST/STM32F3xx/Include" -I"C:/PM/PM/stm32workspace/CAN_F302R8/Drivers/CMSIS/Include"  -Og -g3 -Wall -fmessage-length=0 -ffunction-sections -c -fmessage-length=0 -MMD -MP -MF"Application/User/main.d" -MT"Application/User/main.o" -o "Application/User/main.o" "C:/PM/PM/stm32workspace/CAN_F302R8/Src/main.c"
C:/PM/PM/stm32workspace/CAN_F302R8/Src/main.c: In function 'CAN_Rx':
C:/PM/PM/stm32workspace/CAN_F302R8/Src/main.c:77:8: warning: suggest parentheses around operand of '!' or change '&' to '&&' or '!' to '~' [-Wparentheses]
  while(!CAN->RF0R&3);
        ^~~~~~~~~~
C:/PM/PM/stm32workspace/CAN_F302R8/Src/main.c: In function 'main':
C:/PM/PM/stm32workspace/CAN_F302R8/Src/main.c:133:13: warning: pointer targets in passing argument 1 of 'sprintf' differ in signedness [-Wpointer-sign]
   j=sprintf(tab,"START\n"); if(HAL_UART_Transmit(&huart2, (uint8_t *)&tab,j,5000)!= HAL_OK) Error_Handler();
             ^~~
In file included from c:\ac6\systemworkbench\plugins\fr.ac6.mcu.externaltools.arm-none.win32_1.15.0.201708311556\tools\compiler\arm-none-eabi\include\stdio.h:29:0,
                 from C:/PM/PM/stm32workspace/CAN_F302R8/Drivers/STM32F3xx_HAL_Driver/Inc/stm32f3xx_hal_def.h:50,
                 from C:/PM/PM/stm32workspace/CAN_F302R8/Drivers/STM32F3xx_HAL_Driver/Inc/stm32f3xx_hal_rcc.h:45,
                 from C:/PM/PM/stm32workspace/CAN_F302R8/Inc/stm32f3xx_hal_conf.h:196,
                 from C:/PM/PM/stm32workspace/CAN_F302R8/Drivers/STM32F3xx_HAL_Driver/Inc/stm32f3xx_hal.h:46,
                 from C:/PM/PM/stm32workspace/CAN_F302R8/Src/main.c:41:
c:\ac6\systemworkbench\plugins\fr.ac6.mcu.externaltools.arm-none.win32_1.15.0.201708311556\tools\compiler\arm-none-eabi\include\stdio.h:244:5: note: expected 'char * restrict' but argument is of type 'unsigned char *'
 int _EXFUN(sprintf, (char *__restrict, const char *__restrict, ...)
     ^
C:/PM/PM/stm32workspace/CAN_F302R8/Src/main.c:139:13: warning: pointer targets in passing argument 1 of 'sprintf' differ in signedness [-Wpointer-sign]
   j=sprintf(tab,"1\n"); if(HAL_UART_Transmit(&huart2, (uint8_t *)&tab,j,5000)!= HAL_OK) Error_Handler();
             ^~~
In file included from c:\ac6\systemworkbench\plugins\fr.ac6.mcu.externaltools.arm-none.win32_1.15.0.201708311556\tools\compiler\arm-none-eabi\include\stdio.h:29:0,
                 from C:/PM/PM/stm32workspace/CAN_F302R8/Drivers/STM32F3xx_HAL_Driver/Inc/stm32f3xx_hal_def.h:50,
                 from C:/PM/PM/stm32workspace/CAN_F302R8/Drivers/STM32F3xx_HAL_Driver/Inc/stm32f3xx_hal_rcc.h:45,
                 from C:/PM/PM/stm32workspace/CAN_F302R8/Inc/stm32f3xx_hal_conf.h:196,
                 from C:/PM/PM/stm32workspace/CAN_F302R8/Drivers/STM32F3xx_HAL_Driver/Inc/stm32f3xx_hal.h:46,
                 from C:/PM/PM/stm32workspace/CAN_F302R8/Src/main.c:41:
c:\ac6\systemworkbench\plugins\fr.ac6.mcu.externaltools.arm-none.win32_1.15.0.201708311556\tools\compiler\arm-none-eabi\include\stdio.h:244:5: note: expected 'char * restrict' but argument is of type 'unsigned char *'
 int _EXFUN(sprintf, (char *__restrict, const char *__restrict, ...)
     ^
C:/PM/PM/stm32workspace/CAN_F302R8/Src/main.c:158:13: warning: pointer targets in passing argument 1 of 'sprintf' differ in signedness [-Wpointer-sign]
   j=sprintf(tab,"2\n"); if(HAL_UART_Transmit(&huart2, (uint8_t *)&tab,j,5000)!= HAL_OK) Error_Handler();
             ^~~
In file included from c:\ac6\systemworkbench\plugins\fr.ac6.mcu.externaltools.arm-none.win32_1.15.0.201708311556\tools\compiler\arm-none-eabi\include\stdio.h:29:0,
                 from C:/PM/PM/stm32workspace/CAN_F302R8/Drivers/STM32F3xx_HAL_Driver/Inc/stm32f3xx_hal_def.h:50,
                 from C:/PM/PM/stm32workspace/CAN_F302R8/Drivers/STM32F3xx_HAL_Driver/Inc/stm32f3xx_hal_rcc.h:45,
                 from C:/PM/PM/stm32workspace/CAN_F302R8/Inc/stm32f3xx_hal_conf.h:196,
                 from C:/PM/PM/stm32workspace/CAN_F302R8/Drivers/STM32F3xx_HAL_Driver/Inc/stm32f3xx_hal.h:46,
                 from C:/PM/PM/stm32workspace/CAN_F302R8/Src/main.c:41:
c:\ac6\systemworkbench\plugins\fr.ac6.mcu.externaltools.arm-none.win32_1.15.0.201708311556\tools\compiler\arm-none-eabi\include\stdio.h:244:5: note: expected 'char * restrict' but argument is of type 'unsigned char *'
 int _EXFUN(sprintf, (char *__restrict, const char *__restrict, ...)
     ^
C:/PM/PM/stm32workspace/CAN_F302R8/Src/main.c:163:14: warning: pointer targets in passing argument 1 of 'sprintf' differ in signedness [-Wpointer-sign]
    j=sprintf(tab,"error\n"); if(HAL_UART_Transmit(&huart2, (uint8_t *)&tab,j,5000)!= HAL_OK) Error_Handler();
              ^~~
In file included from c:\ac6\systemworkbench\plugins\fr.ac6.mcu.externaltools.arm-none.win32_1.15.0.201708311556\tools\compiler\arm-none-eabi\include\stdio.h:29:0,
                 from C:/PM/PM/stm32workspace/CAN_F302R8/Drivers/STM32F3xx_HAL_Driver/Inc/stm32f3xx_hal_def.h:50,
                 from C:/PM/PM/stm32workspace/CAN_F302R8/Drivers/STM32F3xx_HAL_Driver/Inc/stm32f3xx_hal_rcc.h:45,
                 from C:/PM/PM/stm32workspace/CAN_F302R8/Inc/stm32f3xx_hal_conf.h:196,
                 from C:/PM/PM/stm32workspace/CAN_F302R8/Drivers/STM32F3xx_HAL_Driver/Inc/stm32f3xx_hal.h:46,
                 from C:/PM/PM/stm32workspace/CAN_F302R8/Src/main.c:41:
c:\ac6\systemworkbench\plugins\fr.ac6.mcu.externaltools.arm-none.win32_1.15.0.201708311556\tools\compiler\arm-none-eabi\include\stdio.h:244:5: note: expected 'char * restrict' but argument is of type 'unsigned char *'
 int _EXFUN(sprintf, (char *__restrict, const char *__restrict, ...)
     ^
C:/PM/PM/stm32workspace/CAN_F302R8/Src/main.c:166:13: warning: pointer targets in passing argument 1 of 'sprintf' differ in signedness [-Wpointer-sign]
   j=sprintf(tab,"3\n",i); if(HAL_UART_Transmit(&huart2, (uint8_t *)&tab,j,5000)!= HAL_OK) Error_Handler();
             ^~~
In file included from c:\ac6\systemworkbench\plugins\fr.ac6.mcu.externaltools.arm-none.win32_1.15.0.201708311556\tools\compiler\arm-none-eabi\include\stdio.h:29:0,
                 from C:/PM/PM/stm32workspace/CAN_F302R8/Drivers/STM32F3xx_HAL_Driver/Inc/stm32f3xx_hal_def.h:50,
                 from C:/PM/PM/stm32workspace/CAN_F302R8/Drivers/STM32F3xx_HAL_Driver/Inc/stm32f3xx_hal_rcc.h:45,
                 from C:/PM/PM/stm32workspace/CAN_F302R8/Inc/stm32f3xx_hal_conf.h:196,
                 from C:/PM/PM/stm32workspace/CAN_F302R8/Drivers/STM32F3xx_HAL_Driver/Inc/stm32f3xx_hal.h:46,
                 from C:/PM/PM/stm32workspace/CAN_F302R8/Src/main.c:41:
c:\ac6\systemworkbench\plugins\fr.ac6.mcu.externaltools.arm-none.win32_1.15.0.201708311556\tools\compiler\arm-none-eabi\include\stdio.h:244:5: note: expected 'char * restrict' but argument is of type 'unsigned char *'
 int _EXFUN(sprintf, (char *__restrict, const char *__restrict, ...)
     ^
C:/PM/PM/stm32workspace/CAN_F302R8/Src/main.c:166:17: warning: too many arguments for format [-Wformat-extra-args]
   j=sprintf(tab,"3\n",i); if(HAL_UART_Transmit(&huart2, (uint8_t *)&tab,j,5000)!= HAL_OK) Error_Handler();
                 ^~~~~
C:/PM/PM/stm32workspace/CAN_F302R8/Src/main.c:183:13: warning: pointer targets in passing argument 1 of 'sprintf' differ in signedness [-Wpointer-sign]
   j=sprintf(tab,"4\n"); if(HAL_UART_Transmit(&huart2, (uint8_t *)&tab,j,5000)!= HAL_OK) Error_Handler();
             ^~~
In file included from c:\ac6\systemworkbench\plugins\fr.ac6.mcu.externaltools.arm-none.win32_1.15.0.201708311556\tools\compiler\arm-none-eabi\include\stdio.h:29:0,
                 from C:/PM/PM/stm32workspace/CAN_F302R8/Drivers/STM32F3xx_HAL_Driver/Inc/stm32f3xx_hal_def.h:50,
                 from C:/PM/PM/stm32workspace/CAN_F302R8/Drivers/STM32F3xx_HAL_Driver/Inc/stm32f3xx_hal_rcc.h:45,
                 from C:/PM/PM/stm32workspace/CAN_F302R8/Inc/stm32f3xx_hal_conf.h:196,
                 from C:/PM/PM/stm32workspace/CAN_F302R8/Drivers/STM32F3xx_HAL_Driver/Inc/stm32f3xx_hal.h:46,
                 from C:/PM/PM/stm32workspace/CAN_F302R8/Src/main.c:41:
c:\ac6\systemworkbench\plugins\fr.ac6.mcu.externaltools.arm-none.win32_1.15.0.201708311556\tools\compiler\arm-none-eabi\include\stdio.h:244:5: note: expected 'char * restrict' but argument is of type 'unsigned char *'
 int _EXFUN(sprintf, (char *__restrict, const char *__restrict, ...)
     ^
C:/PM/PM/stm32workspace/CAN_F302R8/Src/main.c:188:14: warning: pointer targets in passing argument 1 of 'sprintf' differ in signedness [-Wpointer-sign]
    j=sprintf(tab,"error\n"); if(HAL_UART_Transmit(&huart2, (uint8_t *)&tab,j,5000)!= HAL_OK) Error_Handler();
              ^~~
In file included from c:\ac6\systemworkbench\plugins\fr.ac6.mcu.externaltools.arm-none.win32_1.15.0.201708311556\tools\compiler\arm-none-eabi\include\stdio.h:29:0,
                 from C:/PM/PM/stm32workspace/CAN_F302R8/Drivers/STM32F3xx_HAL_Driver/Inc/stm32f3xx_hal_def.h:50,
                 from C:/PM/PM/stm32workspace/CAN_F302R8/Drivers/STM32F3xx_HAL_Driver/Inc/stm32f3xx_hal_rcc.h:45,
                 from C:/PM/PM/stm32workspace/CAN_F302R8/Inc/stm32f3xx_hal_conf.h:196,
                 from C:/PM/PM/stm32workspace/CAN_F302R8/Drivers/STM32F3xx_HAL_Driver/Inc/stm32f3xx_hal.h:46,
                 from C:/PM/PM/stm32workspace/CAN_F302R8/Src/main.c:41:
c:\ac6\systemworkbench\plugins\fr.ac6.mcu.externaltools.arm-none.win32_1.15.0.201708311556\tools\compiler\arm-none-eabi\include\stdio.h:244:5: note: expected 'char * restrict' but argument is of type 'unsigned char *'
 int _EXFUN(sprintf, (char *__restrict, const char *__restrict, ...)
     ^
C:/PM/PM/stm32workspace/CAN_F302R8/Src/main.c:191:13: warning: pointer targets in passing argument 1 of 'sprintf' differ in signedness [-Wpointer-sign]
   j=sprintf(tab,"5\n"); if(HAL_UART_Transmit(&huart2, (uint8_t *)&tab,j,5000)!= HAL_OK) Error_Handler();
             ^~~
In file included from c:\ac6\systemworkbench\plugins\fr.ac6.mcu.externaltools.arm-none.win32_1.15.0.201708311556\tools\compiler\arm-none-eabi\include\stdio.h:29:0,
                 from C:/PM/PM/stm32workspace/CAN_F302R8/Drivers/STM32F3xx_HAL_Driver/Inc/stm32f3xx_hal_def.h:50,
                 from C:/PM/PM/stm32workspace/CAN_F302R8/Drivers/STM32F3xx_HAL_Driver/Inc/stm32f3xx_hal_rcc.h:45,
                 from C:/PM/PM/stm32workspace/CAN_F302R8/Inc/stm32f3xx_hal_conf.h:196,
                 from C:/PM/PM/stm32workspace/CAN_F302R8/Drivers/STM32F3xx_HAL_Driver/Inc/stm32f3xx_hal.h:46,
                 from C:/PM/PM/stm32workspace/CAN_F302R8/Src/main.c:41:
c:\ac6\systemworkbench\plugins\fr.ac6.mcu.externaltools.arm-none.win32_1.15.0.201708311556\tools\compiler\arm-none-eabi\include\stdio.h:244:5: note: expected 'char * restrict' but argument is of type 'unsigned char *'
 int _EXFUN(sprintf, (char *__restrict, const char *__restrict, ...)
     ^
C:/PM/PM/stm32workspace/CAN_F302R8/Src/main.c:204:13: warning: pointer targets in passing argument 1 of 'sprintf' differ in signedness [-Wpointer-sign]
   j=sprintf(tab,"6\n"); if(HAL_UART_Transmit(&huart2, (uint8_t *)&tab,j,5000)!= HAL_OK) Error_Handler();
             ^~~
In file included from c:\ac6\systemworkbench\plugins\fr.ac6.mcu.externaltools.arm-none.win32_1.15.0.201708311556\tools\compiler\arm-none-eabi\include\stdio.h:29:0,
                 from C:/PM/PM/stm32workspace/CAN_F302R8/Drivers/STM32F3xx_HAL_Driver/Inc/stm32f3xx_hal_def.h:50,
                 from C:/PM/PM/stm32workspace/CAN_F302R8/Drivers/STM32F3xx_HAL_Driver/Inc/stm32f3xx_hal_rcc.h:45,
                 from C:/PM/PM/stm32workspace/CAN_F302R8/Inc/stm32f3xx_hal_conf.h:196,
                 from C:/PM/PM/stm32workspace/CAN_F302R8/Drivers/STM32F3xx_HAL_Driver/Inc/stm32f3xx_hal.h:46,
                 from C:/PM/PM/stm32workspace/CAN_F302R8/Src/main.c:41:
c:\ac6\systemworkbench\plugins\fr.ac6.mcu.externaltools.arm-none.win32_1.15.0.201708311556\tools\compiler\arm-none-eabi\include\stdio.h:244:5: note: expected 'char * restrict' but argument is of type 'unsigned char *'
 int _EXFUN(sprintf, (char *__restrict, const char *__restrict, ...)
     ^
C:/PM/PM/stm32workspace/CAN_F302R8/Src/main.c:209:14: warning: pointer targets in passing argument 1 of 'sprintf' differ in signedness [-Wpointer-sign]
    j=sprintf(tab,"error\n"); if(HAL_UART_Transmit(&huart2, (uint8_t *)&tab,j,5000)!= HAL_OK) Error_Handler();
              ^~~
In file included from c:\ac6\systemworkbench\plugins\fr.ac6.mcu.externaltools.arm-none.win32_1.15.0.201708311556\tools\compiler\arm-none-eabi\include\stdio.h:29:0,
                 from C:/PM/PM/stm32workspace/CAN_F302R8/Drivers/STM32F3xx_HAL_Driver/Inc/stm32f3xx_hal_def.h:50,
                 from C:/PM/PM/stm32workspace/CAN_F302R8/Drivers/STM32F3xx_HAL_Driver/Inc/stm32f3xx_hal_rcc.h:45,
                 from C:/PM/PM/stm32workspace/CAN_F302R8/Inc/stm32f3xx_hal_conf.h:196,
                 from C:/PM/PM/stm32workspace/CAN_F302R8/Drivers/STM32F3xx_HAL_Driver/Inc/stm32f3xx_hal.h:46,
                 from C:/PM/PM/stm32workspace/CAN_F302R8/Src/main.c:41:
c:\ac6\systemworkbench\plugins\fr.ac6.mcu.externaltools.arm-none.win32_1.15.0.201708311556\tools\compiler\arm-none-eabi\include\stdio.h:244:5: note: expected 'char * restrict' but argument is of type 'unsigned char *'
 int _EXFUN(sprintf, (char *__restrict, const char *__restrict, ...)
     ^
C:/PM/PM/stm32workspace/CAN_F302R8/Src/main.c:212:13: warning: pointer targets in passing argument 1 of 'sprintf' differ in signedness [-Wpointer-sign]
   j=sprintf(tab,"7\n",i); if(HAL_UART_Transmit(&huart2, (uint8_t *)&tab,j,5000)!= HAL_OK) Error_Handler();
             ^~~
In file included from c:\ac6\systemworkbench\plugins\fr.ac6.mcu.externaltools.arm-none.win32_1.15.0.201708311556\tools\compiler\arm-none-eabi\include\stdio.h:29:0,
                 from C:/PM/PM/stm32workspace/CAN_F302R8/Drivers/STM32F3xx_HAL_Driver/Inc/stm32f3xx_hal_def.h:50,
                 from C:/PM/PM/stm32workspace/CAN_F302R8/Drivers/STM32F3xx_HAL_Driver/Inc/stm32f3xx_hal_rcc.h:45,
                 from C:/PM/PM/stm32workspace/CAN_F302R8/Inc/stm32f3xx_hal_conf.h:196,
                 from C:/PM/PM/stm32workspace/CAN_F302R8/Drivers/STM32F3xx_HAL_Driver/Inc/stm32f3xx_hal.h:46,
                 from C:/PM/PM/stm32workspace/CAN_F302R8/Src/main.c:41:
c:\ac6\systemworkbench\plugins\fr.ac6.mcu.externaltools.arm-none.win32_1.15.0.201708311556\tools\compiler\arm-none-eabi\include\stdio.h:244:5: note: expected 'char * restrict' but argument is of type 'unsigned char *'
 int _EXFUN(sprintf, (char *__restrict, const char *__restrict, ...)
     ^
C:/PM/PM/stm32workspace/CAN_F302R8/Src/main.c:212:17: warning: too many arguments for format [-Wformat-extra-args]
   j=sprintf(tab,"7\n",i); if(HAL_UART_Transmit(&huart2, (uint8_t *)&tab,j,5000)!= HAL_OK) Error_Handler();
                 ^~~~~
C:/PM/PM/stm32workspace/CAN_F302R8/Src/main.c:216:14: warning: pointer targets in passing argument 1 of 'sprintf' differ in signedness [-Wpointer-sign]
    j=sprintf(tab,"error\n"); if(HAL_UART_Transmit(&huart2, (uint8_t *)&tab,j,5000)!= HAL_OK) Error_Handler();
              ^~~
In file included from c:\ac6\systemworkbench\plugins\fr.ac6.mcu.externaltools.arm-none.win32_1.15.0.201708311556\tools\compiler\arm-none-eabi\include\stdio.h:29:0,
                 from C:/PM/PM/stm32workspace/CAN_F302R8/Drivers/STM32F3xx_HAL_Driver/Inc/stm32f3xx_hal_def.h:50,
                 from C:/PM/PM/stm32workspace/CAN_F302R8/Drivers/STM32F3xx_HAL_Driver/Inc/stm32f3xx_hal_rcc.h:45,
                 from C:/PM/PM/stm32workspace/CAN_F302R8/Inc/stm32f3xx_hal_conf.h:196,
                 from C:/PM/PM/stm32workspace/CAN_F302R8/Drivers/STM32F3xx_HAL_Driver/Inc/stm32f3xx_hal.h:46,
                 from C:/PM/PM/stm32workspace/CAN_F302R8/Src/main.c:41:
c:\ac6\systemworkbench\plugins\fr.ac6.mcu.externaltools.arm-none.win32_1.15.0.201708311556\tools\compiler\arm-none-eabi\include\stdio.h:244:5: note: expected 'char * restrict' but argument is of type 'unsigned char *'
 int _EXFUN(sprintf, (char *__restrict, const char *__restrict, ...)
     ^
C:/PM/PM/stm32workspace/CAN_F302R8/Src/main.c:296:15: warning: pointer targets in passing argument 1 of 'sprintf' differ in signedness [-Wpointer-sign]
     j=sprintf(tab,"Send %i\n",i);
               ^~~
In file included from c:\ac6\systemworkbench\plugins\fr.ac6.mcu.externaltools.arm-none.win32_1.15.0.201708311556\tools\compiler\arm-none-eabi\include\stdio.h:29:0,
                 from C:/PM/PM/stm32workspace/CAN_F302R8/Drivers/STM32F3xx_HAL_Driver/Inc/stm32f3xx_hal_def.h:50,
                 from C:/PM/PM/stm32workspace/CAN_F302R8/Drivers/STM32F3xx_HAL_Driver/Inc/stm32f3xx_hal_rcc.h:45,
                 from C:/PM/PM/stm32workspace/CAN_F302R8/Inc/stm32f3xx_hal_conf.h:196,
                 from C:/PM/PM/stm32workspace/CAN_F302R8/Drivers/STM32F3xx_HAL_Driver/Inc/stm32f3xx_hal.h:46,
                 from C:/PM/PM/stm32workspace/CAN_F302R8/Src/main.c:41:
c:\ac6\systemworkbench\plugins\fr.ac6.mcu.externaltools.arm-none.win32_1.15.0.201708311556\tools\compiler\arm-none-eabi\include\stdio.h:244:5: note: expected 'char * restrict' but argument is of type 'unsigned char *'
 int _EXFUN(sprintf, (char *__restrict, const char *__restrict, ...)
     ^
C:/PM/PM/stm32workspace/CAN_F302R8/Src/main.c:302:16: warning: pointer targets in passing argument 1 of 'sprintf' differ in signedness [-Wpointer-sign]
      j=sprintf(tab,"error\n"); if(HAL_UART_Transmit(&huart2, (uint8_t *)&tab,j,5000)!= HAL_OK) Error_Handler();
                ^~~
In file included from c:\ac6\systemworkbench\plugins\fr.ac6.mcu.externaltools.arm-none.win32_1.15.0.201708311556\tools\compiler\arm-none-eabi\include\stdio.h:29:0,
                 from C:/PM/PM/stm32workspace/CAN_F302R8/Drivers/STM32F3xx_HAL_Driver/Inc/stm32f3xx_hal_def.h:50,
                 from C:/PM/PM/stm32workspace/CAN_F302R8/Drivers/STM32F3xx_HAL_Driver/Inc/stm32f3xx_hal_rcc.h:45,
                 from C:/PM/PM/stm32workspace/CAN_F302R8/Inc/stm32f3xx_hal_conf.h:196,
                 from C:/PM/PM/stm32workspace/CAN_F302R8/Drivers/STM32F3xx_HAL_Driver/Inc/stm32f3xx_hal.h:46,
                 from C:/PM/PM/stm32workspace/CAN_F302R8/Src/main.c:41:
c:\ac6\systemworkbench\plugins\fr.ac6.mcu.externaltools.arm-none.win32_1.15.0.201708311556\tools\compiler\arm-none-eabi\include\stdio.h:244:5: note: expected 'char * restrict' but argument is of type 'unsigned char *'
 int _EXFUN(sprintf, (char *__restrict, const char *__restrict, ...)
     ^
C:/PM/PM/stm32workspace/CAN_F302R8/Src/main.c: In function 'SystemClock_Config':
C:/PM/PM/stm32workspace/CAN_F302R8/Src/main.c:338:28: warning: unused variable 'PeriphClkInit' [-Wunused-variable]
   RCC_PeriphCLKInitTypeDef PeriphClkInit;
                            ^~~~~~~~~~~~~
Finished building: C:/PM/PM/stm32workspace/CAN_F302R8/Src/main.c
 
Building target: CAN_F302R8.elf
Invoking: MCU GCC Linker
arm-none-eabi-gcc -mcpu=cortex-m4 -mthumb -mfloat-abi=hard -mfpu=fpv4-sp-d16 -specs=nosys.specs -specs=nano.specs -T"../STM32F302R8Tx_FLASH.ld" -Wl,-Map=output.map -Wl,--gc-sections -o "CAN_F302R8.elf" @"objects.list"   -lm
Finished building target: CAN_F302R8.elf
 
make --no-print-directory post-build
Generating binary and Printing size information:
arm-none-eabi-objcopy -O binary "CAN_F302R8.elf" "CAN_F302R8.bin"
arm-none-eabi-size "CAN_F302R8.elf"
   text	   data	    bss	    dec	    hex	filename
  10232	    112	   1896	  12240	   2fd0	CAN_F302R8.elf
 
