18:14:47 **** Build of configuration Debug for project STM32F767ZI-Nucleo ****
make all 
Building file: C:/PM/PM/STM32/STM32Cube_FW_F7_V1.8.0/Projects/STM32F767ZI-Nucleo/Examples/UART/UART_Printf/Src/main.c
Invoking: MCU GCC Compiler
C:\PM\PM\STM32\STM32Cube_FW_F7_V1.8.0\Projects\STM32F767ZI-Nucleo\Examples\UART\UART_Printf\SW4STM32\STM32F767ZI-Nucleo\Debug
arm-none-eabi-gcc -mcpu=cortex-m7 -mthumb -mfloat-abi=hard -mfpu=fpv5-sp-d16 -DUSE_HAL_DRIVER -DSTM32F767xx -DUSE_STM32F7XX_NUCLEO_144 -I"C:/PM/PM/STM32/STM32Cube_FW_F7_V1.8.0/Projects/STM32F767ZI-Nucleo/Examples/UART/UART_Printf/Inc" -I"C:/PM/PM/STM32/STM32Cube_FW_F7_V1.8.0/Drivers/CMSIS/Device/ST/STM32F7xx/Include" -I"C:/PM/PM/STM32/STM32Cube_FW_F7_V1.8.0/Drivers/CMSIS/Include" -I"C:/PM/PM/STM32/STM32Cube_FW_F7_V1.8.0/Drivers/STM32F7xx_HAL_Driver/Inc" -I"C:/PM/PM/STM32/STM32Cube_FW_F7_V1.8.0/Drivers/BSP/STM32F7xx_Nucleo_144" -I"C:/PM/PM/STM32/STM32Cube_FW_F7_V1.8.0/Drivers/BSP/Components/Common" -I"C:/PM/PM/STM32/STM32Cube_FW_F7_V1.8.0/Utilities/Log" -I"C:/PM/PM/STM32/STM32Cube_FW_F7_V1.8.0/Utilities/Fonts" -I"C:/PM/PM/STM32/STM32Cube_FW_F7_V1.8.0/Utilities/CPU"  -Os -g3 -Wall -fmessage-length=0 -ffunction-sections -c -fmessage-length=0 -MMD -MP -MF"Example/User/main.d" -MT"Example/User/main.o" -o "Example/User/main.o" "C:/PM/PM/STM32/STM32Cube_FW_F7_V1.8.0/Projects/STM32F767ZI-Nucleo/Examples/UART/UART_Printf/Src/main.c"
Finished building: C:/PM/PM/STM32/STM32Cube_FW_F7_V1.8.0/Projects/STM32F767ZI-Nucleo/Examples/UART/UART_Printf/Src/main.c
 
Building file: C:/PM/PM/STM32/STM32Cube_FW_F7_V1.8.0/Projects/STM32F767ZI-Nucleo/Examples/UART/UART_Printf/Src/stm32f7xx_hal_msp.c
Invoking: MCU GCC Compiler
C:\PM\PM\STM32\STM32Cube_FW_F7_V1.8.0\Projects\STM32F767ZI-Nucleo\Examples\UART\UART_Printf\SW4STM32\STM32F767ZI-Nucleo\Debug
arm-none-eabi-gcc -mcpu=cortex-m7 -mthumb -mfloat-abi=hard -mfpu=fpv5-sp-d16 -DUSE_HAL_DRIVER -DSTM32F767xx -DUSE_STM32F7XX_NUCLEO_144 -I"C:/PM/PM/STM32/STM32Cube_FW_F7_V1.8.0/Projects/STM32F767ZI-Nucleo/Examples/UART/UART_Printf/Inc" -I"C:/PM/PM/STM32/STM32Cube_FW_F7_V1.8.0/Drivers/CMSIS/Device/ST/STM32F7xx/Include" -I"C:/PM/PM/STM32/STM32Cube_FW_F7_V1.8.0/Drivers/CMSIS/Include" -I"C:/PM/PM/STM32/STM32Cube_FW_F7_V1.8.0/Drivers/STM32F7xx_HAL_Driver/Inc" -I"C:/PM/PM/STM32/STM32Cube_FW_F7_V1.8.0/Drivers/BSP/STM32F7xx_Nucleo_144" -I"C:/PM/PM/STM32/STM32Cube_FW_F7_V1.8.0/Drivers/BSP/Components/Common" -I"C:/PM/PM/STM32/STM32Cube_FW_F7_V1.8.0/Utilities/Log" -I"C:/PM/PM/STM32/STM32Cube_FW_F7_V1.8.0/Utilities/Fonts" -I"C:/PM/PM/STM32/STM32Cube_FW_F7_V1.8.0/Utilities/CPU"  -Os -g3 -Wall -fmessage-length=0 -ffunction-sections -c -fmessage-length=0 -MMD -MP -MF"Example/User/stm32f7xx_hal_msp.d" -MT"Example/User/stm32f7xx_hal_msp.o" -o "Example/User/stm32f7xx_hal_msp.o" "C:/PM/PM/STM32/STM32Cube_FW_F7_V1.8.0/Projects/STM32F767ZI-Nucleo/Examples/UART/UART_Printf/Src/stm32f7xx_hal_msp.c"
Finished building: C:/PM/PM/STM32/STM32Cube_FW_F7_V1.8.0/Projects/STM32F767ZI-Nucleo/Examples/UART/UART_Printf/Src/stm32f7xx_hal_msp.c
 
Building file: C:/PM/PM/STM32/STM32Cube_FW_F7_V1.8.0/Projects/STM32F767ZI-Nucleo/Examples/UART/UART_Printf/Src/stm32f7xx_it.c
Invoking: MCU GCC Compiler
C:\PM\PM\STM32\STM32Cube_FW_F7_V1.8.0\Projects\STM32F767ZI-Nucleo\Examples\UART\UART_Printf\SW4STM32\STM32F767ZI-Nucleo\Debug
arm-none-eabi-gcc -mcpu=cortex-m7 -mthumb -mfloat-abi=hard -mfpu=fpv5-sp-d16 -DUSE_HAL_DRIVER -DSTM32F767xx -DUSE_STM32F7XX_NUCLEO_144 -I"C:/PM/PM/STM32/STM32Cube_FW_F7_V1.8.0/Projects/STM32F767ZI-Nucleo/Examples/UART/UART_Printf/Inc" -I"C:/PM/PM/STM32/STM32Cube_FW_F7_V1.8.0/Drivers/CMSIS/Device/ST/STM32F7xx/Include" -I"C:/PM/PM/STM32/STM32Cube_FW_F7_V1.8.0/Drivers/CMSIS/Include" -I"C:/PM/PM/STM32/STM32Cube_FW_F7_V1.8.0/Drivers/STM32F7xx_HAL_Driver/Inc" -I"C:/PM/PM/STM32/STM32Cube_FW_F7_V1.8.0/Drivers/BSP/STM32F7xx_Nucleo_144" -I"C:/PM/PM/STM32/STM32Cube_FW_F7_V1.8.0/Drivers/BSP/Components/Common" -I"C:/PM/PM/STM32/STM32Cube_FW_F7_V1.8.0/Utilities/Log" -I"C:/PM/PM/STM32/STM32Cube_FW_F7_V1.8.0/Utilities/Fonts" -I"C:/PM/PM/STM32/STM32Cube_FW_F7_V1.8.0/Utilities/CPU"  -Os -g3 -Wall -fmessage-length=0 -ffunction-sections -c -fmessage-length=0 -MMD -MP -MF"Example/User/stm32f7xx_it.d" -MT"Example/User/stm32f7xx_it.o" -o "Example/User/stm32f7xx_it.o" "C:/PM/PM/STM32/STM32Cube_FW_F7_V1.8.0/Projects/STM32F767ZI-Nucleo/Examples/UART/UART_Printf/Src/stm32f7xx_it.c"
Finished building: C:/PM/PM/STM32/STM32Cube_FW_F7_V1.8.0/Projects/STM32F767ZI-Nucleo/Examples/UART/UART_Printf/Src/stm32f7xx_it.c
 
Building file: C:/PM/PM/STM32/STM32Cube_FW_F7_V1.8.0/Projects/STM32F767ZI-Nucleo/Examples/UART/UART_Printf/SW4STM32/startup_stm32f767xx.s
Invoking: MCU GCC Assembler
C:\PM\PM\STM32\STM32Cube_FW_F7_V1.8.0\Projects\STM32F767ZI-Nucleo\Examples\UART\UART_Printf\SW4STM32\STM32F767ZI-Nucleo\Debug
arm-none-eabi-as -mcpu=cortex-m7 -mthumb -mfloat-abi=hard -mfpu=fpv5-sp-d16 -g -o "Example/SW4STM32/startup_stm32f767xx.o" "C:/PM/PM/STM32/STM32Cube_FW_F7_V1.8.0/Projects/STM32F767ZI-Nucleo/Examples/UART/UART_Printf/SW4STM32/startup_stm32f767xx.s"
Finished building: C:/PM/PM/STM32/STM32Cube_FW_F7_V1.8.0/Projects/STM32F767ZI-Nucleo/Examples/UART/UART_Printf/SW4STM32/startup_stm32f767xx.s
 
Building file: C:/PM/PM/STM32/STM32Cube_FW_F7_V1.8.0/Projects/STM32F767ZI-Nucleo/Examples/UART/UART_Printf/SW4STM32/syscalls.c
Invoking: MCU GCC Compiler
C:\PM\PM\STM32\STM32Cube_FW_F7_V1.8.0\Projects\STM32F767ZI-Nucleo\Examples\UART\UART_Printf\SW4STM32\STM32F767ZI-Nucleo\Debug
arm-none-eabi-gcc -mcpu=cortex-m7 -mthumb -mfloat-abi=hard -mfpu=fpv5-sp-d16 -DUSE_HAL_DRIVER -DSTM32F767xx -DUSE_STM32F7XX_NUCLEO_144 -I"C:/PM/PM/STM32/STM32Cube_FW_F7_V1.8.0/Projects/STM32F767ZI-Nucleo/Examples/UART/UART_Printf/Inc" -I"C:/PM/PM/STM32/STM32Cube_FW_F7_V1.8.0/Drivers/CMSIS/Device/ST/STM32F7xx/Include" -I"C:/PM/PM/STM32/STM32Cube_FW_F7_V1.8.0/Drivers/CMSIS/Include" -I"C:/PM/PM/STM32/STM32Cube_FW_F7_V1.8.0/Drivers/STM32F7xx_HAL_Driver/Inc" -I"C:/PM/PM/STM32/STM32Cube_FW_F7_V1.8.0/Drivers/BSP/STM32F7xx_Nucleo_144" -I"C:/PM/PM/STM32/STM32Cube_FW_F7_V1.8.0/Drivers/BSP/Components/Common" -I"C:/PM/PM/STM32/STM32Cube_FW_F7_V1.8.0/Utilities/Log" -I"C:/PM/PM/STM32/STM32Cube_FW_F7_V1.8.0/Utilities/Fonts" -I"C:/PM/PM/STM32/STM32Cube_FW_F7_V1.8.0/Utilities/CPU"  -Os -g3 -Wall -fmessage-length=0 -ffunction-sections -c -fmessage-length=0 -MMD -MP -MF"Example/SW4STM32/syscalls.d" -MT"Example/SW4STM32/syscalls.o" -o "Example/SW4STM32/syscalls.o" "C:/PM/PM/STM32/STM32Cube_FW_F7_V1.8.0/Projects/STM32F767ZI-Nucleo/Examples/UART/UART_Printf/SW4STM32/syscalls.c"
Finished building: C:/PM/PM/STM32/STM32Cube_FW_F7_V1.8.0/Projects/STM32F767ZI-Nucleo/Examples/UART/UART_Printf/SW4STM32/syscalls.c
 
Building file: C:/PM/PM/STM32/STM32Cube_FW_F7_V1.8.0/Drivers/STM32F7xx_HAL_Driver/Src/stm32f7xx_hal.c
Invoking: MCU GCC Compiler
C:\PM\PM\STM32\STM32Cube_FW_F7_V1.8.0\Projects\STM32F767ZI-Nucleo\Examples\UART\UART_Printf\SW4STM32\STM32F767ZI-Nucleo\Debug
arm-none-eabi-gcc -mcpu=cortex-m7 -mthumb -mfloat-abi=hard -mfpu=fpv5-sp-d16 -DUSE_HAL_DRIVER -DSTM32F767xx -DUSE_STM32F7XX_NUCLEO_144 -I"C:/PM/PM/STM32/STM32Cube_FW_F7_V1.8.0/Projects/STM32F767ZI-Nucleo/Examples/UART/UART_Printf/Inc" -I"C:/PM/PM/STM32/STM32Cube_FW_F7_V1.8.0/Drivers/CMSIS/Device/ST/STM32F7xx/Include" -I"C:/PM/PM/STM32/STM32Cube_FW_F7_V1.8.0/Drivers/CMSIS/Include" -I"C:/PM/PM/STM32/STM32Cube_FW_F7_V1.8.0/Drivers/STM32F7xx_HAL_Driver/Inc" -I"C:/PM/PM/STM32/STM32Cube_FW_F7_V1.8.0/Drivers/BSP/STM32F7xx_Nucleo_144" -I"C:/PM/PM/STM32/STM32Cube_FW_F7_V1.8.0/Drivers/BSP/Components/Common" -I"C:/PM/PM/STM32/STM32Cube_FW_F7_V1.8.0/Utilities/Log" -I"C:/PM/PM/STM32/STM32Cube_FW_F7_V1.8.0/Utilities/Fonts" -I"C:/PM/PM/STM32/STM32Cube_FW_F7_V1.8.0/Utilities/CPU"  -Os -g3 -Wall -fmessage-length=0 -ffunction-sections -c -fmessage-length=0 -MMD -MP -MF"Drivers/STM32F7xx_HAL_Driver/stm32f7xx_hal.d" -MT"Drivers/STM32F7xx_HAL_Driver/stm32f7xx_hal.o" -o "Drivers/STM32F7xx_HAL_Driver/stm32f7xx_hal.o" "C:/PM/PM/STM32/STM32Cube_FW_F7_V1.8.0/Drivers/STM32F7xx_HAL_Driver/Src/stm32f7xx_hal.c"
Finished building: C:/PM/PM/STM32/STM32Cube_FW_F7_V1.8.0/Drivers/STM32F7xx_HAL_Driver/Src/stm32f7xx_hal.c
 
Building file: C:/PM/PM/STM32/STM32Cube_FW_F7_V1.8.0/Drivers/STM32F7xx_HAL_Driver/Src/stm32f7xx_hal_cortex.c
Invoking: MCU GCC Compiler
C:\PM\PM\STM32\STM32Cube_FW_F7_V1.8.0\Projects\STM32F767ZI-Nucleo\Examples\UART\UART_Printf\SW4STM32\STM32F767ZI-Nucleo\Debug
arm-none-eabi-gcc -mcpu=cortex-m7 -mthumb -mfloat-abi=hard -mfpu=fpv5-sp-d16 -DUSE_HAL_DRIVER -DSTM32F767xx -DUSE_STM32F7XX_NUCLEO_144 -I"C:/PM/PM/STM32/STM32Cube_FW_F7_V1.8.0/Projects/STM32F767ZI-Nucleo/Examples/UART/UART_Printf/Inc" -I"C:/PM/PM/STM32/STM32Cube_FW_F7_V1.8.0/Drivers/CMSIS/Device/ST/STM32F7xx/Include" -I"C:/PM/PM/STM32/STM32Cube_FW_F7_V1.8.0/Drivers/CMSIS/Include" -I"C:/PM/PM/STM32/STM32Cube_FW_F7_V1.8.0/Drivers/STM32F7xx_HAL_Driver/Inc" -I"C:/PM/PM/STM32/STM32Cube_FW_F7_V1.8.0/Drivers/BSP/STM32F7xx_Nucleo_144" -I"C:/PM/PM/STM32/STM32Cube_FW_F7_V1.8.0/Drivers/BSP/Components/Common" -I"C:/PM/PM/STM32/STM32Cube_FW_F7_V1.8.0/Utilities/Log" -I"C:/PM/PM/STM32/STM32Cube_FW_F7_V1.8.0/Utilities/Fonts" -I"C:/PM/PM/STM32/STM32Cube_FW_F7_V1.8.0/Utilities/CPU"  -Os -g3 -Wall -fmessage-length=0 -ffunction-sections -c -fmessage-length=0 -MMD -MP -MF"Drivers/STM32F7xx_HAL_Driver/stm32f7xx_hal_cortex.d" -MT"Drivers/STM32F7xx_HAL_Driver/stm32f7xx_hal_cortex.o" -o "Drivers/STM32F7xx_HAL_Driver/stm32f7xx_hal_cortex.o" "C:/PM/PM/STM32/STM32Cube_FW_F7_V1.8.0/Drivers/STM32F7xx_HAL_Driver/Src/stm32f7xx_hal_cortex.c"
Finished building: C:/PM/PM/STM32/STM32Cube_FW_F7_V1.8.0/Drivers/STM32F7xx_HAL_Driver/Src/stm32f7xx_hal_cortex.c
 
Building file: C:/PM/PM/STM32/STM32Cube_FW_F7_V1.8.0/Drivers/STM32F7xx_HAL_Driver/Src/stm32f7xx_hal_dma.c
Invoking: MCU GCC Compiler
C:\PM\PM\STM32\STM32Cube_FW_F7_V1.8.0\Projects\STM32F767ZI-Nucleo\Examples\UART\UART_Printf\SW4STM32\STM32F767ZI-Nucleo\Debug
arm-none-eabi-gcc -mcpu=cortex-m7 -mthumb -mfloat-abi=hard -mfpu=fpv5-sp-d16 -DUSE_HAL_DRIVER -DSTM32F767xx -DUSE_STM32F7XX_NUCLEO_144 -I"C:/PM/PM/STM32/STM32Cube_FW_F7_V1.8.0/Projects/STM32F767ZI-Nucleo/Examples/UART/UART_Printf/Inc" -I"C:/PM/PM/STM32/STM32Cube_FW_F7_V1.8.0/Drivers/CMSIS/Device/ST/STM32F7xx/Include" -I"C:/PM/PM/STM32/STM32Cube_FW_F7_V1.8.0/Drivers/CMSIS/Include" -I"C:/PM/PM/STM32/STM32Cube_FW_F7_V1.8.0/Drivers/STM32F7xx_HAL_Driver/Inc" -I"C:/PM/PM/STM32/STM32Cube_FW_F7_V1.8.0/Drivers/BSP/STM32F7xx_Nucleo_144" -I"C:/PM/PM/STM32/STM32Cube_FW_F7_V1.8.0/Drivers/BSP/Components/Common" -I"C:/PM/PM/STM32/STM32Cube_FW_F7_V1.8.0/Utilities/Log" -I"C:/PM/PM/STM32/STM32Cube_FW_F7_V1.8.0/Utilities/Fonts" -I"C:/PM/PM/STM32/STM32Cube_FW_F7_V1.8.0/Utilities/CPU"  -Os -g3 -Wall -fmessage-length=0 -ffunction-sections -c -fmessage-length=0 -MMD -MP -MF"Drivers/STM32F7xx_HAL_Driver/stm32f7xx_hal_dma.d" -MT"Drivers/STM32F7xx_HAL_Driver/stm32f7xx_hal_dma.o" -o "Drivers/STM32F7xx_HAL_Driver/stm32f7xx_hal_dma.o" "C:/PM/PM/STM32/STM32Cube_FW_F7_V1.8.0/Drivers/STM32F7xx_HAL_Driver/Src/stm32f7xx_hal_dma.c"
Finished building: C:/PM/PM/STM32/STM32Cube_FW_F7_V1.8.0/Drivers/STM32F7xx_HAL_Driver/Src/stm32f7xx_hal_dma.c
 
Building file: C:/PM/PM/STM32/STM32Cube_FW_F7_V1.8.0/Drivers/STM32F7xx_HAL_Driver/Src/stm32f7xx_hal_gpio.c
Invoking: MCU GCC Compiler
C:\PM\PM\STM32\STM32Cube_FW_F7_V1.8.0\Projects\STM32F767ZI-Nucleo\Examples\UART\UART_Printf\SW4STM32\STM32F767ZI-Nucleo\Debug
arm-none-eabi-gcc -mcpu=cortex-m7 -mthumb -mfloat-abi=hard -mfpu=fpv5-sp-d16 -DUSE_HAL_DRIVER -DSTM32F767xx -DUSE_STM32F7XX_NUCLEO_144 -I"C:/PM/PM/STM32/STM32Cube_FW_F7_V1.8.0/Projects/STM32F767ZI-Nucleo/Examples/UART/UART_Printf/Inc" -I"C:/PM/PM/STM32/STM32Cube_FW_F7_V1.8.0/Drivers/CMSIS/Device/ST/STM32F7xx/Include" -I"C:/PM/PM/STM32/STM32Cube_FW_F7_V1.8.0/Drivers/CMSIS/Include" -I"C:/PM/PM/STM32/STM32Cube_FW_F7_V1.8.0/Drivers/STM32F7xx_HAL_Driver/Inc" -I"C:/PM/PM/STM32/STM32Cube_FW_F7_V1.8.0/Drivers/BSP/STM32F7xx_Nucleo_144" -I"C:/PM/PM/STM32/STM32Cube_FW_F7_V1.8.0/Drivers/BSP/Components/Common" -I"C:/PM/PM/STM32/STM32Cube_FW_F7_V1.8.0/Utilities/Log" -I"C:/PM/PM/STM32/STM32Cube_FW_F7_V1.8.0/Utilities/Fonts" -I"C:/PM/PM/STM32/STM32Cube_FW_F7_V1.8.0/Utilities/CPU"  -Os -g3 -Wall -fmessage-length=0 -ffunction-sections -c -fmessage-length=0 -MMD -MP -MF"Drivers/STM32F7xx_HAL_Driver/stm32f7xx_hal_gpio.d" -MT"Drivers/STM32F7xx_HAL_Driver/stm32f7xx_hal_gpio.o" -o "Drivers/STM32F7xx_HAL_Driver/stm32f7xx_hal_gpio.o" "C:/PM/PM/STM32/STM32Cube_FW_F7_V1.8.0/Drivers/STM32F7xx_HAL_Driver/Src/stm32f7xx_hal_gpio.c"
Finished building: C:/PM/PM/STM32/STM32Cube_FW_F7_V1.8.0/Drivers/STM32F7xx_HAL_Driver/Src/stm32f7xx_hal_gpio.c
 
Building file: C:/PM/PM/STM32/STM32Cube_FW_F7_V1.8.0/Drivers/STM32F7xx_HAL_Driver/Src/stm32f7xx_hal_i2c.c
Invoking: MCU GCC Compiler
C:\PM\PM\STM32\STM32Cube_FW_F7_V1.8.0\Projects\STM32F767ZI-Nucleo\Examples\UART\UART_Printf\SW4STM32\STM32F767ZI-Nucleo\Debug
arm-none-eabi-gcc -mcpu=cortex-m7 -mthumb -mfloat-abi=hard -mfpu=fpv5-sp-d16 -DUSE_HAL_DRIVER -DSTM32F767xx -DUSE_STM32F7XX_NUCLEO_144 -I"C:/PM/PM/STM32/STM32Cube_FW_F7_V1.8.0/Projects/STM32F767ZI-Nucleo/Examples/UART/UART_Printf/Inc" -I"C:/PM/PM/STM32/STM32Cube_FW_F7_V1.8.0/Drivers/CMSIS/Device/ST/STM32F7xx/Include" -I"C:/PM/PM/STM32/STM32Cube_FW_F7_V1.8.0/Drivers/CMSIS/Include" -I"C:/PM/PM/STM32/STM32Cube_FW_F7_V1.8.0/Drivers/STM32F7xx_HAL_Driver/Inc" -I"C:/PM/PM/STM32/STM32Cube_FW_F7_V1.8.0/Drivers/BSP/STM32F7xx_Nucleo_144" -I"C:/PM/PM/STM32/STM32Cube_FW_F7_V1.8.0/Drivers/BSP/Components/Common" -I"C:/PM/PM/STM32/STM32Cube_FW_F7_V1.8.0/Utilities/Log" -I"C:/PM/PM/STM32/STM32Cube_FW_F7_V1.8.0/Utilities/Fonts" -I"C:/PM/PM/STM32/STM32Cube_FW_F7_V1.8.0/Utilities/CPU"  -Os -g3 -Wall -fmessage-length=0 -ffunction-sections -c -fmessage-length=0 -MMD -MP -MF"Drivers/STM32F7xx_HAL_Driver/stm32f7xx_hal_i2c.d" -MT"Drivers/STM32F7xx_HAL_Driver/stm32f7xx_hal_i2c.o" -o "Drivers/STM32F7xx_HAL_Driver/stm32f7xx_hal_i2c.o" "C:/PM/PM/STM32/STM32Cube_FW_F7_V1.8.0/Drivers/STM32F7xx_HAL_Driver/Src/stm32f7xx_hal_i2c.c"
Finished building: C:/PM/PM/STM32/STM32Cube_FW_F7_V1.8.0/Drivers/STM32F7xx_HAL_Driver/Src/stm32f7xx_hal_i2c.c
 
Building file: C:/PM/PM/STM32/STM32Cube_FW_F7_V1.8.0/Drivers/STM32F7xx_HAL_Driver/Src/stm32f7xx_hal_i2c_ex.c
Invoking: MCU GCC Compiler
C:\PM\PM\STM32\STM32Cube_FW_F7_V1.8.0\Projects\STM32F767ZI-Nucleo\Examples\UART\UART_Printf\SW4STM32\STM32F767ZI-Nucleo\Debug
arm-none-eabi-gcc -mcpu=cortex-m7 -mthumb -mfloat-abi=hard -mfpu=fpv5-sp-d16 -DUSE_HAL_DRIVER -DSTM32F767xx -DUSE_STM32F7XX_NUCLEO_144 -I"C:/PM/PM/STM32/STM32Cube_FW_F7_V1.8.0/Projects/STM32F767ZI-Nucleo/Examples/UART/UART_Printf/Inc" -I"C:/PM/PM/STM32/STM32Cube_FW_F7_V1.8.0/Drivers/CMSIS/Device/ST/STM32F7xx/Include" -I"C:/PM/PM/STM32/STM32Cube_FW_F7_V1.8.0/Drivers/CMSIS/Include" -I"C:/PM/PM/STM32/STM32Cube_FW_F7_V1.8.0/Drivers/STM32F7xx_HAL_Driver/Inc" -I"C:/PM/PM/STM32/STM32Cube_FW_F7_V1.8.0/Drivers/BSP/STM32F7xx_Nucleo_144" -I"C:/PM/PM/STM32/STM32Cube_FW_F7_V1.8.0/Drivers/BSP/Components/Common" -I"C:/PM/PM/STM32/STM32Cube_FW_F7_V1.8.0/Utilities/Log" -I"C:/PM/PM/STM32/STM32Cube_FW_F7_V1.8.0/Utilities/Fonts" -I"C:/PM/PM/STM32/STM32Cube_FW_F7_V1.8.0/Utilities/CPU"  -Os -g3 -Wall -fmessage-length=0 -ffunction-sections -c -fmessage-length=0 -MMD -MP -MF"Drivers/STM32F7xx_HAL_Driver/stm32f7xx_hal_i2c_ex.d" -MT"Drivers/STM32F7xx_HAL_Driver/stm32f7xx_hal_i2c_ex.o" -o "Drivers/STM32F7xx_HAL_Driver/stm32f7xx_hal_i2c_ex.o" "C:/PM/PM/STM32/STM32Cube_FW_F7_V1.8.0/Drivers/STM32F7xx_HAL_Driver/Src/stm32f7xx_hal_i2c_ex.c"
Finished building: C:/PM/PM/STM32/STM32Cube_FW_F7_V1.8.0/Drivers/STM32F7xx_HAL_Driver/Src/stm32f7xx_hal_i2c_ex.c
 
Building file: C:/PM/PM/STM32/STM32Cube_FW_F7_V1.8.0/Drivers/STM32F7xx_HAL_Driver/Src/stm32f7xx_hal_pwr_ex.c
Invoking: MCU GCC Compiler
C:\PM\PM\STM32\STM32Cube_FW_F7_V1.8.0\Projects\STM32F767ZI-Nucleo\Examples\UART\UART_Printf\SW4STM32\STM32F767ZI-Nucleo\Debug
arm-none-eabi-gcc -mcpu=cortex-m7 -mthumb -mfloat-abi=hard -mfpu=fpv5-sp-d16 -DUSE_HAL_DRIVER -DSTM32F767xx -DUSE_STM32F7XX_NUCLEO_144 -I"C:/PM/PM/STM32/STM32Cube_FW_F7_V1.8.0/Projects/STM32F767ZI-Nucleo/Examples/UART/UART_Printf/Inc" -I"C:/PM/PM/STM32/STM32Cube_FW_F7_V1.8.0/Drivers/CMSIS/Device/ST/STM32F7xx/Include" -I"C:/PM/PM/STM32/STM32Cube_FW_F7_V1.8.0/Drivers/CMSIS/Include" -I"C:/PM/PM/STM32/STM32Cube_FW_F7_V1.8.0/Drivers/STM32F7xx_HAL_Driver/Inc" -I"C:/PM/PM/STM32/STM32Cube_FW_F7_V1.8.0/Drivers/BSP/STM32F7xx_Nucleo_144" -I"C:/PM/PM/STM32/STM32Cube_FW_F7_V1.8.0/Drivers/BSP/Components/Common" -I"C:/PM/PM/STM32/STM32Cube_FW_F7_V1.8.0/Utilities/Log" -I"C:/PM/PM/STM32/STM32Cube_FW_F7_V1.8.0/Utilities/Fonts" -I"C:/PM/PM/STM32/STM32Cube_FW_F7_V1.8.0/Utilities/CPU"  -Os -g3 -Wall -fmessage-length=0 -ffunction-sections -c -fmessage-length=0 -MMD -MP -MF"Drivers/STM32F7xx_HAL_Driver/stm32f7xx_hal_pwr_ex.d" -MT"Drivers/STM32F7xx_HAL_Driver/stm32f7xx_hal_pwr_ex.o" -o "Drivers/STM32F7xx_HAL_Driver/stm32f7xx_hal_pwr_ex.o" "C:/PM/PM/STM32/STM32Cube_FW_F7_V1.8.0/Drivers/STM32F7xx_HAL_Driver/Src/stm32f7xx_hal_pwr_ex.c"
Finished building: C:/PM/PM/STM32/STM32Cube_FW_F7_V1.8.0/Drivers/STM32F7xx_HAL_Driver/Src/stm32f7xx_hal_pwr_ex.c
 
Building file: C:/PM/PM/STM32/STM32Cube_FW_F7_V1.8.0/Drivers/STM32F7xx_HAL_Driver/Src/stm32f7xx_hal_rcc.c
Invoking: MCU GCC Compiler
C:\PM\PM\STM32\STM32Cube_FW_F7_V1.8.0\Projects\STM32F767ZI-Nucleo\Examples\UART\UART_Printf\SW4STM32\STM32F767ZI-Nucleo\Debug
arm-none-eabi-gcc -mcpu=cortex-m7 -mthumb -mfloat-abi=hard -mfpu=fpv5-sp-d16 -DUSE_HAL_DRIVER -DSTM32F767xx -DUSE_STM32F7XX_NUCLEO_144 -I"C:/PM/PM/STM32/STM32Cube_FW_F7_V1.8.0/Projects/STM32F767ZI-Nucleo/Examples/UART/UART_Printf/Inc" -I"C:/PM/PM/STM32/STM32Cube_FW_F7_V1.8.0/Drivers/CMSIS/Device/ST/STM32F7xx/Include" -I"C:/PM/PM/STM32/STM32Cube_FW_F7_V1.8.0/Drivers/CMSIS/Include" -I"C:/PM/PM/STM32/STM32Cube_FW_F7_V1.8.0/Drivers/STM32F7xx_HAL_Driver/Inc" -I"C:/PM/PM/STM32/STM32Cube_FW_F7_V1.8.0/Drivers/BSP/STM32F7xx_Nucleo_144" -I"C:/PM/PM/STM32/STM32Cube_FW_F7_V1.8.0/Drivers/BSP/Components/Common" -I"C:/PM/PM/STM32/STM32Cube_FW_F7_V1.8.0/Utilities/Log" -I"C:/PM/PM/STM32/STM32Cube_FW_F7_V1.8.0/Utilities/Fonts" -I"C:/PM/PM/STM32/STM32Cube_FW_F7_V1.8.0/Utilities/CPU"  -Os -g3 -Wall -fmessage-length=0 -ffunction-sections -c -fmessage-length=0 -MMD -MP -MF"Drivers/STM32F7xx_HAL_Driver/stm32f7xx_hal_rcc.d" -MT"Drivers/STM32F7xx_HAL_Driver/stm32f7xx_hal_rcc.o" -o "Drivers/STM32F7xx_HAL_Driver/stm32f7xx_hal_rcc.o" "C:/PM/PM/STM32/STM32Cube_FW_F7_V1.8.0/Drivers/STM32F7xx_HAL_Driver/Src/stm32f7xx_hal_rcc.c"
Finished building: C:/PM/PM/STM32/STM32Cube_FW_F7_V1.8.0/Drivers/STM32F7xx_HAL_Driver/Src/stm32f7xx_hal_rcc.c
 
Building file: C:/PM/PM/STM32/STM32Cube_FW_F7_V1.8.0/Drivers/STM32F7xx_HAL_Driver/Src/stm32f7xx_hal_rcc_ex.c
Invoking: MCU GCC Compiler
C:\PM\PM\STM32\STM32Cube_FW_F7_V1.8.0\Projects\STM32F767ZI-Nucleo\Examples\UART\UART_Printf\SW4STM32\STM32F767ZI-Nucleo\Debug
arm-none-eabi-gcc -mcpu=cortex-m7 -mthumb -mfloat-abi=hard -mfpu=fpv5-sp-d16 -DUSE_HAL_DRIVER -DSTM32F767xx -DUSE_STM32F7XX_NUCLEO_144 -I"C:/PM/PM/STM32/STM32Cube_FW_F7_V1.8.0/Projects/STM32F767ZI-Nucleo/Examples/UART/UART_Printf/Inc" -I"C:/PM/PM/STM32/STM32Cube_FW_F7_V1.8.0/Drivers/CMSIS/Device/ST/STM32F7xx/Include" -I"C:/PM/PM/STM32/STM32Cube_FW_F7_V1.8.0/Drivers/CMSIS/Include" -I"C:/PM/PM/STM32/STM32Cube_FW_F7_V1.8.0/Drivers/STM32F7xx_HAL_Driver/Inc" -I"C:/PM/PM/STM32/STM32Cube_FW_F7_V1.8.0/Drivers/BSP/STM32F7xx_Nucleo_144" -I"C:/PM/PM/STM32/STM32Cube_FW_F7_V1.8.0/Drivers/BSP/Components/Common" -I"C:/PM/PM/STM32/STM32Cube_FW_F7_V1.8.0/Utilities/Log" -I"C:/PM/PM/STM32/STM32Cube_FW_F7_V1.8.0/Utilities/Fonts" -I"C:/PM/PM/STM32/STM32Cube_FW_F7_V1.8.0/Utilities/CPU"  -Os -g3 -Wall -fmessage-length=0 -ffunction-sections -c -fmessage-length=0 -MMD -MP -MF"Drivers/STM32F7xx_HAL_Driver/stm32f7xx_hal_rcc_ex.d" -MT"Drivers/STM32F7xx_HAL_Driver/stm32f7xx_hal_rcc_ex.o" -o "Drivers/STM32F7xx_HAL_Driver/stm32f7xx_hal_rcc_ex.o" "C:/PM/PM/STM32/STM32Cube_FW_F7_V1.8.0/Drivers/STM32F7xx_HAL_Driver/Src/stm32f7xx_hal_rcc_ex.c"
Finished building: C:/PM/PM/STM32/STM32Cube_FW_F7_V1.8.0/Drivers/STM32F7xx_HAL_Driver/Src/stm32f7xx_hal_rcc_ex.c
 
Building file: C:/PM/PM/STM32/STM32Cube_FW_F7_V1.8.0/Drivers/STM32F7xx_HAL_Driver/Src/stm32f7xx_hal_rng.c
Invoking: MCU GCC Compiler
C:\PM\PM\STM32\STM32Cube_FW_F7_V1.8.0\Projects\STM32F767ZI-Nucleo\Examples\UART\UART_Printf\SW4STM32\STM32F767ZI-Nucleo\Debug
arm-none-eabi-gcc -mcpu=cortex-m7 -mthumb -mfloat-abi=hard -mfpu=fpv5-sp-d16 -DUSE_HAL_DRIVER -DSTM32F767xx -DUSE_STM32F7XX_NUCLEO_144 -I"C:/PM/PM/STM32/STM32Cube_FW_F7_V1.8.0/Projects/STM32F767ZI-Nucleo/Examples/UART/UART_Printf/Inc" -I"C:/PM/PM/STM32/STM32Cube_FW_F7_V1.8.0/Drivers/CMSIS/Device/ST/STM32F7xx/Include" -I"C:/PM/PM/STM32/STM32Cube_FW_F7_V1.8.0/Drivers/CMSIS/Include" -I"C:/PM/PM/STM32/STM32Cube_FW_F7_V1.8.0/Drivers/STM32F7xx_HAL_Driver/Inc" -I"C:/PM/PM/STM32/STM32Cube_FW_F7_V1.8.0/Drivers/BSP/STM32F7xx_Nucleo_144" -I"C:/PM/PM/STM32/STM32Cube_FW_F7_V1.8.0/Drivers/BSP/Components/Common" -I"C:/PM/PM/STM32/STM32Cube_FW_F7_V1.8.0/Utilities/Log" -I"C:/PM/PM/STM32/STM32Cube_FW_F7_V1.8.0/Utilities/Fonts" -I"C:/PM/PM/STM32/STM32Cube_FW_F7_V1.8.0/Utilities/CPU"  -Os -g3 -Wall -fmessage-length=0 -ffunction-sections -c -fmessage-length=0 -MMD -MP -MF"Drivers/STM32F7xx_HAL_Driver/stm32f7xx_hal_rng.d" -MT"Drivers/STM32F7xx_HAL_Driver/stm32f7xx_hal_rng.o" -o "Drivers/STM32F7xx_HAL_Driver/stm32f7xx_hal_rng.o" "C:/PM/PM/STM32/STM32Cube_FW_F7_V1.8.0/Drivers/STM32F7xx_HAL_Driver/Src/stm32f7xx_hal_rng.c"
Finished building: C:/PM/PM/STM32/STM32Cube_FW_F7_V1.8.0/Drivers/STM32F7xx_HAL_Driver/Src/stm32f7xx_hal_rng.c
 
Building file: C:/PM/PM/STM32/STM32Cube_FW_F7_V1.8.0/Drivers/STM32F7xx_HAL_Driver/Src/stm32f7xx_hal_tim_ex.c
Invoking: MCU GCC Compiler
C:\PM\PM\STM32\STM32Cube_FW_F7_V1.8.0\Projects\STM32F767ZI-Nucleo\Examples\UART\UART_Printf\SW4STM32\STM32F767ZI-Nucleo\Debug
arm-none-eabi-gcc -mcpu=cortex-m7 -mthumb -mfloat-abi=hard -mfpu=fpv5-sp-d16 -DUSE_HAL_DRIVER -DSTM32F767xx -DUSE_STM32F7XX_NUCLEO_144 -I"C:/PM/PM/STM32/STM32Cube_FW_F7_V1.8.0/Projects/STM32F767ZI-Nucleo/Examples/UART/UART_Printf/Inc" -I"C:/PM/PM/STM32/STM32Cube_FW_F7_V1.8.0/Drivers/CMSIS/Device/ST/STM32F7xx/Include" -I"C:/PM/PM/STM32/STM32Cube_FW_F7_V1.8.0/Drivers/CMSIS/Include" -I"C:/PM/PM/STM32/STM32Cube_FW_F7_V1.8.0/Drivers/STM32F7xx_HAL_Driver/Inc" -I"C:/PM/PM/STM32/STM32Cube_FW_F7_V1.8.0/Drivers/BSP/STM32F7xx_Nucleo_144" -I"C:/PM/PM/STM32/STM32Cube_FW_F7_V1.8.0/Drivers/BSP/Components/Common" -I"C:/PM/PM/STM32/STM32Cube_FW_F7_V1.8.0/Utilities/Log" -I"C:/PM/PM/STM32/STM32Cube_FW_F7_V1.8.0/Utilities/Fonts" -I"C:/PM/PM/STM32/STM32Cube_FW_F7_V1.8.0/Utilities/CPU"  -Os -g3 -Wall -fmessage-length=0 -ffunction-sections -c -fmessage-length=0 -MMD -MP -MF"Drivers/STM32F7xx_HAL_Driver/stm32f7xx_hal_tim_ex.d" -MT"Drivers/STM32F7xx_HAL_Driver/stm32f7xx_hal_tim_ex.o" -o "Drivers/STM32F7xx_HAL_Driver/stm32f7xx_hal_tim_ex.o" "C:/PM/PM/STM32/STM32Cube_FW_F7_V1.8.0/Drivers/STM32F7xx_HAL_Driver/Src/stm32f7xx_hal_tim_ex.c"
Finished building: C:/PM/PM/STM32/STM32Cube_FW_F7_V1.8.0/Drivers/STM32F7xx_HAL_Driver/Src/stm32f7xx_hal_tim_ex.c
 
Building file: C:/PM/PM/STM32/STM32Cube_FW_F7_V1.8.0/Drivers/STM32F7xx_HAL_Driver/Src/stm32f7xx_hal_uart.c
Invoking: MCU GCC Compiler
C:\PM\PM\STM32\STM32Cube_FW_F7_V1.8.0\Projects\STM32F767ZI-Nucleo\Examples\UART\UART_Printf\SW4STM32\STM32F767ZI-Nucleo\Debug
arm-none-eabi-gcc -mcpu=cortex-m7 -mthumb -mfloat-abi=hard -mfpu=fpv5-sp-d16 -DUSE_HAL_DRIVER -DSTM32F767xx -DUSE_STM32F7XX_NUCLEO_144 -I"C:/PM/PM/STM32/STM32Cube_FW_F7_V1.8.0/Projects/STM32F767ZI-Nucleo/Examples/UART/UART_Printf/Inc" -I"C:/PM/PM/STM32/STM32Cube_FW_F7_V1.8.0/Drivers/CMSIS/Device/ST/STM32F7xx/Include" -I"C:/PM/PM/STM32/STM32Cube_FW_F7_V1.8.0/Drivers/CMSIS/Include" -I"C:/PM/PM/STM32/STM32Cube_FW_F7_V1.8.0/Drivers/STM32F7xx_HAL_Driver/Inc" -I"C:/PM/PM/STM32/STM32Cube_FW_F7_V1.8.0/Drivers/BSP/STM32F7xx_Nucleo_144" -I"C:/PM/PM/STM32/STM32Cube_FW_F7_V1.8.0/Drivers/BSP/Components/Common" -I"C:/PM/PM/STM32/STM32Cube_FW_F7_V1.8.0/Utilities/Log" -I"C:/PM/PM/STM32/STM32Cube_FW_F7_V1.8.0/Utilities/Fonts" -I"C:/PM/PM/STM32/STM32Cube_FW_F7_V1.8.0/Utilities/CPU"  -Os -g3 -Wall -fmessage-length=0 -ffunction-sections -c -fmessage-length=0 -MMD -MP -MF"Drivers/STM32F7xx_HAL_Driver/stm32f7xx_hal_uart.d" -MT"Drivers/STM32F7xx_HAL_Driver/stm32f7xx_hal_uart.o" -o "Drivers/STM32F7xx_HAL_Driver/stm32f7xx_hal_uart.o" "C:/PM/PM/STM32/STM32Cube_FW_F7_V1.8.0/Drivers/STM32F7xx_HAL_Driver/Src/stm32f7xx_hal_uart.c"
Finished building: C:/PM/PM/STM32/STM32Cube_FW_F7_V1.8.0/Drivers/STM32F7xx_HAL_Driver/Src/stm32f7xx_hal_uart.c
 
Building file: C:/PM/PM/STM32/STM32Cube_FW_F7_V1.8.0/Projects/STM32F767ZI-Nucleo/Examples/UART/UART_Printf/Src/system_stm32f7xx.c
Invoking: MCU GCC Compiler
C:\PM\PM\STM32\STM32Cube_FW_F7_V1.8.0\Projects\STM32F767ZI-Nucleo\Examples\UART\UART_Printf\SW4STM32\STM32F767ZI-Nucleo\Debug
arm-none-eabi-gcc -mcpu=cortex-m7 -mthumb -mfloat-abi=hard -mfpu=fpv5-sp-d16 -DUSE_HAL_DRIVER -DSTM32F767xx -DUSE_STM32F7XX_NUCLEO_144 -I"C:/PM/PM/STM32/STM32Cube_FW_F7_V1.8.0/Projects/STM32F767ZI-Nucleo/Examples/UART/UART_Printf/Inc" -I"C:/PM/PM/STM32/STM32Cube_FW_F7_V1.8.0/Drivers/CMSIS/Device/ST/STM32F7xx/Include" -I"C:/PM/PM/STM32/STM32Cube_FW_F7_V1.8.0/Drivers/CMSIS/Include" -I"C:/PM/PM/STM32/STM32Cube_FW_F7_V1.8.0/Drivers/STM32F7xx_HAL_Driver/Inc" -I"C:/PM/PM/STM32/STM32Cube_FW_F7_V1.8.0/Drivers/BSP/STM32F7xx_Nucleo_144" -I"C:/PM/PM/STM32/STM32Cube_FW_F7_V1.8.0/Drivers/BSP/Components/Common" -I"C:/PM/PM/STM32/STM32Cube_FW_F7_V1.8.0/Utilities/Log" -I"C:/PM/PM/STM32/STM32Cube_FW_F7_V1.8.0/Utilities/Fonts" -I"C:/PM/PM/STM32/STM32Cube_FW_F7_V1.8.0/Utilities/CPU"  -Os -g3 -Wall -fmessage-length=0 -ffunction-sections -c -fmessage-length=0 -MMD -MP -MF"Drivers/CMSIS/system_stm32f7xx.d" -MT"Drivers/CMSIS/system_stm32f7xx.o" -o "Drivers/CMSIS/system_stm32f7xx.o" "C:/PM/PM/STM32/STM32Cube_FW_F7_V1.8.0/Projects/STM32F767ZI-Nucleo/Examples/UART/UART_Printf/Src/system_stm32f7xx.c"
Finished building: C:/PM/PM/STM32/STM32Cube_FW_F7_V1.8.0/Projects/STM32F767ZI-Nucleo/Examples/UART/UART_Printf/Src/system_stm32f7xx.c
 
Building file: C:/PM/PM/STM32/STM32Cube_FW_F7_V1.8.0/Drivers/BSP/STM32F7xx_Nucleo_144/stm32f7xx_nucleo_144.c
Invoking: MCU GCC Compiler
C:\PM\PM\STM32\STM32Cube_FW_F7_V1.8.0\Projects\STM32F767ZI-Nucleo\Examples\UART\UART_Printf\SW4STM32\STM32F767ZI-Nucleo\Debug
arm-none-eabi-gcc -mcpu=cortex-m7 -mthumb -mfloat-abi=hard -mfpu=fpv5-sp-d16 -DUSE_HAL_DRIVER -DSTM32F767xx -DUSE_STM32F7XX_NUCLEO_144 -I"C:/PM/PM/STM32/STM32Cube_FW_F7_V1.8.0/Projects/STM32F767ZI-Nucleo/Examples/UART/UART_Printf/Inc" -I"C:/PM/PM/STM32/STM32Cube_FW_F7_V1.8.0/Drivers/CMSIS/Device/ST/STM32F7xx/Include" -I"C:/PM/PM/STM32/STM32Cube_FW_F7_V1.8.0/Drivers/CMSIS/Include" -I"C:/PM/PM/STM32/STM32Cube_FW_F7_V1.8.0/Drivers/STM32F7xx_HAL_Driver/Inc" -I"C:/PM/PM/STM32/STM32Cube_FW_F7_V1.8.0/Drivers/BSP/STM32F7xx_Nucleo_144" -I"C:/PM/PM/STM32/STM32Cube_FW_F7_V1.8.0/Drivers/BSP/Components/Common" -I"C:/PM/PM/STM32/STM32Cube_FW_F7_V1.8.0/Utilities/Log" -I"C:/PM/PM/STM32/STM32Cube_FW_F7_V1.8.0/Utilities/Fonts" -I"C:/PM/PM/STM32/STM32Cube_FW_F7_V1.8.0/Utilities/CPU"  -Os -g3 -Wall -fmessage-length=0 -ffunction-sections -c -fmessage-length=0 -MMD -MP -MF"Drivers/BSP/STM32F767ZI-Nucleo/stm32f7xx_nucleo_144.d" -MT"Drivers/BSP/STM32F767ZI-Nucleo/stm32f7xx_nucleo_144.o" -o "Drivers/BSP/STM32F767ZI-Nucleo/stm32f7xx_nucleo_144.o" "C:/PM/PM/STM32/STM32Cube_FW_F7_V1.8.0/Drivers/BSP/STM32F7xx_Nucleo_144/stm32f7xx_nucleo_144.c"
Finished building: C:/PM/PM/STM32/STM32Cube_FW_F7_V1.8.0/Drivers/BSP/STM32F7xx_Nucleo_144/stm32f7xx_nucleo_144.c
 
Building target: STM32F767ZI-Nucleo.elf
Invoking: MCU GCC Linker
arm-none-eabi-gcc -mcpu=cortex-m7 -mthumb -mfloat-abi=hard -mfpu=fpv5-sp-d16 -specs=nosys.specs -specs=nano.specs -T"../STM32F767ZITx_FLASH.ld" -Wl,-Map=output.map -Wl,--gc-sections -o "STM32F767ZI-Nucleo.elf" @"objects.list"   -lm
Finished building target: STM32F767ZI-Nucleo.elf
 
make --no-print-directory post-build
Generating binary and Printing size information:
arm-none-eabi-objcopy -O binary "STM32F767ZI-Nucleo.elf" "STM32F767ZI-Nucleo.bin"
arm-none-eabi-size "STM32F767ZI-Nucleo.elf"
   text	   data	    bss	    dec	    hex	filename
  10484	    128	   1704	  12316	   301c	STM32F767ZI-Nucleo.elf
 

18:15:09 Build Finished (took 21s.819ms)

